build	Set up job	﻿2026-01-21T02:20:48.6483490Z Current runner version: '2.331.0'
build	Set up job	2026-01-21T02:20:48.6508618Z ##[group]Runner Image Provisioner
build	Set up job	2026-01-21T02:20:48.6509543Z Hosted Compute Agent
build	Set up job	2026-01-21T02:20:48.6510104Z Version: 20251211.462
build	Set up job	2026-01-21T02:20:48.6510779Z Commit: 6cbad8c2bb55d58165063d031ccabf57e2d2db61
build	Set up job	2026-01-21T02:20:48.6511486Z Build Date: 2025-12-11T16:28:49Z
build	Set up job	2026-01-21T02:20:48.6512153Z Worker ID: {5dcee7d7-1e28-4f25-97fe-94280d7fde30}
build	Set up job	2026-01-21T02:20:48.6512903Z ##[endgroup]
build	Set up job	2026-01-21T02:20:48.6513428Z ##[group]Operating System
build	Set up job	2026-01-21T02:20:48.6514006Z Ubuntu
build	Set up job	2026-01-21T02:20:48.6514437Z 24.04.3
build	Set up job	2026-01-21T02:20:48.6514968Z LTS
build	Set up job	2026-01-21T02:20:48.6515405Z ##[endgroup]
build	Set up job	2026-01-21T02:20:48.6515945Z ##[group]Runner Image
build	Set up job	2026-01-21T02:20:48.6516566Z Image: ubuntu-24.04
build	Set up job	2026-01-21T02:20:48.6517305Z Version: 20260111.209.1
build	Set up job	2026-01-21T02:20:48.6518295Z Included Software: https://github.com/actions/runner-images/blob/ubuntu24/20260111.209/images/ubuntu/Ubuntu2404-Readme.md
build	Set up job	2026-01-21T02:20:48.6519763Z Image Release: https://github.com/actions/runner-images/releases/tag/ubuntu24%2F20260111.209
build	Set up job	2026-01-21T02:20:48.6521043Z ##[endgroup]
build	Set up job	2026-01-21T02:20:48.6522218Z ##[group]GITHUB_TOKEN Permissions
build	Set up job	2026-01-21T02:20:48.6523982Z Contents: read
build	Set up job	2026-01-21T02:20:48.6524659Z Metadata: read
build	Set up job	2026-01-21T02:20:48.6525156Z Packages: read
build	Set up job	2026-01-21T02:20:48.6525696Z ##[endgroup]
build	Set up job	2026-01-21T02:20:48.6527902Z Secret source: Actions
build	Set up job	2026-01-21T02:20:48.6528675Z Prepare workflow directory
build	Set up job	2026-01-21T02:20:48.6855042Z Prepare all required actions
build	Set up job	2026-01-21T02:20:48.6892390Z Getting action download info
build	Set up job	2026-01-21T02:20:49.1364612Z Download action repository 'actions/checkout@v4' (SHA:34e114876b0b11c390a56381ad16ebd13914f8d5)
build	Set up job	2026-01-21T02:20:49.2563579Z Download action repository 'actions/setup-java@v4' (SHA:c1e323688fd81a25caa38c78aa6df2d33d3e20d9)
build	Set up job	2026-01-21T02:20:50.2314211Z Download action repository 'android-actions/setup-android@v3' (SHA:9fc6c4e9069bf8d3d10b2204b1fb8f6ef7065407)
build	Set up job	2026-01-21T02:20:50.9561682Z Download action repository 'gradle/actions@v4' (SHA:748248ddd2a24f49513d8f472f81c3a07d4d50e1)
build	Set up job	2026-01-21T02:20:52.4446072Z Download action repository 'actions/upload-artifact@v4' (SHA:ea165f8d65b6e75b540449e92b4886f43607fa02)
build	Set up job	2026-01-21T02:20:52.6659840Z Complete job name: build
build	Run actions/checkout@v4	﻿2026-01-21T02:20:52.7327922Z ##[group]Run actions/checkout@v4
build	Run actions/checkout@v4	2026-01-21T02:20:52.7328618Z with:
build	Run actions/checkout@v4	2026-01-21T02:20:52.7328951Z   repository: QuinnRuth/android_arm_controller
build	Run actions/checkout@v4	2026-01-21T02:20:52.7329494Z   token: ***
build	Run actions/checkout@v4	2026-01-21T02:20:52.7329792Z   ssh-strict: true
build	Run actions/checkout@v4	2026-01-21T02:20:52.7330031Z   ssh-user: git
build	Run actions/checkout@v4	2026-01-21T02:20:52.7330386Z   persist-credentials: true
build	Run actions/checkout@v4	2026-01-21T02:20:52.7330709Z   clean: true
build	Run actions/checkout@v4	2026-01-21T02:20:52.7330965Z   sparse-checkout-cone-mode: true
build	Run actions/checkout@v4	2026-01-21T02:20:52.7331326Z   fetch-depth: 1
build	Run actions/checkout@v4	2026-01-21T02:20:52.7331584Z   fetch-tags: false
build	Run actions/checkout@v4	2026-01-21T02:20:52.7331906Z   show-progress: true
build	Run actions/checkout@v4	2026-01-21T02:20:52.7332131Z   lfs: false
build	Run actions/checkout@v4	2026-01-21T02:20:52.7332444Z   submodules: false
build	Run actions/checkout@v4	2026-01-21T02:20:52.7332686Z   set-safe-directory: true
build	Run actions/checkout@v4	2026-01-21T02:20:52.7333247Z ##[endgroup]
build	Run actions/checkout@v4	2026-01-21T02:20:52.8393189Z Syncing repository: QuinnRuth/android_arm_controller
build	Run actions/checkout@v4	2026-01-21T02:20:52.8395150Z ##[group]Getting Git version info
build	Run actions/checkout@v4	2026-01-21T02:20:52.8395838Z Working directory is '/home/runner/work/android_arm_controller/android_arm_controller'
build	Run actions/checkout@v4	2026-01-21T02:20:52.8397070Z [command]/usr/bin/git version
build	Run actions/checkout@v4	2026-01-21T02:20:52.8488965Z git version 2.52.0
build	Run actions/checkout@v4	2026-01-21T02:20:52.8514521Z ##[endgroup]
build	Run actions/checkout@v4	2026-01-21T02:20:52.8534683Z Temporarily overriding HOME='/home/runner/work/_temp/bd809aeb-15b2-4867-b7b9-053dea03f234' before making global git config changes
build	Run actions/checkout@v4	2026-01-21T02:20:52.8535558Z Adding repository directory to the temporary git global config as a safe directory
build	Run actions/checkout@v4	2026-01-21T02:20:52.8541289Z [command]/usr/bin/git config --global --add safe.directory /home/runner/work/android_arm_controller/android_arm_controller
build	Run actions/checkout@v4	2026-01-21T02:20:52.8581432Z Deleting the contents of '/home/runner/work/android_arm_controller/android_arm_controller'
build	Run actions/checkout@v4	2026-01-21T02:20:52.8584825Z ##[group]Initializing the repository
build	Run actions/checkout@v4	2026-01-21T02:20:52.8589331Z [command]/usr/bin/git init /home/runner/work/android_arm_controller/android_arm_controller
build	Run actions/checkout@v4	2026-01-21T02:20:52.8709123Z hint: Using 'master' as the name for the initial branch. This default branch name
build	Run actions/checkout@v4	2026-01-21T02:20:52.8710148Z hint: will change to "main" in Git 3.0. To configure the initial branch name
build	Run actions/checkout@v4	2026-01-21T02:20:52.8710774Z hint: to use in all of your new repositories, which will suppress this warning,
build	Run actions/checkout@v4	2026-01-21T02:20:52.8711258Z hint: call:
build	Run actions/checkout@v4	2026-01-21T02:20:52.8711471Z hint:
build	Run actions/checkout@v4	2026-01-21T02:20:52.8712105Z hint: 	git config --global init.defaultBranch <name>
build	Run actions/checkout@v4	2026-01-21T02:20:52.8712516Z hint:
build	Run actions/checkout@v4	2026-01-21T02:20:52.8712844Z hint: Names commonly chosen instead of 'master' are 'main', 'trunk' and
build	Run actions/checkout@v4	2026-01-21T02:20:52.8713628Z hint: 'development'. The just-created branch can be renamed via this command:
build	Run actions/checkout@v4	2026-01-21T02:20:52.8714394Z hint:
build	Run actions/checkout@v4	2026-01-21T02:20:52.8714820Z hint: 	git branch -m <name>
build	Run actions/checkout@v4	2026-01-21T02:20:52.8715359Z hint:
build	Run actions/checkout@v4	2026-01-21T02:20:52.8716003Z hint: Disable this message with "git config set advice.defaultBranchName false"
build	Run actions/checkout@v4	2026-01-21T02:20:52.8717440Z Initialized empty Git repository in /home/runner/work/android_arm_controller/android_arm_controller/.git/
build	Run actions/checkout@v4	2026-01-21T02:20:52.8726518Z [command]/usr/bin/git remote add origin https://github.com/QuinnRuth/android_arm_controller
build	Run actions/checkout@v4	2026-01-21T02:20:52.8759752Z ##[endgroup]
build	Run actions/checkout@v4	2026-01-21T02:20:52.8760527Z ##[group]Disabling automatic garbage collection
build	Run actions/checkout@v4	2026-01-21T02:20:52.8764753Z [command]/usr/bin/git config --local gc.auto 0
build	Run actions/checkout@v4	2026-01-21T02:20:52.8791616Z ##[endgroup]
build	Run actions/checkout@v4	2026-01-21T02:20:52.8792112Z ##[group]Setting up auth
build	Run actions/checkout@v4	2026-01-21T02:20:52.8800019Z [command]/usr/bin/git config --local --name-only --get-regexp core\.sshCommand
build	Run actions/checkout@v4	2026-01-21T02:20:52.8829558Z [command]/usr/bin/git submodule foreach --recursive sh -c "git config --local --name-only --get-regexp 'core\.sshCommand' && git config --local --unset-all 'core.sshCommand' || :"
build	Run actions/checkout@v4	2026-01-21T02:20:52.9203240Z [command]/usr/bin/git config --local --name-only --get-regexp http\.https\:\/\/github\.com\/\.extraheader
build	Run actions/checkout@v4	2026-01-21T02:20:52.9233021Z [command]/usr/bin/git submodule foreach --recursive sh -c "git config --local --name-only --get-regexp 'http\.https\:\/\/github\.com\/\.extraheader' && git config --local --unset-all 'http.https://github.com/.extraheader' || :"
build	Run actions/checkout@v4	2026-01-21T02:20:52.9450465Z [command]/usr/bin/git config --local --name-only --get-regexp ^includeIf\.gitdir:
build	Run actions/checkout@v4	2026-01-21T02:20:52.9481702Z [command]/usr/bin/git submodule foreach --recursive git config --local --show-origin --name-only --get-regexp remote.origin.url
build	Run actions/checkout@v4	2026-01-21T02:20:52.9700856Z [command]/usr/bin/git config --local http.https://github.com/.extraheader AUTHORIZATION: basic ***
build	Run actions/checkout@v4	2026-01-21T02:20:52.9734598Z ##[endgroup]
build	Run actions/checkout@v4	2026-01-21T02:20:52.9808364Z ##[group]Fetching the repository
build	Run actions/checkout@v4	2026-01-21T02:20:52.9810214Z [command]/usr/bin/git -c protocol.version=2 fetch --no-tags --prune --no-recurse-submodules --depth=1 origin +8e1d511e2576bd804cfc98d16e7922fae91e18bf:refs/remotes/origin/main
build	Run actions/checkout@v4	2026-01-21T02:20:55.1185213Z From https://github.com/QuinnRuth/android_arm_controller
build	Run actions/checkout@v4	2026-01-21T02:20:55.1186347Z  * [new ref]         8e1d511e2576bd804cfc98d16e7922fae91e18bf -> origin/main
build	Run actions/checkout@v4	2026-01-21T02:20:55.1218239Z ##[endgroup]
build	Run actions/checkout@v4	2026-01-21T02:20:55.1218991Z ##[group]Determining the checkout info
build	Run actions/checkout@v4	2026-01-21T02:20:55.1221328Z ##[endgroup]
build	Run actions/checkout@v4	2026-01-21T02:20:55.1226449Z [command]/usr/bin/git sparse-checkout disable
build	Run actions/checkout@v4	2026-01-21T02:20:55.1269728Z [command]/usr/bin/git config --local --unset-all extensions.worktreeConfig
build	Run actions/checkout@v4	2026-01-21T02:20:55.1294351Z ##[group]Checking out the ref
build	Run actions/checkout@v4	2026-01-21T02:20:55.1300224Z [command]/usr/bin/git checkout --progress --force -B main refs/remotes/origin/main
build	Run actions/checkout@v4	2026-01-21T02:20:55.2080394Z Switched to a new branch 'main'
build	Run actions/checkout@v4	2026-01-21T02:20:55.2082337Z branch 'main' set up to track 'origin/main'.
build	Run actions/checkout@v4	2026-01-21T02:20:55.2090071Z ##[endgroup]
build	Run actions/checkout@v4	2026-01-21T02:20:55.2129484Z [command]/usr/bin/git log -1 --format=%H
build	Run actions/checkout@v4	2026-01-21T02:20:55.2152024Z 8e1d511e2576bd804cfc98d16e7922fae91e18bf
build	Set up JDK 17	﻿2026-01-21T02:20:55.2402580Z ##[group]Run actions/setup-java@v4
build	Set up JDK 17	2026-01-21T02:20:55.2402891Z with:
build	Set up JDK 17	2026-01-21T02:20:55.2403063Z   java-version: 17
build	Set up JDK 17	2026-01-21T02:20:55.2403258Z   distribution: temurin
build	Set up JDK 17	2026-01-21T02:20:55.2403456Z   java-package: jdk
build	Set up JDK 17	2026-01-21T02:20:55.2403653Z   check-latest: false
build	Set up JDK 17	2026-01-21T02:20:55.2403834Z   server-id: github
build	Set up JDK 17	2026-01-21T02:20:55.2404025Z   server-username: GITHUB_ACTOR
build	Set up JDK 17	2026-01-21T02:20:55.2404259Z   server-password: GITHUB_TOKEN
build	Set up JDK 17	2026-01-21T02:20:55.2404481Z   overwrite-settings: true
build	Set up JDK 17	2026-01-21T02:20:55.2404704Z   job-status: success
build	Set up JDK 17	2026-01-21T02:20:55.2405013Z   token: ***
build	Set up JDK 17	2026-01-21T02:20:55.2405194Z ##[endgroup]
build	Set up JDK 17	2026-01-21T02:20:55.4346334Z ##[group]Installed distributions
build	Set up JDK 17	2026-01-21T02:20:55.4680938Z Resolved Java 17.0.17+10 from tool-cache
build	Set up JDK 17	2026-01-21T02:20:55.4682526Z Setting Java 17.0.17+10 as the default
build	Set up JDK 17	2026-01-21T02:20:55.4694869Z Creating toolchains.xml for JDK version 17 from temurin
build	Set up JDK 17	2026-01-21T02:20:55.4770806Z Writing to /home/runner/.m2/toolchains.xml
build	Set up JDK 17	2026-01-21T02:20:55.4771697Z 
build	Set up JDK 17	2026-01-21T02:20:55.4771968Z Java configuration:
build	Set up JDK 17	2026-01-21T02:20:55.4772856Z   Distribution: temurin
build	Set up JDK 17	2026-01-21T02:20:55.4773240Z   Version: 17.0.17+10
build	Set up JDK 17	2026-01-21T02:20:55.4774115Z   Path: /opt/hostedtoolcache/Java_Temurin-Hotspot_jdk/17.0.17-10/x64
build	Set up JDK 17	2026-01-21T02:20:55.4774680Z 
build	Set up JDK 17	2026-01-21T02:20:55.4775120Z ##[endgroup]
build	Set up JDK 17	2026-01-21T02:20:55.4790983Z Creating settings.xml with server-id: github
build	Set up JDK 17	2026-01-21T02:20:55.4798239Z Writing to /home/runner/.m2/settings.xml
build	Setup Android SDK	﻿2026-01-21T02:20:55.4924576Z ##[group]Run android-actions/setup-android@v3
build	Setup Android SDK	2026-01-21T02:20:55.4924891Z with:
build	Setup Android SDK	2026-01-21T02:20:55.4925084Z   cmdline-tools-version: 12266719
build	Setup Android SDK	2026-01-21T02:20:55.4925343Z   accept-android-sdk-licenses: true
build	Setup Android SDK	2026-01-21T02:20:55.4925620Z   log-accepted-android-sdk-licenses: true
build	Setup Android SDK	2026-01-21T02:20:55.4925896Z   packages: tools platform-tools
build	Setup Android SDK	2026-01-21T02:20:55.4926120Z env:
build	Setup Android SDK	2026-01-21T02:20:55.4926387Z   JAVA_HOME: /opt/hostedtoolcache/Java_Temurin-Hotspot_jdk/17.0.17-10/x64
build	Setup Android SDK	2026-01-21T02:20:55.4927071Z   JAVA_HOME_17_X64: /opt/hostedtoolcache/Java_Temurin-Hotspot_jdk/17.0.17-10/x64
build	Setup Android SDK	2026-01-21T02:20:55.4927451Z ##[endgroup]
build	Setup Android SDK	2026-01-21T02:20:55.5958113Z Found preinstalled sdkmanager in /usr/local/lib/android/sdk/cmdline-tools/latest with following source.properties:
build	Setup Android SDK	2026-01-21T02:20:55.5959476Z Pkg.Revision=12.0
build	Setup Android SDK	2026-01-21T02:20:55.5959766Z Pkg.Path=cmdline-tools;12.0
build	Setup Android SDK	2026-01-21T02:20:55.5960100Z Pkg.Desc=Android SDK Command-line Tools
build	Setup Android SDK	2026-01-21T02:20:55.5960346Z 
build	Setup Android SDK	2026-01-21T02:20:55.5960982Z Wrong version in preinstalled sdkmanager
build	Setup Android SDK	2026-01-21T02:20:55.5961869Z Downloading commandline tools from https://dl.google.com/android/repository/commandlinetools-linux-12266719_latest.zip
build	Setup Android SDK	2026-01-21T02:20:57.0066180Z [command]/usr/bin/unzip -o -q /home/runner/work/_temp/403da420-dc3d-4b4e-ba71-b1527724a10f
build	Setup Android SDK	2026-01-21T02:20:57.8189902Z Accepting Android SDK licenses
build	Setup Android SDK	2026-01-21T02:20:57.8196238Z [command]/usr/local/lib/android/sdk/cmdline-tools/16.0/bin/sdkmanager --licenses
build	Setup Android SDK	2026-01-21T02:21:00.8999190Z Loading local repository...                                                     
build	Setup Android SDK	2026-01-21T02:21:00.9000049Z [=========                              ] 25% Loading local repository...       
build	Setup Android SDK	2026-01-21T02:21:02.2333911Z [=========                              ] 25% Fetch remote repository...        
build	Setup Android SDK	2026-01-21T02:21:02.7468959Z [==========                             ] 26% Fetch remote repository...        
build	Setup Android SDK	2026-01-21T02:21:02.7469699Z [============                           ] 31% Fetch remote repository...        
build	Setup Android SDK	2026-01-21T02:21:02.7957229Z [============                           ] 32% Fetch remote repository...        
build	Setup Android SDK	2026-01-21T02:21:02.7963969Z [=============                          ] 33% Fetch remote repository...        
build	Setup Android SDK	2026-01-21T02:21:02.8098529Z [=============                          ] 35% Fetch remote repository...        
build	Setup Android SDK	2026-01-21T02:21:02.8099297Z [==============                         ] 36% Fetch remote repository...        
build	Setup Android SDK	2026-01-21T02:21:02.8311064Z [==============                         ] 37% Fetch remote repository...        
build	Setup Android SDK	2026-01-21T02:21:02.8312439Z [===============                        ] 38% Fetch remote repository...        
build	Setup Android SDK	2026-01-21T02:21:02.8572457Z [===============                        ] 39% Fetch remote repository...        
build	Setup Android SDK	2026-01-21T02:21:02.8576510Z [================                       ] 40% Fetch remote repository...        
build	Setup Android SDK	2026-01-21T02:21:02.8876107Z [================                       ] 41% Fetch remote repository...        
build	Setup Android SDK	2026-01-21T02:21:02.8881506Z [================                       ] 42% Fetch remote repository...        
build	Setup Android SDK	2026-01-21T02:21:02.9078792Z [=================                      ] 44% Fetch remote repository...        
build	Setup Android SDK	2026-01-21T02:21:02.9082243Z [=================                      ] 45% Fetch remote repository...        
build	Setup Android SDK	2026-01-21T02:21:02.9244776Z [==================                     ] 46% Fetch remote repository...        
build	Setup Android SDK	2026-01-21T02:21:02.9246752Z [==================                     ] 47% Fetch remote repository...        
build	Setup Android SDK	2026-01-21T02:21:02.9449661Z [===================                    ] 48% Fetch remote repository...        
build	Setup Android SDK	2026-01-21T02:21:02.9451939Z [===================                    ] 49% Fetch remote repository...        
build	Setup Android SDK	2026-01-21T02:21:02.9642805Z [====================                   ] 50% Fetch remote repository...        
build	Setup Android SDK	2026-01-21T02:21:02.9643913Z [====================                   ] 51% Fetch remote repository...        
build	Setup Android SDK	2026-01-21T02:21:02.9796267Z [====================                   ] 53% Fetch remote repository...        
build	Setup Android SDK	2026-01-21T02:21:02.9812094Z [=====================                  ] 54% Fetch remote repository...        
build	Setup Android SDK	2026-01-21T02:21:02.9977210Z [=====================                  ] 55% Fetch remote repository...        
build	Setup Android SDK	2026-01-21T02:21:03.0001110Z [======================                 ] 56% Fetch remote repository...        
build	Setup Android SDK	2026-01-21T02:21:03.0198268Z [======================                 ] 57% Fetch remote repository...        
build	Setup Android SDK	2026-01-21T02:21:03.0203541Z [=======================                ] 58% Fetch remote repository...        
build	Setup Android SDK	2026-01-21T02:21:03.0390134Z [=======================                ] 59% Fetch remote repository...        
build	Setup Android SDK	2026-01-21T02:21:03.0394381Z [========================               ] 60% Fetch remote repository...        
build	Setup Android SDK	2026-01-21T02:21:03.0803479Z [========================               ] 61% Fetch remote repository...        
build	Setup Android SDK	2026-01-21T02:21:03.0808460Z [=========================              ] 63% Fetch remote repository...        
build	Setup Android SDK	2026-01-21T02:21:03.0993834Z [=========================              ] 64% Fetch remote repository...        
build	Setup Android SDK	2026-01-21T02:21:03.0997991Z [=========================              ] 65% Fetch remote repository...        
build	Setup Android SDK	2026-01-21T02:21:03.1378341Z [==========================             ] 66% Fetch remote repository...        
build	Setup Android SDK	2026-01-21T02:21:03.1379833Z [==========================             ] 67% Fetch remote repository...        
build	Setup Android SDK	2026-01-21T02:21:03.2299464Z [===========================            ] 68% Fetch remote repository...        
build	Setup Android SDK	2026-01-21T02:21:03.2300763Z [===========================            ] 69% Fetch remote repository...        
build	Setup Android SDK	2026-01-21T02:21:03.2911942Z [============================           ] 70% Fetch remote repository...        
build	Setup Android SDK	2026-01-21T02:21:03.2920075Z [============================           ] 72% Fetch remote repository...        
build	Setup Android SDK	2026-01-21T02:21:03.3218366Z [=============================          ] 73% Fetch remote repository...        
build	Setup Android SDK	2026-01-21T02:21:03.3221239Z [=============================          ] 74% Fetch remote repository...        
build	Setup Android SDK	2026-01-21T02:21:03.3331842Z [=============================          ] 75% Fetch remote repository...        
build	Setup Android SDK	2026-01-21T02:21:03.3414497Z [=============================          ] 75% Computing updates...              
build	Setup Android SDK	2026-01-21T02:21:03.3417163Z [=======================================] 100% Computing updates...             
build	Setup Android SDK	2026-01-21T02:21:03.3856552Z 6 of 7 SDK package licenses not accepted.
build	Setup Android SDK	2026-01-21T02:21:03.3860460Z Review licenses that have not been accepted (y/N)? 
build	Setup Android SDK	2026-01-21T02:21:03.3870877Z 1/6: License android-googletv-license:
build	Setup Android SDK	2026-01-21T02:21:03.3872465Z ---------------------------------------
build	Setup Android SDK	2026-01-21T02:21:03.3875816Z Terms and Conditions
build	Setup Android SDK	2026-01-21T02:21:03.3877398Z 
build	Setup Android SDK	2026-01-21T02:21:03.3878971Z This is the Google TV Add-on for the Android Software Development Kit License Agreement.
build	Setup Android SDK	2026-01-21T02:21:03.3880689Z 
build	Setup Android SDK	2026-01-21T02:21:03.3881922Z 1. Introduction
build	Setup Android SDK	2026-01-21T02:21:03.3883440Z 
build	Setup Android SDK	2026-01-21T02:21:03.3895262Z 1.1 The Google TV Add-on for the Android Software Development Kit (referred to in this License Agreement as the "Google TV Add-on" and specifically including the Android system files, packaged APIs, and Google APIs add-ons) is licensed to you subject to the terms of this License Agreement. This License Agreement forms a legally binding contract between you and Google in relation to your use of the Google TV Add-on.
build	Setup Android SDK	2026-01-21T02:21:03.3923172Z 
build	Setup Android SDK	2026-01-21T02:21:03.3924464Z 1.2 "Google" means Google Inc., a Delaware corporation with principal place of business at 1600 Amphitheatre Parkway, Mountain View, CA 94043, United States.
build	Setup Android SDK	2026-01-21T02:21:03.3928807Z 
build	Setup Android SDK	2026-01-21T02:21:03.3929202Z 2. Accepting this License Agreement
build	Setup Android SDK	2026-01-21T02:21:03.3929808Z 
build	Setup Android SDK	2026-01-21T02:21:03.3930883Z 2.1 In order to use the Google TV Add-on, you must first agree to this License Agreement. You may not use the Google TV Add-on if you do not accept this License Agreement.
build	Setup Android SDK	2026-01-21T02:21:03.3932107Z 
build	Setup Android SDK	2026-01-21T02:21:03.3932515Z 2.2 You can accept this License Agreement by:
build	Setup Android SDK	2026-01-21T02:21:03.3933411Z 
build	Setup Android SDK	2026-01-21T02:21:03.3934082Z (A) clicking to accept or agree to this License Agreement, where this option is made available to you; or
build	Setup Android SDK	2026-01-21T02:21:03.3935008Z 
build	Setup Android SDK	2026-01-21T02:21:03.3941460Z (B) by actually using the Google TV Add-on. In this case, you agree that use of the Google TV Add-on constitutes acceptance of the License Agreement from that point onwards.
build	Setup Android SDK	2026-01-21T02:21:03.3942915Z 
build	Setup Android SDK	2026-01-21T02:21:03.3944624Z 2.3 You may not use the Google TV Add-on and may not accept the Licensing Agreement if you are a person barred from receiving the Google TV Add-on under the laws of the United States or other countries including the country in which you are resident or from which you use the Google TV Add-on.
build	Setup Android SDK	2026-01-21T02:21:03.3947688Z 
build	Setup Android SDK	2026-01-21T02:21:03.3950297Z 2.4 If you are agreeing to be bound by this License Agreement on behalf of your employer or other entity, you represent and warrant that you have full legal authority to bind your employer or such entity to this License Agreement. If you do not have the requisite authority, you may not accept the Licensing Agreement or use the Google TV Add-on on behalf of your employer or other entity.
build	Setup Android SDK	2026-01-21T02:21:03.3953062Z 
build	Setup Android SDK	2026-01-21T02:21:03.3953426Z 3. Google TV Add-on License from Google
build	Setup Android SDK	2026-01-21T02:21:03.3953851Z 
build	Setup Android SDK	2026-01-21T02:21:03.3997546Z 3.1 Subject to the terms of this License Agreement, Google grants you a limited, worldwide, royalty-free, non- assignable and non-exclusive license to use the Google TV Add-on solely to develop applications to run on the Google TV platform.
build	Setup Android SDK	2026-01-21T02:21:03.3999191Z 
build	Setup Android SDK	2026-01-21T02:21:03.4001662Z 3.2 You agree that Google or third parties own all legal right, title and interest in and to the Google TV Add-on, including any Intellectual Property Rights that subsist in the Google TV Add-on. "Intellectual Property Rights" means any and all rights under patent law, copyright law, trade secret law, trademark law, and any and all other proprietary rights. Google reserves all rights not expressly granted to you.
build	Setup Android SDK	2026-01-21T02:21:03.4004282Z 
build	Setup Android SDK	2026-01-21T02:21:03.4014164Z 3.3 Except to the extent required by applicable third party licenses, you may not copy (except for backup purposes), modify, adapt, redistribute, decompile, reverse engineer, disassemble, or create derivative works of the Google TV Add-on or any part of the Google TV Add-on. Except to the extent required by applicable third party licenses, you may not load any part of the Google TV Add-on onto a mobile handset, television, or any other hardware device except a personal computer, combine any part of the Google TV Add-on with other software, or distribute any software or device incorporating a part of the Google TV Add-on.
build	Setup Android SDK	2026-01-21T02:21:03.4018397Z 
build	Setup Android SDK	2026-01-21T02:21:03.4019648Z 3.4 Use, reproduction and distribution of components of the Google TV Add-on licensed under an open source software license are governed solely by the terms of that open source software license and not this License Agreement.
build	Setup Android SDK	2026-01-21T02:21:03.4021080Z 
build	Setup Android SDK	2026-01-21T02:21:03.4023913Z 3.5 You agree that the form and nature of the Google TV Add-on that Google provides may change without prior notice to you and that future versions of the Google TV Add-on may be incompatible with applications developed on previous versions of the Google TV Add-on. You agree that Google may stop (permanently or temporarily) providing the Google TV Add-on (or any features within the Google TV Add-on) to you or to users generally at Google's sole discretion, without prior notice to you.
build	Setup Android SDK	2026-01-21T02:21:03.4027766Z 
build	Setup Android SDK	2026-01-21T02:21:03.4031962Z 3.6 Nothing in this License Agreement gives you a right to use any of Google's or it’s licensors’ trade names, trademarks, service marks, logos, domain names, or other distinctive brand features.
build	Setup Android SDK	2026-01-21T02:21:03.4033207Z 
build	Setup Android SDK	2026-01-21T02:21:03.4034298Z 3.7 You agree that you will not remove, obscure, or alter any proprietary rights notices (including copyright and trademark notices) that may be affixed to or contained within the Google TV Add-on.
build	Setup Android SDK	2026-01-21T02:21:03.4036144Z 
build	Setup Android SDK	2026-01-21T02:21:03.4036412Z 4. Use of the Google TV Add-on by You
build	Setup Android SDK	2026-01-21T02:21:03.4036723Z 
build	Setup Android SDK	2026-01-21T02:21:03.4038721Z 4.1 Google agrees that it obtains no right, title or interest from you (or your licensors) under this License Agreement in or to any software applications that you develop using the Google TV Add-on, including any intellectual property rights that subsist in those applications.
build	Setup Android SDK	2026-01-21T02:21:03.4044481Z 
build	Setup Android SDK	2026-01-21T02:21:03.4046621Z 4.2 You agree to use the Google TV Add-on and write applications only for purposes that are permitted by (a) this License Agreement and (b) any applicable law, regulation or generally accepted practices or guidelines in the relevant jurisdictions (including any laws regarding the export of data or software to and from the United States or other relevant countries).
build	Setup Android SDK	2026-01-21T02:21:03.4049009Z 
build	Setup Android SDK	2026-01-21T02:21:03.4053667Z 4.3 You agree that if you use the Google TV Add-on to develop applications for general public users, you will protect the privacy and legal rights of those users. If the users provide you with user names, passwords, or other login information or personal information, your must make the users aware that the information will be available to your application, and you must provide legally adequate privacy notice and protection for those users. If your application stores personal or sensitive information provided by users, it must do so securely. If the user provides your application with Google Account information, your application may only use that information to access the user's Google Account when, and for the limited purposes for which, the user has given you explicit permission to do so.
build	Setup Android SDK	2026-01-21T02:21:03.4058649Z 
build	Setup Android SDK	2026-01-21T02:21:03.4061023Z 4.4 You agree that you will not engage in any activity with the Google TV Add-on, including the development or distribution of an application, that interferes with, disrupts, damages, or accesses in an unauthorized manner the servers, networks, or other properties or services of any third party including, but not limited to, Google, Multichannel Video Program Distributors or any mobile communications carrier.
build	Setup Android SDK	2026-01-21T02:21:03.4063552Z 
build	Setup Android SDK	2026-01-21T02:21:03.4065662Z 4.5 You agree that you are solely responsible for (and that Google has no responsibility to you or to any third party for) any data, content, or resources that you create, transmit or display through the Google TV platform and/or applications for the Google TV platform, and for the consequences of your actions (including any loss or damage which Google may suffer) by doing so.
build	Setup Android SDK	2026-01-21T02:21:03.4072221Z 
build	Setup Android SDK	2026-01-21T02:21:03.4074562Z 4.6 You agree that you are solely responsible for (and that Google has no responsibility to you or to any third party for) any breach of your obligations under this License Agreement, any applicable third party contract or Terms of Service, or any applicable law or regulation, and for the consequences (including any loss or damage which Google or any third party may suffer) of any such breach.
build	Setup Android SDK	2026-01-21T02:21:03.4077198Z 
build	Setup Android SDK	2026-01-21T02:21:03.4077357Z 5. Your Developer Credentials
build	Setup Android SDK	2026-01-21T02:21:03.4077624Z 
build	Setup Android SDK	2026-01-21T02:21:03.4080982Z 5.1 You agree that you are responsible for maintaining the confidentiality of any developer credentials that may be issued to you by Google or which you may choose yourself and that you will be solely responsible for all applications that are developed under your developer credentials.
build	Setup Android SDK	2026-01-21T02:21:03.4082823Z 
build	Setup Android SDK	2026-01-21T02:21:03.4082981Z 6. Privacy and Information
build	Setup Android SDK	2026-01-21T02:21:03.4083227Z 
build	Setup Android SDK	2026-01-21T02:21:03.4086252Z 6.1 In order to continually innovate and improve the Google TV Add-on, Google may collect certain usage statistics from the software including but not limited to a unique identifier, associated IP address, version number of the software, and information on which tools and/or services in the Google TV Add-on are being used and how they are being used. Before any of this information is collected, the Google TV Add-on will notify you and seek your consent. If you withhold consent, the information will not be collected.
build	Setup Android SDK	2026-01-21T02:21:03.4089873Z 
build	Setup Android SDK	2026-01-21T02:21:03.4090637Z 6.2 The data collected is examined in the aggregate to improve the Google TV Add-on and is maintained in accordance with Google's Privacy Policy.
build	Setup Android SDK	2026-01-21T02:21:03.4091588Z 
build	Setup Android SDK	2026-01-21T02:21:03.4091824Z 7. Third Party Applications for the Google TV Platform
build	Setup Android SDK	2026-01-21T02:21:03.4092233Z 
build	Setup Android SDK	2026-01-21T02:21:03.4095741Z 7.1 If you use the Google TV Add-on to run applications developed by a third party or that access data, content or resources provided by a third party, you agree that Google is not responsible for those applications, data, content, or resources. You understand that all data, content or resources which you may access through such third party applications are the sole responsibility of the person from which they originated and that Google is not liable for any loss or damage that you may experience as a result of the use or access of any of those third party applications, data, content, or resources.
build	Setup Android SDK	2026-01-21T02:21:03.4099629Z 
build	Setup Android SDK	2026-01-21T02:21:03.4102372Z 7.2 You should be aware the data, content, and resources presented to you through such a third party application may be protected by intellectual property rights which are owned by the providers (or by other persons or companies on their behalf). You may not modify, rent, lease, loan, sell, distribute or create derivative works based on these data, content, or resources (either in whole or in part) unless you have been specifically given permission to do so by the relevant owners.
build	Setup Android SDK	2026-01-21T02:21:03.4105278Z 
build	Setup Android SDK	2026-01-21T02:21:03.4106788Z 7.3 You acknowledge that your use of such third party applications, data, content, or resources may be subject to separate terms between you and the relevant third party. In that case, this License Agreement does not affect your legal relationship with these third parties.
build	Setup Android SDK	2026-01-21T02:21:03.4109732Z 
build	Setup Android SDK	2026-01-21T02:21:03.4109888Z 8. Using Google TV APIs
build	Setup Android SDK	2026-01-21T02:21:03.4110110Z 
build	Setup Android SDK	2026-01-21T02:21:03.4114805Z 8.1 If you use any Google TV API to retrieve data from Google, you acknowledge that the data (“Google TV API Content”) may be protected by intellectual property rights which are owned by Google or those parties that provide the data (or by other persons or companies on their behalf). Your use of any such API may be subject to additional Terms of Service. You may not modify, rent, lease, loan, sell, distribute or create derivative works based on this data (either in whole or in part) unless allowed by the relevant Terms of Service. Some portions of the Google TV API Content are licensed to Google by third parties, including but not limited to Tribune Media Services
build	Setup Android SDK	2026-01-21T02:21:03.4119246Z 
build	Setup Android SDK	2026-01-21T02:21:03.4120645Z 8.2 If you use any API to retrieve a user's data from Google, you acknowledge and agree that you shall retrieve data only with the user's explicit consent and only when, and for the limited purposes for which, the user has given you permission to do so.
build	Setup Android SDK	2026-01-21T02:21:03.4122410Z 
build	Setup Android SDK	2026-01-21T02:21:03.4122896Z 8.3 Except as explicitly permitted in Section 3 (Google TV Add-on License from Google), you must:
build	Setup Android SDK	2026-01-21T02:21:03.4123543Z 
build	Setup Android SDK	2026-01-21T02:21:03.4124526Z (a) not modify nor format the Google TV API Content except to the extent reasonably and technically necessary to optimize the display such Google TV API Content in your application;
build	Setup Android SDK	2026-01-21T02:21:03.4125699Z 
build	Setup Android SDK	2026-01-21T02:21:03.4126814Z (b) not edit the Google TV API Content in a manner that renders the Google TV API Content inaccurate of alters its inherent meaning (provided that displaying excerpts will not violate the foregoing); or
build	Setup Android SDK	2026-01-21T02:21:03.4128260Z 
build	Setup Android SDK	2026-01-21T02:21:03.4128741Z (c) not create any commercial audience measurement tool or service using the Google TV API Content
build	Setup Android SDK	2026-01-21T02:21:03.4129395Z 
build	Setup Android SDK	2026-01-21T02:21:03.4129550Z 9. Terminating this License Agreement
build	Setup Android SDK	2026-01-21T02:21:03.4129859Z 
build	Setup Android SDK	2026-01-21T02:21:03.4130561Z 9.1 This License Agreement will continue to apply until terminated by either you or Google as set out below.
build	Setup Android SDK	2026-01-21T02:21:03.4131271Z 
build	Setup Android SDK	2026-01-21T02:21:03.4132013Z 9.2 If you want to terminate this License Agreement, you may do so by ceasing your use of the Google TV Add-on and any relevant developer credentials.
build	Setup Android SDK	2026-01-21T02:21:03.4132943Z 
build	Setup Android SDK	2026-01-21T02:21:03.4133244Z 9.3 Google may at any time, terminate this License Agreement with you if:
build	Setup Android SDK	2026-01-21T02:21:03.4133722Z 
build	Setup Android SDK	2026-01-21T02:21:03.4134004Z (A) you have breached any provision of this License Agreement; or
build	Setup Android SDK	2026-01-21T02:21:03.4134438Z 
build	Setup Android SDK	2026-01-21T02:21:03.4134598Z (B) Google is required to do so by law; or
build	Setup Android SDK	2026-01-21T02:21:03.4134912Z 
build	Setup Android SDK	2026-01-21T02:21:03.4135984Z (C) the partner with whom Google offered certain parts of Google TV Add-on (such as APIs) to you has terminated its relationship with Google or ceased to offer certain parts of the Google TV Add-on to you; or
build	Setup Android SDK	2026-01-21T02:21:03.4137444Z 
build	Setup Android SDK	2026-01-21T02:21:03.4139305Z (D) Google decides to no longer providing the Google TV Add-on or certain parts of the Google TV Add-on to users in the country in which you are resident or from which you use the service, or the provision of the Google TV Add-on or certain Google TV Add-on services to you by Google is, in Google's sole discretion, no longer commercially viable.
build	Setup Android SDK	2026-01-21T02:21:03.4141338Z 
build	Setup Android SDK	2026-01-21T02:21:03.4143866Z 9.4 When this License Agreement comes to an end, all of the legal rights, obligations and liabilities that you and Google have benefited from, been subject to (or which have accrued over time whilst this License Agreement has been in force) or which are expressed to continue indefinitely, shall be unaffected by this cessation, and the provisions of paragraph 14.7 shall continue to apply to such rights, obligations and liabilities indefinitely.
build	Setup Android SDK	2026-01-21T02:21:03.4146259Z 
build	Setup Android SDK	2026-01-21T02:21:03.4146357Z 10. DISCLAIMER OF WARRANTIES
build	Setup Android SDK	2026-01-21T02:21:03.4146567Z 
build	Setup Android SDK	2026-01-21T02:21:03.4147357Z 10.1 YOU EXPRESSLY UNDERSTAND AND AGREE THAT YOUR USE OF THE GOOGLE TV ADD-ON IS AT YOUR SOLE RISK AND THAT THE GOOGLE TV ADD-ON IS PROVIDED "AS IS" AND "AS AVAILABLE" WITHOUT WARRANTY OF ANY KIND FROM GOOGLE.
build	Setup Android SDK	2026-01-21T02:21:03.4148046Z 
build	Setup Android SDK	2026-01-21T02:21:03.4148902Z 10.2 YOUR USE OF THE GOOGLE TV ADD-ON AND ANY MATERIAL DOWNLOADED OR OTHERWISE OBTAINED THROUGH THE USE OF THE GOOGLE TV ADD-ON IS AT YOUR OWN DISCRETION AND RISK AND YOU ARE SOLELY RESPONSIBLE FOR ANY DAMAGE TO YOUR COMPUTER SYSTEM OR OTHER DEVICE OR LOSS OF DATA THAT RESULTS FROM SUCH USE.
build	Setup Android SDK	2026-01-21T02:21:03.4150021Z 
build	Setup Android SDK	2026-01-21T02:21:03.4150805Z 10.3 GOOGLE FURTHER EXPRESSLY DISCLAIMS ALL WARRANTIES AND CONDITIONS OF ANY KIND, WHETHER EXPRESS OR IMPLIED, INCLUDING, BUT NOT LIMITED TO THE IMPLIED WARRANTIES AND CONDITIONS OF MERCHANTABILITY, FITNESS FOR A PARTICULAR PURPOSE AND NON-INFRINGEMENT.
build	Setup Android SDK	2026-01-21T02:21:03.4151670Z 
build	Setup Android SDK	2026-01-21T02:21:03.4151757Z 11. LIMITATION OF LIABILITY
build	Setup Android SDK	2026-01-21T02:21:03.4151894Z 
build	Setup Android SDK	2026-01-21T02:21:03.4153236Z 11.1 YOU EXPRESSLY UNDERSTAND AND AGREE THAT GOOGLE, ITS SUBSIDIARIES AND AFFILIATES, AND ITS LICENSORS SHALL NOT BE LIABLE TO YOU UNDER ANY THEORY OF LIABILITY FOR ANY DIRECT, INDIRECT, INCIDENTAL, SPECIAL CONSEQUENTIAL OR EXEMPLARY DAMAGES THAT MAY BE INCURRED BY YOU, INCLUDING ANY LOSS OF DATA, WHETHER OR NOT GOOGLE OR ITS REPRESENTATIVES HAVE BEEN ADVISED OF OR SHOULD HAVE BEEN AWARE OF THE POSSIBILITY OF ANY SUCH LOSSES ARISING.
build	Setup Android SDK	2026-01-21T02:21:03.4154670Z 
build	Setup Android SDK	2026-01-21T02:21:03.4154740Z 12. Indemnification
build	Setup Android SDK	2026-01-21T02:21:03.4154850Z 
build	Setup Android SDK	2026-01-21T02:21:03.4157396Z 12.1 To the maximum extent permitted by law, you agree to defend, indemnify and hold harmless Google, its affiliates and their respective directors, officers, employees and agents from and against any and all claims, actions, suits or proceedings, as well as any and all losses, liabilities, damages, costs and expenses (including reasonable attorneys fees) arising out of or accruing from (a) your use of the Google TV Add-on, (b) any application you develop on the Google TV Add-on that infringes any copyright, trademark, trade secret, trade dress, patent or other intellectual property right of any person or defames any person or violates their rights of publicity or privacy, and (c) any non-compliance by you with this License Agreement.
build	Setup Android SDK	2026-01-21T02:21:03.4159938Z 
build	Setup Android SDK	2026-01-21T02:21:03.4160027Z 13. Changes to the License Agreement
build	Setup Android SDK	2026-01-21T02:21:03.4160190Z 
build	Setup Android SDK	2026-01-21T02:21:03.4160470Z 13.1 Google may make changes to the License Agreement as it distributes new versions of the Google TV Add-on.
build	Setup Android SDK	2026-01-21T02:21:03.4160861Z 
build	Setup Android SDK	2026-01-21T02:21:03.4160935Z 14. General Legal Terms
build	Setup Android SDK	2026-01-21T02:21:03.4161059Z 
build	Setup Android SDK	2026-01-21T02:21:03.4162065Z 14.1 This License Agreement constitute the whole legal agreement between you and Google and govern your use of the Google TV Add-on (excluding any services which Google may provide to you under a separate written agreement), and completely replace any prior agreements between you and Google in relation to the Google TV Add-on.
build	Setup Android SDK	2026-01-21T02:21:03.4163149Z 
build	Setup Android SDK	2026-01-21T02:21:03.4164105Z 14.2 You agree that if Google does not exercise or enforce any legal right or remedy which is contained in this License Agreement (or which Google has the benefit of under any applicable law), this will not be taken to be a formal waiver of Google's rights and that those rights or remedies will still be available to Google.
build	Setup Android SDK	2026-01-21T02:21:03.4165136Z 
build	Setup Android SDK	2026-01-21T02:21:03.4166185Z 14.3 If any court of law, having the jurisdiction to decide on this matter, rules that any provision of this License Agreement is invalid, then that provision will be removed from this License Agreement without affecting the rest of this License Agreement. The remaining provisions of this License Agreement will continue to be valid and enforceable.
build	Setup Android SDK	2026-01-21T02:21:03.4167525Z 
build	Setup Android SDK	2026-01-21T02:21:03.4169335Z 14.4 You acknowledge and agree that Google’s API data licensors and each member of the group of companies of which Google is the parent shall be third party beneficiaries to this License Agreement and that such other companies shall be entitled to directly enforce, and rely upon, any provision of this License Agreement that confers a benefit on (or rights in favor of) them. Other than this, no other person or company shall be third party beneficiaries to this License Agreement.
build	Setup Android SDK	2026-01-21T02:21:03.4170929Z 
build	Setup Android SDK	2026-01-21T02:21:03.4171811Z 14.5 EXPORT RESTRICTIONS. THE GOOGLE TV ADD-ON IS SUBJECT TO UNITED STATES EXPORT LAWS AND REGULATIONS. YOU MUST COMPLY WITH ALL DOMESTIC AND INTERNATIONAL EXPORT LAWS AND REGULATIONS THAT APPLY TO THE GOOGLE TV ADD-ON. THESE LAWS INCLUDE RESTRICTIONS ON DESTINATIONS, END USERS AND END USE.
build	Setup Android SDK	2026-01-21T02:21:03.4172924Z 
build	Setup Android SDK	2026-01-21T02:21:03.4173971Z 14.6 The rights granted in this License Agreement may not be assigned or transferred by either you or Google without the prior written approval of the other party. Neither you nor Google shall be permitted to delegate their responsibilities or obligations under this License Agreement without the prior written approval of the other party.
build	Setup Android SDK	2026-01-21T02:21:03.4175099Z 
build	Setup Android SDK	2026-01-21T02:21:03.4177008Z 14.7 This License Agreement, and your relationship with Google under this License Agreement, shall be governed by the laws of the State of California without regard to its conflict of laws provisions. You and Google agree to submit to the exclusive jurisdiction of the courts located within the county of Santa Clara, California to resolve any legal matter arising from this License Agreement. Notwithstanding this, you agree that Google shall still be allowed to apply for injunctive remedies (or an equivalent type of urgent legal relief) in any jurisdiction.
build	Setup Android SDK	2026-01-21T02:21:03.4178844Z 
build	Setup Android SDK	2026-01-21T02:21:03.4178849Z 
build	Setup Android SDK	2026-01-21T02:21:03.4178920Z August 15, 2011
build	Setup Android SDK	2026-01-21T02:21:03.4179099Z ---------------------------------------
build	Setup Android SDK	2026-01-21T02:21:03.4179349Z Accept? (y/N): 
build	Setup Android SDK	2026-01-21T02:21:03.4179541Z 2/6: License android-googlexr-license:
build	Setup Android SDK	2026-01-21T02:21:03.4179789Z ---------------------------------------
build	Setup Android SDK	2026-01-21T02:21:03.4180834Z To get started with the Android XR Emulator System Image SDK, you must agree to the following terms and conditions. As described below, please note that this is a preview, emulated version of the Android XR OS, subject to change, that you use at your own risk.
build	Setup Android SDK	2026-01-21T02:21:03.4181697Z 
build	Setup Android SDK	2026-01-21T02:21:03.4181850Z This is the Android XR Emulator System Image SDK License Agreement
build	Setup Android SDK	2026-01-21T02:21:03.4182105Z 
build	Setup Android SDK	2026-01-21T02:21:03.4182171Z 1. Introduction
build	Setup Android SDK	2026-01-21T02:21:03.4182269Z 
build	Setup Android SDK	2026-01-21T02:21:03.4183657Z 1.1 The Android Android XR Emulator System Image SDK (referred to in the License Agreement as the "SDK" and specifically including the Android system files,, packaged APIs, library files (if and when they are made available), and Google applications and APIs add-ons) is licensed to you subject to the terms of the License Agreement. The License Agreement forms a legally binding contract between you and Google in relation to your use of the SDK.
build	Setup Android SDK	2026-01-21T02:21:03.4185120Z 
build	Setup Android SDK	2026-01-21T02:21:03.4185767Z 1.2 "Android" means the Android software stack for devices, as made available under the Android Open Source Project, which is located at the following URL: https://source.android.com/, as updated from time to time.
build	Setup Android SDK	2026-01-21T02:21:03.4186499Z 
build	Setup Android SDK	2026-01-21T02:21:03.4187228Z 1.3 "Google" means Google LLC, organized under the laws of the State of Delaware, USA, and operating under the laws of the USA with principal place of business at 1600 Amphitheatre Parkway, Mountain View, CA 94043, USA.
build	Setup Android SDK	2026-01-21T02:21:03.4187994Z 
build	Setup Android SDK	2026-01-21T02:21:03.4188080Z 2. Accepting this License Agreement
build	Setup Android SDK	2026-01-21T02:21:03.4188241Z 
build	Setup Android SDK	2026-01-21T02:21:03.4188623Z 2.1 In order to use the SDK, you must first agree to the License Agreement. You may not use the SDK if you do not accept the License Agreement.
build	Setup Android SDK	2026-01-21T02:21:03.4189101Z 
build	Setup Android SDK	2026-01-21T02:21:03.4189361Z 2.2 By clicking to accept and/or using this SDK, you hereby agree to the terms of the License Agreement.
build	Setup Android SDK	2026-01-21T02:21:03.4189714Z 
build	Setup Android SDK	2026-01-21T02:21:03.4190447Z 2.3 You may not use the SDK and may not accept the License Agreement if you are a person barred from receiving the SDK under the laws of the United States or other countries, including the country in which you are resident or from which you use the SDK.
build	Setup Android SDK	2026-01-21T02:21:03.4191273Z 
build	Setup Android SDK	2026-01-21T02:21:03.4192379Z 2.4 If you are agreeing to be bound by the License Agreement on behalf of your employer or other entity, you represent and warrant that you have full legal authority to bind your employer or such entity to the License Agreement. If you do not have the requisite authority, you may not accept the License Agreement or use the SDK on behalf of your employer or other entity.
build	Setup Android SDK	2026-01-21T02:21:03.4193707Z 
build	Setup Android SDK	2026-01-21T02:21:03.4193786Z 3. SDK License from Google
build	Setup Android SDK	2026-01-21T02:21:03.4193929Z 
build	Setup Android SDK	2026-01-21T02:21:03.4194626Z 3.1 Subject to the terms of the License Agreement, Google grants you a limited, worldwide, royalty-free, non-assignable, non-exclusive, and non-sublicensable license to use the SDK solely to develop applications for Android XR.
build	Setup Android SDK	2026-01-21T02:21:03.4195419Z 
build	Setup Android SDK	2026-01-21T02:21:03.4196071Z 3.2 You may not use this SDK to develop applications for other platforms or to develop another SDK. You are of course free to develop applications for other platforms provided that this SDK is not used for that purpose.
build	Setup Android SDK	2026-01-21T02:21:03.4196804Z 
build	Setup Android SDK	2026-01-21T02:21:03.4198225Z 3.3 You agree that Google or third parties own all legal right, title and interest in and to the SDK, including any Intellectual Property Rights that subsist in the SDK. "Intellectual Property Rights" means any and all rights under patent law, copyright law, trade secret law, trademark law, and any and all other proprietary rights. Google reserves all rights not expressly granted to you.
build	Setup Android SDK	2026-01-21T02:21:03.4199538Z 
build	Setup Android SDK	2026-01-21T02:21:03.4201349Z 3.4 You may not use the SDK for any purpose not expressly permitted by the License Agreement. Except to the extent required by applicable third party licenses, you may not (a) copy (except for backup purposes), modify, adapt, redistribute, decompile, reverse engineer, disassemble, or create derivative works of the SDK or any part of the SDK; or (b) load any part of the SDK onto a mobile handset or any other hardware device except a personal computer, combine any part of the SDK with other software, or distribute any software or device incorporating a part of the SDK.
build	Setup Android SDK	2026-01-21T02:21:03.4203335Z 
build	Setup Android SDK	2026-01-21T02:21:03.4204625Z 3.5 Use, reproduction and distribution of components of the SDK licensed under an open source software license are governed solely by the terms of that open source software license and not the License Agreement. You agree to remain a licensee in good standing in regard to such open source software licenses under all the rights granted and to refrain from any actions that may terminate, suspend, or breach such rights.
build	Setup Android SDK	2026-01-21T02:21:03.4206013Z 
build	Setup Android SDK	2026-01-21T02:21:03.4207484Z 3.6 You agree that the form and nature of the SDK that Google provides may change without prior notice to you and that future versions of the SDK may be incompatible with applications developed on previous versions of the SDK. You agree that Google may stop (permanently or temporarily) providing the SDK (or any features within the SDK) to you or to users generally at Google's sole discretion, without prior notice to you.
build	Setup Android SDK	2026-01-21T02:21:03.4208877Z 
build	Setup Android SDK	2026-01-21T02:21:03.4209368Z 3.7 Nothing in the License Agreement gives you a right to use any of Google's trade names, trademarks, service marks, logos, domain names, or other distinctive brand features.
build	Setup Android SDK	2026-01-21T02:21:03.4209961Z 
build	Setup Android SDK	2026-01-21T02:21:03.4210504Z 3.8 You agree that you will not remove, obscure, or alter any proprietary rights notices (including copyright and trademark notices) that may be affixed to or contained within the SDK.
build	Setup Android SDK	2026-01-21T02:21:03.4211134Z 
build	Setup Android SDK	2026-01-21T02:21:03.4211207Z 4. Use of the SDK by You
build	Setup Android SDK	2026-01-21T02:21:03.4211342Z 
build	Setup Android SDK	2026-01-21T02:21:03.4212141Z 4.1 Google agrees that it obtains no right, title or interest from you (or your licensors) under the License Agreement in or to any software applications that you develop using the SDK, including any intellectual property rights that subsist in those applications.
build	Setup Android SDK	2026-01-21T02:21:03.4213023Z 
build	Setup Android SDK	2026-01-21T02:21:03.4214114Z 4.2 You agree to use the SDK and write applications only for purposes that are permitted by (a) the License Agreement and (b) any applicable law, regulation or generally accepted practices or guidelines in the relevant jurisdictions (including any laws regarding the export of data or software to and from the United States or other relevant countries).
build	Setup Android SDK	2026-01-21T02:21:03.4215406Z 
build	Setup Android SDK	2026-01-21T02:21:03.4218034Z 4.3 You agree that if you use the SDK to develop applications for general public users, you will protect the privacy and legal rights of those users. If the users provide you with user names, passwords, or other login information or personal information, you must make the users aware that the information will be available to your application, and you must provide legally adequate privacy notice and protection for those users. If your application stores personal or sensitive information provided by users, it must do so securely. If the user provides your application with Google Account information, your application may only use that information to access the user's Google Account when, and for the limited purposes for which, the user has given you permission to do so.
build	Setup Android SDK	2026-01-21T02:21:03.4220584Z 
build	Setup Android SDK	2026-01-21T02:21:03.4221690Z 4.4 You agree that you will not engage in any activity with the SDK, including the development or distribution of an application, that interferes with, disrupts, damages, or accesses in an unauthorized manner the servers, networks, or other properties or services of any third party including, but not limited to, Google or any mobile communications carrier.
build	Setup Android SDK	2026-01-21T02:21:03.4222894Z 
build	Setup Android SDK	2026-01-21T02:21:03.4223952Z 4.5 You agree that you are solely responsible for (and that Google has no responsibility to you or to any third party for) any data, content, or resources that you create, transmit or display through Android and/or applications for Android, and for the consequences of your actions (including any loss or damage which Google may suffer) by doing so.
build	Setup Android SDK	2026-01-21T02:21:03.4225273Z 
build	Setup Android SDK	2026-01-21T02:21:03.4226473Z 4.6 You agree that you are solely responsible for (and that Google has no responsibility to you or to any third party for) any breach of your obligations under the License Agreement, any applicable third party contract or Terms of Service, or any applicable law or regulation, and for the consequences (including any loss or damage which Google or any third party may suffer) of any such breach.
build	Setup Android SDK	2026-01-21T02:21:03.4227884Z 
build	Setup Android SDK	2026-01-21T02:21:03.4228782Z 4.7 The SDK is in development, and your testing and feedback are an important part of the development process. By using the SDK, you acknowledge that implementation of some features are still under development and that you should not rely on the SDK having the full functionality of a stable release.
build	Setup Android SDK	2026-01-21T02:21:03.4229781Z 
build	Setup Android SDK	2026-01-21T02:21:03.4229866Z 5. Your Developer Credentials
build	Setup Android SDK	2026-01-21T02:21:03.4230012Z 
build	Setup Android SDK	2026-01-21T02:21:03.4230880Z 5.1 You agree that you are responsible for maintaining the confidentiality of any developer credentials that may be issued to you by Google or which you may choose yourself and that you will be solely responsible for all applications that are developed under your developer credentials.
build	Setup Android SDK	2026-01-21T02:21:03.4231832Z 
build	Setup Android SDK	2026-01-21T02:21:03.4231910Z 6. Privacy and Information
build	Setup Android SDK	2026-01-21T02:21:03.4232067Z 
build	Setup Android SDK	2026-01-21T02:21:03.4233696Z 6.1 In order to continually innovate and improve the SDK, Google may collect certain usage statistics from the software including but not limited to a unique identifier, associated IP address, version number of the software, and information on which tools and/or services in the SDK are being used and how they are being used. Before any of this information is collected, the SDK will notify you and seek your consent. If you withhold consent, the information will not be collected.
build	Setup Android SDK	2026-01-21T02:21:03.4235916Z 
build	Setup Android SDK	2026-01-21T02:21:03.4236543Z 6.2 The data collected is examined in the aggregate to improve the SDK and is maintained in accordance with Google's Privacy Policy, which is located at the following URL: https://policies.google.com/privacy
build	Setup Android SDK	2026-01-21T02:21:03.4237458Z 
build	Setup Android SDK	2026-01-21T02:21:03.4237732Z 6.3 Anonymized and aggregated sets of the data may be shared with Google partners to improve the SDK.
build	Setup Android SDK	2026-01-21T02:21:03.4238089Z 
build	Setup Android SDK	2026-01-21T02:21:03.4238171Z 7. Third Party Applications
build	Setup Android SDK	2026-01-21T02:21:03.4238472Z 
build	Setup Android SDK	2026-01-21T02:21:03.4240290Z 7.1 If you use the SDK to run applications developed by a third party or that access data, content or resources provided by a third party, you agree that Google is not responsible for those applications, data, content, or resources. You understand that all data, content or resources which you may access through such third party applications are the sole responsibility of the person from which they originated and that Google is not liable for any loss or damage that you may experience as a result of the use or access of any of those third party applications, data, content, or resources.
build	Setup Android SDK	2026-01-21T02:21:03.4242191Z 
build	Setup Android SDK	2026-01-21T02:21:03.4243688Z 7.2 You should be aware that the data, content, and resources presented to you through such a third party application may be protected by intellectual property rights which are owned by the providers (or by other persons or companies on their behalf). You may not modify, rent, lease, loan, sell, distribute or create derivative works based on these data, content, or resources (either in whole or in part) unless you have been specifically given permission to do so by the relevant owners.
build	Setup Android SDK	2026-01-21T02:21:03.4245281Z 
build	Setup Android SDK	2026-01-21T02:21:03.4246082Z 7.3 You acknowledge that your use of such third party applications, data, content, or resources may be subject to separate terms between you and the relevant third party. In that case, the License Agreement does not affect your legal relationship with these third parties.
build	Setup Android SDK	2026-01-21T02:21:03.4247361Z 
build	Setup Android SDK	2026-01-21T02:21:03.4247457Z 8. Using Android APIs
build	Setup Android SDK	2026-01-21T02:21:03.4247584Z 
build	Setup Android SDK	2026-01-21T02:21:03.4247651Z 8.1 Google Data APIs
build	Setup Android SDK	2026-01-21T02:21:03.4247769Z 
build	Setup Android SDK	2026-01-21T02:21:03.4249295Z 8.1.1 If you use any API to retrieve data from Google, you acknowledge that the data may be protected by intellectual property rights which are owned by Google or those parties that provide the data (or by other persons or companies on their behalf). Your use of any such API may be subject to additional Terms of Service. You may not modify, rent, lease, loan, sell, distribute or create derivative works based on this data (either in whole or in part) unless allowed by the relevant Terms of Service.
build	Setup Android SDK	2026-01-21T02:21:03.4250907Z 
build	Setup Android SDK	2026-01-21T02:21:03.4253540Z 8.1.2 If you use any API to retrieve a user's data from Google, you acknowledge and agree that you shall retrieve data only with the user's explicit consent and only when, and for the limited purposes for which, the user has given you permission to do so. If you use the Android Recognition Service API, documented at the following URL: https://developer.android.com/reference/android/speech/RecognitionService, as updated from time to time, you acknowledge that the use of the API is subject to the Data Processing Addendum for Products where Google is a Data Processor, which is located at the following URL: https://privacy.google.com/businesses/gdprprocessorterms/, as updated from time to time. By clicking to accept, you hereby agree to the terms of the Data Processing Addendum for Products where Google is a Data Processor.
build	Setup Android SDK	2026-01-21T02:21:03.4256271Z 
build	Setup Android SDK	2026-01-21T02:21:03.4256364Z 9. Terminating this License Agreement
build	Setup Android SDK	2026-01-21T02:21:03.4256532Z 
build	Setup Android SDK	2026-01-21T02:21:03.4256968Z 9.1 The License Agreement will continue to apply until terminated by either you or Google as set out below.
build	Setup Android SDK	2026-01-21T02:21:03.4257369Z 
build	Setup Android SDK	2026-01-21T02:21:03.4257723Z 9.2 If you want to terminate the License Agreement, you may do so by ceasing your use of the SDK and any relevant developer credentials.
build	Setup Android SDK	2026-01-21T02:21:03.4258192Z 
build	Setup Android SDK	2026-01-21T02:21:03.4260165Z 9.3 Google may at any time, terminate the License Agreement with you if: (A) you have breached any provision of the License Agreement; or (B) Google is required to do so by law; or (C) the partner with whom Google offered certain parts of SDK (such as APIs) to you has terminated its relationship with Google or ceased to offer certain parts of the SDK to you; or (D) Google decides to no longer provide the SDK or certain parts of the SDK to users in the country in which you are resident or from which you use the service, or the provision of the SDK or certain SDK services to you by Google is, in Google's sole discretion, no longer commercially viable.
build	Setup Android SDK	2026-01-21T02:21:03.4262346Z 
build	Setup Android SDK	2026-01-21T02:21:03.4263714Z 9.4 When the License Agreement comes to an end, all of the legal rights, obligations and liabilities that you and Google have benefited from, been subject to (or which have accrued over time whilst the License Agreement has been in force) or which are expressed to continue indefinitely, shall be unaffected by this cessation, and the provisions of paragraph 14.7 shall continue to apply to such rights, obligations and liabilities indefinitely.
build	Setup Android SDK	2026-01-21T02:21:03.4265175Z 
build	Setup Android SDK	2026-01-21T02:21:03.4265257Z 10. DISCLAIMER OF WARRANTIES
build	Setup Android SDK	2026-01-21T02:21:03.4265399Z 
build	Setup Android SDK	2026-01-21T02:21:03.4265895Z 10.1 YOU EXPRESSLY UNDERSTAND AND AGREE THAT YOUR USE OF THE SDK IS AT YOUR SOLE RISK AND THAT THE SDK IS PROVIDED "AS IS" AND "AS AVAILABLE" WITHOUT WARRANTY OF ANY KIND FROM GOOGLE.
build	Setup Android SDK	2026-01-21T02:21:03.4266492Z 
build	Setup Android SDK	2026-01-21T02:21:03.4267592Z 10.2 YOUR USE OF THE SDK AND ANY MATERIAL DOWNLOADED OR OTHERWISE OBTAINED THROUGH THE USE OF THE SDK IS AT YOUR OWN DISCRETION AND RISK AND YOU ARE SOLELY RESPONSIBLE FOR ANY DAMAGE TO YOUR COMPUTER SYSTEM OR OTHER DEVICE OR LOSS OF DATA THAT RESULTS FROM SUCH USE.
build	Setup Android SDK	2026-01-21T02:21:03.4268493Z 
build	Setup Android SDK	2026-01-21T02:21:03.4269269Z 10.3 GOOGLE FURTHER EXPRESSLY DISCLAIMS ALL WARRANTIES AND CONDITIONS OF ANY KIND, WHETHER EXPRESS OR IMPLIED, INCLUDING, BUT NOT LIMITED TO THE IMPLIED WARRANTIES AND CONDITIONS OF MERCHANTABILITY, FITNESS FOR A PARTICULAR PURPOSE AND NON-INFRINGEMENT.
build	Setup Android SDK	2026-01-21T02:21:03.4270282Z 
build	Setup Android SDK	2026-01-21T02:21:03.4270367Z 11. LIMITATION OF LIABILITY
build	Setup Android SDK	2026-01-21T02:21:03.4270504Z 
build	Setup Android SDK	2026-01-21T02:21:03.4271858Z 11.1 YOU EXPRESSLY UNDERSTAND AND AGREE THAT GOOGLE, ITS SUBSIDIARIES AND AFFILIATES, AND ITS LICENSORS SHALL NOT BE LIABLE TO YOU UNDER ANY THEORY OF LIABILITY FOR ANY DIRECT, INDIRECT, INCIDENTAL, SPECIAL, CONSEQUENTIAL OR EXEMPLARY DAMAGES THAT MAY BE INCURRED BY YOU, INCLUDING ANY LOSS OF DATA, WHETHER OR NOT GOOGLE OR ITS REPRESENTATIVES HAVE BEEN ADVISED OF OR SHOULD HAVE BEEN AWARE OF THE POSSIBILITY OF ANY SUCH LOSSES ARISING.
build	Setup Android SDK	2026-01-21T02:21:03.4273308Z 
build	Setup Android SDK	2026-01-21T02:21:03.4273377Z 12. Indemnification
build	Setup Android SDK	2026-01-21T02:21:03.4273487Z 
build	Setup Android SDK	2026-01-21T02:21:03.4275750Z 12.1 To the maximum extent permitted by law, you agree to defend, indemnify and hold harmless Google, its affiliates and their respective directors, officers, employees and agents from and against any and all claims, actions, suits or proceedings, as well as any and all losses, liabilities, damages, costs and expenses (including reasonable attorneys fees) arising out of or accruing from (a) your use of the SDK, (b) any application you develop on the SDK that infringes any copyright, trademark, trade secret, trade dress, patent or other intellectual property right of any person or defames any person or violates their rights of publicity or privacy, and (c) any non-compliance by you with the License Agreement.
build	Setup Android SDK	2026-01-21T02:21:03.4278270Z 
build	Setup Android SDK	2026-01-21T02:21:03.4278364Z 13. Changes to the License Agreement
build	Setup Android SDK	2026-01-21T02:21:03.4278527Z 
build	Setup Android SDK	2026-01-21T02:21:03.4279219Z 13.1 Google may make changes to the License Agreement as it distributes new versions of the SDK. When these changes are made, Google will make a new version of the License Agreement available on the website where the SDK is made available.
build	Setup Android SDK	2026-01-21T02:21:03.4280017Z 
build	Setup Android SDK	2026-01-21T02:21:03.4280087Z 14. General Legal Terms
build	Setup Android SDK	2026-01-21T02:21:03.4280207Z 
build	Setup Android SDK	2026-01-21T02:21:03.4281137Z 14.1 The License Agreement constitutes the whole legal agreement between you and Google and governs your use of the SDK (excluding any services which Google may provide to you under a separate written agreement), and completely replaces any prior agreements between you and Google in relation to the SDK.
build	Setup Android SDK	2026-01-21T02:21:03.4282149Z 
build	Setup Android SDK	2026-01-21T02:21:03.4283103Z 14.2 You agree that if Google does not exercise or enforce any legal right or remedy which is contained in the License Agreement (or which Google has the benefit of under any applicable law), this will not be taken to be a formal waiver of Google's rights and that those rights or remedies will still be available to Google.
build	Setup Android SDK	2026-01-21T02:21:03.4284272Z 
build	Setup Android SDK	2026-01-21T02:21:03.4285314Z 14.3 If any court of law, having the jurisdiction to decide on this matter, rules that any provision of the License Agreement is invalid, then that provision will be removed from the License Agreement without affecting the rest of the License Agreement. The remaining provisions of the License Agreement will continue to be valid and enforceable.
build	Setup Android SDK	2026-01-21T02:21:03.4286459Z 
build	Setup Android SDK	2026-01-21T02:21:03.4288050Z 14.4 You acknowledge and agree that each member of the group of companies of which Google is the parent shall be third party beneficiaries to the License Agreement and that such other companies shall be entitled to directly enforce, and rely upon, any provision of the License Agreement that confers a benefit on (or rights in favor of) them. Other than this, no other person or company shall be third party beneficiaries to the License Agreement.
build	Setup Android SDK	2026-01-21T02:21:03.4289521Z 
build	Setup Android SDK	2026-01-21T02:21:03.4290319Z 14.5 EXPORT RESTRICTIONS. THE SDK IS SUBJECT TO UNITED STATES EXPORT LAWS AND REGULATIONS. YOU MUST COMPLY WITH ALL DOMESTIC AND INTERNATIONAL EXPORT LAWS AND REGULATIONS THAT APPLY TO THE SDK. THESE LAWS INCLUDE RESTRICTIONS ON DESTINATIONS, END USERS AND END USE.
build	Setup Android SDK	2026-01-21T02:21:03.4291341Z 
build	Setup Android SDK	2026-01-21T02:21:03.4292387Z 14.6 The rights granted in the License Agreement may not be assigned or transferred by either you or Google without the prior written approval of the other party. Neither you nor Google shall be permitted to delegate their responsibilities or obligations under the License Agreement without the prior written approval of the other party.
build	Setup Android SDK	2026-01-21T02:21:03.4293524Z 
build	Setup Android SDK	2026-01-21T02:21:03.4295273Z 14.7 The License Agreement, and your relationship with Google under the License Agreement, shall be governed by the laws of the State of California without regard to its conflict of laws provisions. You and Google agree to submit to the exclusive jurisdiction of the courts located within the county of Santa Clara, California to resolve any legal matter arising from the License Agreement. Notwithstanding this, you agree that Google shall still be allowed to apply for injunctive remedies (or an equivalent type of urgent legal relief) in any jurisdiction.
build	Setup Android SDK	2026-01-21T02:21:03.4297341Z ---------------------------------------
build	Setup Android SDK	2026-01-21T02:21:03.4297574Z Accept? (y/N): 
build	Setup Android SDK	2026-01-21T02:21:03.4297785Z 3/6: License android-sdk-arm-dbt-license:
build	Setup Android SDK	2026-01-21T02:21:03.4298036Z ---------------------------------------
build	Setup Android SDK	2026-01-21T02:21:03.4298260Z Terms and Conditions
build	Setup Android SDK	2026-01-21T02:21:03.4298377Z 
build	Setup Android SDK	2026-01-21T02:21:03.4298524Z This is the Android Software Development Kit License Agreement
build	Setup Android SDK	2026-01-21T02:21:03.4298768Z 
build	Setup Android SDK	2026-01-21T02:21:03.4298832Z 1. Introduction
build	Setup Android SDK	2026-01-21T02:21:03.4298940Z 
build	Setup Android SDK	2026-01-21T02:21:03.4300062Z 1.1 The Android Software Development Kit (referred to in the License Agreement as the "SDK" and specifically including the Android system files, packaged APIs, and Google APIs add-ons) is licensed to you subject to the terms of the License Agreement. The License Agreement forms a legally binding contract between you and Google in relation to your use of the SDK.
build	Setup Android SDK	2026-01-21T02:21:03.4301252Z 
build	Setup Android SDK	2026-01-21T02:21:03.4301880Z 1.2 "Android" means the Android software stack for devices, as made available under the Android Open Source Project, which is located at the following URL: http://source.android.com/, as updated from time to time.
build	Setup Android SDK	2026-01-21T02:21:03.4302607Z 
build	Setup Android SDK	2026-01-21T02:21:03.4303677Z 1.3 A "compatible implementation" means any Android device that (i) complies with the Android Compatibility Definition document, which can be found at the Android compatibility website (http://source.android.com/compatibility) and which may be updated from time to time; and (ii) successfully passes the Android Compatibility Test Suite (CTS).
build	Setup Android SDK	2026-01-21T02:21:03.4305008Z 
build	Setup Android SDK	2026-01-21T02:21:03.4305454Z 1.4 "Google" means Google Inc., a Delaware corporation with principal place of business at 1600 Amphitheatre Parkway, Mountain View, CA 94043, United States.
build	Setup Android SDK	2026-01-21T02:21:03.4305993Z 
build	Setup Android SDK	2026-01-21T02:21:03.4305997Z 
build	Setup Android SDK	2026-01-21T02:21:03.4306091Z 2. Accepting the License Agreement
build	Setup Android SDK	2026-01-21T02:21:03.4306248Z 
build	Setup Android SDK	2026-01-21T02:21:03.4306622Z 2.1 In order to use the SDK, you must first agree to the License Agreement. You may not use the SDK if you do not accept the License Agreement.
build	Setup Android SDK	2026-01-21T02:21:03.4307259Z 
build	Setup Android SDK	2026-01-21T02:21:03.4307456Z 2.2 By clicking to accept, you hereby agree to the terms of the License Agreement.
build	Setup Android SDK	2026-01-21T02:21:03.4307748Z 
build	Setup Android SDK	2026-01-21T02:21:03.4308490Z 2.3 You may not use the SDK and may not accept the License Agreement if you are a person barred from receiving the SDK under the laws of the United States or other countries, including the country in which you are resident or from which you use the SDK.
build	Setup Android SDK	2026-01-21T02:21:03.4309316Z 
build	Setup Android SDK	2026-01-21T02:21:03.4310418Z 2.4 If you are agreeing to be bound by the License Agreement on behalf of your employer or other entity, you represent and warrant that you have full legal authority to bind your employer or such entity to the License Agreement. If you do not have the requisite authority, you may not accept the License Agreement or use the SDK on behalf of your employer or other entity.
build	Setup Android SDK	2026-01-21T02:21:03.4311609Z 
build	Setup Android SDK	2026-01-21T02:21:03.4311734Z 
build	Setup Android SDK	2026-01-21T02:21:03.4311816Z 3. SDK License from Google
build	Setup Android SDK	2026-01-21T02:21:03.4311962Z 
build	Setup Android SDK	2026-01-21T02:21:03.4312746Z 3.1 Subject to the terms of the License Agreement, Google grants you a limited, worldwide, royalty-free, non-assignable, non-exclusive, and non-sublicensable license to use the SDK solely to develop applications for compatible implementations of Android.
build	Setup Android SDK	2026-01-21T02:21:03.4313619Z 
build	Setup Android SDK	2026-01-21T02:21:03.4314643Z 3.2 You may not use this SDK to develop applications for other platforms (including non-compatible implementations of Android) or to develop another SDK. You are of course free to develop applications for other platforms, including non-compatible implementations of Android, provided that this SDK is not used for that purpose.
build	Setup Android SDK	2026-01-21T02:21:03.4315758Z 
build	Setup Android SDK	2026-01-21T02:21:03.4317151Z 3.3 You agree that Google or third parties own all legal right, title and interest in and to the SDK, including any Intellectual Property Rights that subsist in the SDK. "Intellectual Property Rights" means any and all rights under patent law, copyright law, trade secret law, trademark law, and any and all other proprietary rights. Google reserves all rights not expressly granted to you.
build	Setup Android SDK	2026-01-21T02:21:03.4318456Z 
build	Setup Android SDK	2026-01-21T02:21:03.4319497Z 3.4 You may not use the SDK for any purpose not expressly permitted by the License Agreement. Except to the extent required by applicable third party licenses, you may not copy (except for backup purposes), modify, adapt, redistribute, decompile, reverse engineer, disassemble, or create derivative works of the SDK or any part of the SDK.
build	Setup Android SDK	2026-01-21T02:21:03.4320631Z 
build	Setup Android SDK	2026-01-21T02:21:03.4321290Z 3.5 Use, reproduction and distribution of components of the SDK licensed under an open source software license are governed solely by the terms of that open source software license and not the License Agreement.
build	Setup Android SDK	2026-01-21T02:21:03.4322026Z 
build	Setup Android SDK	2026-01-21T02:21:03.4323346Z 3.6 You agree that the form and nature of the SDK that Google provides may change without prior notice to you and that future versions of the SDK may be incompatible with applications developed on previous versions of the SDK. You agree that Google may stop (permanently or temporarily) providing the SDK (or any features within the SDK) to you or to users generally at Google's sole discretion, without prior notice to you.
build	Setup Android SDK	2026-01-21T02:21:03.4324748Z 
build	Setup Android SDK	2026-01-21T02:21:03.4325238Z 3.7 Nothing in the License Agreement gives you a right to use any of Google's trade names, trademarks, service marks, logos, domain names, or other distinctive brand features.
build	Setup Android SDK	2026-01-21T02:21:03.4326058Z 
build	Setup Android SDK	2026-01-21T02:21:03.4326594Z 3.8 You agree that you will not remove, obscure, or alter any proprietary rights notices (including copyright and trademark notices) that may be affixed to or contained within the SDK.
build	Setup Android SDK	2026-01-21T02:21:03.4327422Z 
build	Setup Android SDK	2026-01-21T02:21:03.4327428Z 
build	Setup Android SDK	2026-01-21T02:21:03.4327502Z 4. Use of the SDK by You
build	Setup Android SDK	2026-01-21T02:21:03.4327632Z 
build	Setup Android SDK	2026-01-21T02:21:03.4328832Z 4.1 Google agrees that it obtains no right, title or interest from you (or your licensors) under the License Agreement in or to any software applications that you develop using the SDK, including any intellectual property rights that subsist in those applications.
build	Setup Android SDK	2026-01-21T02:21:03.4330484Z 
build	Setup Android SDK	2026-01-21T02:21:03.4332452Z 4.2 You agree to use the SDK and write applications only for purposes that are permitted by (a) the License Agreement and (b) any applicable law, regulation or generally accepted practices or guidelines in the relevant jurisdictions (including any laws regarding the export of data or software to and from the United States or other relevant countries).
build	Setup Android SDK	2026-01-21T02:21:03.4334617Z 
build	Setup Android SDK	2026-01-21T02:21:03.4337740Z 4.3 You agree that if you use the SDK to develop applications for general public users, you will protect the privacy and legal rights of those users. If the users provide you with user names, passwords, or other login information or personal information, you must make the users aware that the information will be available to your application, and you must provide legally adequate privacy notice and protection for those users. If your application stores personal or sensitive information provided by users, it must do so securely. If the user provides your application with Google Account information, your application may only use that information to access the user's Google Account when, and for the limited purposes for which, the user has given you permission to do so.
build	Setup Android SDK	2026-01-21T02:21:03.4340603Z 
build	Setup Android SDK	2026-01-21T02:21:03.4341699Z 4.4 You agree that you will not engage in any activity with the SDK, including the development or distribution of an application, that interferes with, disrupts, damages, or accesses in an unauthorized manner the servers, networks, or other properties or services of any third party including, but not limited to, Google or any mobile communications carrier.
build	Setup Android SDK	2026-01-21T02:21:03.4342881Z 
build	Setup Android SDK	2026-01-21T02:21:03.4343927Z 4.5 You agree that you are solely responsible for (and that Google has no responsibility to you or to any third party for) any data, content, or resources that you create, transmit or display through Android and/or applications for Android, and for the consequences of your actions (including any loss or damage which Google may suffer) by doing so.
build	Setup Android SDK	2026-01-21T02:21:03.4345084Z 
build	Setup Android SDK	2026-01-21T02:21:03.4346270Z 4.6 You agree that you are solely responsible for (and that Google has no responsibility to you or to any third party for) any breach of your obligations under the License Agreement, any applicable third party contract or Terms of Service, or any applicable law or regulation, and for the consequences (including any loss or damage which Google or any third party may suffer) of any such breach.
build	Setup Android SDK	2026-01-21T02:21:03.4347790Z 
build	Setup Android SDK	2026-01-21T02:21:03.4349236Z 4.7 This software enables the execution of intellectual property owned by Arm Limited. You agree that your use of the software, that allows execution of ARM Instruction Set Architecture (“ISA”) compliant executables for application development and debug only on x86 desktop, laptop, customer on-premise servers, and customer-procured cloud-based environments.
build	Setup Android SDK	2026-01-21T02:21:03.4350473Z 
build	Setup Android SDK	2026-01-21T02:21:03.4350566Z 5. Your Developer Credentials
build	Setup Android SDK	2026-01-21T02:21:03.4350715Z 
build	Setup Android SDK	2026-01-21T02:21:03.4351566Z 5.1 You agree that you are responsible for maintaining the confidentiality of any developer credentials that may be issued to you by Google or which you may choose yourself and that you will be solely responsible for all applications that are developed under your developer credentials.
build	Setup Android SDK	2026-01-21T02:21:03.4352670Z 
build	Setup Android SDK	2026-01-21T02:21:03.4352750Z 6. Privacy and Information
build	Setup Android SDK	2026-01-21T02:21:03.4352885Z 
build	Setup Android SDK	2026-01-21T02:21:03.4354360Z 6.1 In order to continually innovate and improve the SDK, Google may collect certain usage statistics from the software including but not limited to a unique identifier, associated IP address, version number of the software, and information on which tools and/or services in the SDK are being used and how they are being used. Before any of this information is collected, the SDK will notify you and seek your consent. If you withhold consent, the information will not be collected.
build	Setup Android SDK	2026-01-21T02:21:03.4355920Z 
build	Setup Android SDK	2026-01-21T02:21:03.4356276Z 6.2 The data collected is examined in the aggregate to improve the SDK and is maintained in accordance with Google's Privacy Policy.
build	Setup Android SDK	2026-01-21T02:21:03.4356735Z 
build	Setup Android SDK	2026-01-21T02:21:03.4356739Z 
build	Setup Android SDK	2026-01-21T02:21:03.4356818Z 7. Third Party Applications
build	Setup Android SDK	2026-01-21T02:21:03.4357182Z 
build	Setup Android SDK	2026-01-21T02:21:03.4359003Z 7.1 If you use the SDK to run applications developed by a third party or that access data, content or resources provided by a third party, you agree that Google is not responsible for those applications, data, content, or resources. You understand that all data, content or resources which you may access through such third party applications are the sole responsibility of the person from which they originated and that Google is not liable for any loss or damage that you may experience as a result of the use or access of any of those third party applications, data, content, or resources.
build	Setup Android SDK	2026-01-21T02:21:03.4361059Z 
build	Setup Android SDK	2026-01-21T02:21:03.4362536Z 7.2 You should be aware the data, content, and resources presented to you through such a third party application may be protected by intellectual property rights which are owned by the providers (or by other persons or companies on their behalf). You may not modify, rent, lease, loan, sell, distribute or create derivative works based on these data, content, or resources (either in whole or in part) unless you have been specifically given permission to do so by the relevant owners.
build	Setup Android SDK	2026-01-21T02:21:03.4364113Z 
build	Setup Android SDK	2026-01-21T02:21:03.4364910Z 7.3 You acknowledge that your use of such third party applications, data, content, or resources may be subject to separate terms between you and the relevant third party. In that case, the License Agreement does not affect your legal relationship with these third parties.
build	Setup Android SDK	2026-01-21T02:21:03.4365815Z 
build	Setup Android SDK	2026-01-21T02:21:03.4365819Z 
build	Setup Android SDK	2026-01-21T02:21:03.4365894Z 8. Using Android APIs
build	Setup Android SDK	2026-01-21T02:21:03.4366013Z 
build	Setup Android SDK	2026-01-21T02:21:03.4366088Z 8.1 Google Data APIs
build	Setup Android SDK	2026-01-21T02:21:03.4366203Z 
build	Setup Android SDK	2026-01-21T02:21:03.4367824Z 8.1.1 If you use any API to retrieve data from Google, you acknowledge that the data may be protected by intellectual property rights which are owned by Google or those parties that provide the data (or by other persons or companies on their behalf). Your use of any such API may be subject to additional Terms of Service. You may not modify, rent, lease, loan, sell, distribute or create derivative works based on this data (either in whole or in part) unless allowed by the relevant Terms of Service.
build	Setup Android SDK	2026-01-21T02:21:03.4369424Z 
build	Setup Android SDK	2026-01-21T02:21:03.4372053Z 8.1.2 If you use any API to retrieve a user's data from Google, you acknowledge and agree that you shall retrieve data only with the user's explicit consent and only when, and for the limited purposes for which, the user has given you permission to do so. If you use the Android Recognition Service API, documented at the following URL: https://developer.android.com/reference/android/speech/RecognitionService, as updated from time to time, you acknowledge that the use of the API is subject to the Data Processing Addendum for Products where Google is a Data Processor, which is located at the following URL: https://privacy.google.com/businesses/gdprprocessorterms/, as updated from time to time. By clicking to accept, you hereby agree to the terms of the Data Processing Addendum for Products where Google is a Data Processor.
build	Setup Android SDK	2026-01-21T02:21:03.4374874Z 
build	Setup Android SDK	2026-01-21T02:21:03.4374879Z 
build	Setup Android SDK	2026-01-21T02:21:03.4374964Z 9. Terminating the License Agreement
build	Setup Android SDK	2026-01-21T02:21:03.4375135Z 
build	Setup Android SDK	2026-01-21T02:21:03.4375417Z 9.1 The License Agreement will continue to apply until terminated by either you or Google as set out below.
build	Setup Android SDK	2026-01-21T02:21:03.4375797Z 
build	Setup Android SDK	2026-01-21T02:21:03.4376155Z 9.2 If you want to terminate the License Agreement, you may do so by ceasing your use of the SDK and any relevant developer credentials.
build	Setup Android SDK	2026-01-21T02:21:03.4376613Z 
build	Setup Android SDK	2026-01-21T02:21:03.4378664Z 9.3 Google may at any time, terminate the License Agreement with you if: (A) you have breached any provision of the License Agreement; or (B) Google is required to do so by law; or (C) the partner with whom Google offered certain parts of SDK (such as APIs) to you has terminated its relationship with Google or ceased to offer certain parts of the SDK to you; or (D) Google decides to no longer provide the SDK or certain parts of the SDK to users in the country in which you are resident or from which you use the service, or the provision of the SDK or certain SDK services to you by Google is, in Google's sole discretion, no longer commercially viable.
build	Setup Android SDK	2026-01-21T02:21:03.4380712Z 
build	Setup Android SDK	2026-01-21T02:21:03.4382071Z 9.4 When the License Agreement comes to an end, all of the legal rights, obligations and liabilities that you and Google have benefited from, been subject to (or which have accrued over time whilst the License Agreement has been in force) or which are expressed to continue indefinitely, shall be unaffected by this cessation, and the provisions of paragraph 14.7 shall continue to apply to such rights, obligations and liabilities indefinitely.
build	Setup Android SDK	2026-01-21T02:21:03.4383680Z 
build	Setup Android SDK	2026-01-21T02:21:03.4383684Z 
build	Setup Android SDK	2026-01-21T02:21:03.4383762Z 10. DISCLAIMER OF WARRANTIES
build	Setup Android SDK	2026-01-21T02:21:03.4383907Z 
build	Setup Android SDK	2026-01-21T02:21:03.4384396Z 10.1 YOU EXPRESSLY UNDERSTAND AND AGREE THAT YOUR USE OF THE SDK IS AT YOUR SOLE RISK AND THAT THE SDK IS PROVIDED "AS IS" AND "AS AVAILABLE" WITHOUT WARRANTY OF ANY KIND FROM GOOGLE.
build	Setup Android SDK	2026-01-21T02:21:03.4384983Z 
build	Setup Android SDK	2026-01-21T02:21:03.4385762Z 10.2 YOUR USE OF THE SDK AND ANY MATERIAL DOWNLOADED OR OTHERWISE OBTAINED THROUGH THE USE OF THE SDK IS AT YOUR OWN DISCRETION AND RISK AND YOU ARE SOLELY RESPONSIBLE FOR ANY DAMAGE TO YOUR COMPUTER SYSTEM OR OTHER DEVICE OR LOSS OF DATA THAT RESULTS FROM SUCH USE.
build	Setup Android SDK	2026-01-21T02:21:03.4386629Z 
build	Setup Android SDK	2026-01-21T02:21:03.4387640Z 10.3 GOOGLE FURTHER EXPRESSLY DISCLAIMS ALL WARRANTIES AND CONDITIONS OF ANY KIND, WHETHER EXPRESS OR IMPLIED, INCLUDING, BUT NOT LIMITED TO THE IMPLIED WARRANTIES AND CONDITIONS OF MERCHANTABILITY, FITNESS FOR A PARTICULAR PURPOSE AND NON-INFRINGEMENT.
build	Setup Android SDK	2026-01-21T02:21:03.4388557Z 
build	Setup Android SDK	2026-01-21T02:21:03.4388562Z 
build	Setup Android SDK	2026-01-21T02:21:03.4388640Z 11. LIMITATION OF LIABILITY
build	Setup Android SDK	2026-01-21T02:21:03.4388774Z 
build	Setup Android SDK	2026-01-21T02:21:03.4390117Z 11.1 YOU EXPRESSLY UNDERSTAND AND AGREE THAT GOOGLE, ITS SUBSIDIARIES AND AFFILIATES, AND ITS LICENSORS SHALL NOT BE LIABLE TO YOU UNDER ANY THEORY OF LIABILITY FOR ANY DIRECT, INDIRECT, INCIDENTAL, SPECIAL, CONSEQUENTIAL OR EXEMPLARY DAMAGES THAT MAY BE INCURRED BY YOU, INCLUDING ANY LOSS OF DATA, WHETHER OR NOT GOOGLE OR ITS REPRESENTATIVES HAVE BEEN ADVISED OF OR SHOULD HAVE BEEN AWARE OF THE POSSIBILITY OF ANY SUCH LOSSES ARISING.
build	Setup Android SDK	2026-01-21T02:21:03.4391543Z 
build	Setup Android SDK	2026-01-21T02:21:03.4391547Z 
build	Setup Android SDK	2026-01-21T02:21:03.4391631Z 12. Indemnification
build	Setup Android SDK	2026-01-21T02:21:03.4391743Z 
build	Setup Android SDK	2026-01-21T02:21:03.4393972Z 12.1 To the maximum extent permitted by law, you agree to defend, indemnify and hold harmless Google, its affiliates and their respective directors, officers, employees and agents from and against any and all claims, actions, suits or proceedings, as well as any and all losses, liabilities, damages, costs and expenses (including reasonable attorneys fees) arising out of or accruing from (a) your use of the SDK, (b) any application you develop on the SDK that infringes any copyright, trademark, trade secret, trade dress, patent or other intellectual property right of any person or defames any person or violates their rights of publicity or privacy, and (c) any non-compliance by you with the License Agreement.
build	Setup Android SDK	2026-01-21T02:21:03.4396427Z 
build	Setup Android SDK	2026-01-21T02:21:03.4396431Z 
build	Setup Android SDK	2026-01-21T02:21:03.4396513Z 13. Changes to the License Agreement
build	Setup Android SDK	2026-01-21T02:21:03.4396680Z 
build	Setup Android SDK	2026-01-21T02:21:03.4397566Z 13.1 Google may make changes to the License Agreement as it distributes new versions of the SDK. When these changes are made, Google will make a new version of the License Agreement available on the website where the SDK is made available.
build	Setup Android SDK	2026-01-21T02:21:03.4398360Z 
build	Setup Android SDK	2026-01-21T02:21:03.4398372Z 
build	Setup Android SDK	2026-01-21T02:21:03.4398443Z 14. General Legal Terms
build	Setup Android SDK	2026-01-21T02:21:03.4398566Z 
build	Setup Android SDK	2026-01-21T02:21:03.4399486Z 14.1 The License Agreement constitutes the whole legal agreement between you and Google and governs your use of the SDK (excluding any services which Google may provide to you under a separate written agreement), and completely replaces any prior agreements between you and Google in relation to the SDK.
build	Setup Android SDK	2026-01-21T02:21:03.4400515Z 
build	Setup Android SDK	2026-01-21T02:21:03.4401462Z 14.2 You agree that if Google does not exercise or enforce any legal right or remedy which is contained in the License Agreement (or which Google has the benefit of under any applicable law), this will not be taken to be a formal waiver of Google's rights and that those rights or remedies will still be available to Google.
build	Setup Android SDK	2026-01-21T02:21:03.4402502Z 
build	Setup Android SDK	2026-01-21T02:21:03.4403542Z 14.3 If any court of law, having the jurisdiction to decide on this matter, rules that any provision of the License Agreement is invalid, then that provision will be removed from the License Agreement without affecting the rest of the License Agreement. The remaining provisions of the License Agreement will continue to be valid and enforceable.
build	Setup Android SDK	2026-01-21T02:21:03.4404815Z 
build	Setup Android SDK	2026-01-21T02:21:03.4406170Z 14.4 You acknowledge and agree that each member of the group of companies of which Google is the parent shall be third party beneficiaries to the License Agreement and that such other companies shall be entitled to directly enforce, and rely upon, any provision of the License Agreement that confers a benefit on (or rights in favor of) them. Other than this, no other person or company shall be third party beneficiaries to the License Agreement.
build	Setup Android SDK	2026-01-21T02:21:03.4407710Z 
build	Setup Android SDK	2026-01-21T02:21:03.4408508Z 14.5 EXPORT RESTRICTIONS. THE SDK IS SUBJECT TO UNITED STATES EXPORT LAWS AND REGULATIONS. YOU MUST COMPLY WITH ALL DOMESTIC AND INTERNATIONAL EXPORT LAWS AND REGULATIONS THAT APPLY TO THE SDK. THESE LAWS INCLUDE RESTRICTIONS ON DESTINATIONS, END USERS AND END USE.
build	Setup Android SDK	2026-01-21T02:21:03.4409394Z 
build	Setup Android SDK	2026-01-21T02:21:03.4410443Z 14.6 The rights granted in the License Agreement may not be assigned or transferred by either you or Google without the prior written approval of the other party. Neither you nor Google shall be permitted to delegate their responsibilities or obligations under the License Agreement without the prior written approval of the other party.
build	Setup Android SDK	2026-01-21T02:21:03.4411567Z 
build	Setup Android SDK	2026-01-21T02:21:03.4413721Z 14.7 The License Agreement, and your relationship with Google under the License Agreement, shall be governed by the laws of the State of California without regard to its conflict of laws provisions. You and Google agree to submit to the exclusive jurisdiction of the courts located within the county of Santa Clara, California to resolve any legal matter arising from the License Agreement. Notwithstanding this, you agree that Google shall still be allowed to apply for injunctive remedies (or an equivalent type of urgent legal relief) in any jurisdiction.
build	Setup Android SDK	2026-01-21T02:21:03.4415973Z 
build	Setup Android SDK	2026-01-21T02:21:03.4415981Z 
build	Setup Android SDK	2026-01-21T02:21:03.4416054Z January 16, 2019
build	Setup Android SDK	2026-01-21T02:21:03.4416248Z ---------------------------------------
build	Setup Android SDK	2026-01-21T02:21:03.4416477Z Accept? (y/N): 
build	Setup Android SDK	2026-01-21T02:21:03.4416691Z 4/6: License android-sdk-preview-license:
build	Setup Android SDK	2026-01-21T02:21:03.4417183Z ---------------------------------------
build	Setup Android SDK	2026-01-21T02:21:03.4418833Z To get started with the Android SDK Preview, you must agree to the following terms and conditions. As described below, please note that this is a preview version of the Android SDK, subject to change, that you use at your own risk. The Android SDK Preview is not a stable release, and may contain errors and defects that can result in serious damage to your computer systems, devices and data.
build	Setup Android SDK	2026-01-21T02:21:03.4420281Z 
build	Setup Android SDK	2026-01-21T02:21:03.4420467Z This is the Android SDK Preview License Agreement (the "License Agreement").
build	Setup Android SDK	2026-01-21T02:21:03.4420749Z 
build	Setup Android SDK	2026-01-21T02:21:03.4420821Z 1. Introduction
build	Setup Android SDK	2026-01-21T02:21:03.4420927Z 
build	Setup Android SDK	2026-01-21T02:21:03.4422446Z 1.1 The Android SDK Preview (referred to in the License Agreement as the “Preview” and specifically including the Android system files, packaged APIs, and Preview library files, if and when they are made available) is licensed to you subject to the terms of the License Agreement. The License Agreement forms a legally binding contract between you and Google in relation to your use of the Preview.
build	Setup Android SDK	2026-01-21T02:21:03.4423767Z 
build	Setup Android SDK	2026-01-21T02:21:03.4424400Z 1.2 "Android" means the Android software stack for devices, as made available under the Android Open Source Project, which is located at the following URL: http://source.android.com/, as updated from time to time.
build	Setup Android SDK	2026-01-21T02:21:03.4425123Z 
build	Setup Android SDK	2026-01-21T02:21:03.4425568Z 1.3 "Google" means Google Inc., a Delaware corporation with principal place of business at 1600 Amphitheatre Parkway, Mountain View, CA 94043, United States.
build	Setup Android SDK	2026-01-21T02:21:03.4426224Z 
build	Setup Android SDK	2026-01-21T02:21:03.4426309Z 2. Accepting the License Agreement
build	Setup Android SDK	2026-01-21T02:21:03.4426471Z 
build	Setup Android SDK	2026-01-21T02:21:03.4427075Z 2.1 In order to use the Preview, you must first agree to the License Agreement. You may not use the Preview if you do not accept the License Agreement.
build	Setup Android SDK	2026-01-21T02:21:03.4427656Z 
build	Setup Android SDK	2026-01-21T02:21:03.4427936Z 2.2 By clicking to accept and/or using the Preview, you hereby agree to the terms of the License Agreement.
build	Setup Android SDK	2026-01-21T02:21:03.4428304Z 
build	Setup Android SDK	2026-01-21T02:21:03.4429086Z 2.3 You may not use the Preview and may not accept the License Agreement if you are a person barred from receiving the Preview under the laws of the United States or other countries including the country in which you are resident or from which you use the Preview.
build	Setup Android SDK	2026-01-21T02:21:03.4429951Z 
build	Setup Android SDK	2026-01-21T02:21:03.4431290Z 2.4 If you will use the Preview internally within your company or organization you agree to be bound by the License Agreement on behalf of your employer or other entity, and you represent and warrant that you have full legal authority to bind your employer or such entity to the License Agreement. If you do not have the requisite authority, you may not accept the License Agreement or use the Preview on behalf of your employer or other entity.
build	Setup Android SDK	2026-01-21T02:21:03.4432717Z 
build	Setup Android SDK	2026-01-21T02:21:03.4432797Z 3. Preview License from Google
build	Setup Android SDK	2026-01-21T02:21:03.4432944Z 
build	Setup Android SDK	2026-01-21T02:21:03.4433906Z 3.1 Subject to the terms of the License Agreement, Google grants you a royalty-free, non-assignable, non-exclusive, non-sublicensable, limited, revocable license to use the Preview, personally or internally within your company or organization, solely to develop applications to run on the Android platform.
build	Setup Android SDK	2026-01-21T02:21:03.4434954Z 
build	Setup Android SDK	2026-01-21T02:21:03.4436186Z 3.2 You agree that Google or third parties owns all legal right, title and interest in and to the Preview, including any Intellectual Property Rights that subsist in the Preview. "Intellectual Property Rights" means any and all rights under patent law, copyright law, trade secret law, trademark law, and any and all other proprietary rights. Google reserves all rights not expressly granted to you.
build	Setup Android SDK	2026-01-21T02:21:03.4437706Z 
build	Setup Android SDK	2026-01-21T02:21:03.4439565Z 3.3 You may not use the Preview for any purpose not expressly permitted by the License Agreement. Except to the extent required by applicable third party licenses, you may not: (a) copy (except for backup purposes), modify, adapt, redistribute, decompile, reverse engineer, disassemble, or create derivative works of the Preview or any part of the Preview; or (b) load any part of the Preview onto a mobile handset or any other hardware device except a personal computer, combine any part of the Preview with other software, or distribute any software or device incorporating a part of the Preview.
build	Setup Android SDK	2026-01-21T02:21:03.4442719Z 
build	Setup Android SDK	2026-01-21T02:21:03.4444255Z 3.4 You agree that you will not take any actions that may cause or result in the fragmentation of Android, including but not limited to distributing, participating in the creation of, or promoting in any way a software development kit derived from the Preview.
build	Setup Android SDK	2026-01-21T02:21:03.4445953Z 
build	Setup Android SDK	2026-01-21T02:21:03.4448586Z 3.5 Use, reproduction and distribution of components of the Preview licensed under an open source software license are governed solely by the terms of that open source software license and not the License Agreement. You agree to remain a licensee in good standing in regard to such open source software licenses under all the rights granted and to refrain from any actions that may terminate, suspend, or breach such rights.
build	Setup Android SDK	2026-01-21T02:21:03.4451198Z 
build	Setup Android SDK	2026-01-21T02:21:03.4453760Z 3.6 You agree that the form and nature of the Preview that Google provides may change without prior notice to you and that future versions of the Preview may be incompatible with applications developed on previous versions of the Preview. You agree that Google may stop (permanently or temporarily) providing the Preview (or any features within the Preview) to you or to users generally at Google's sole discretion, without prior notice to you.
build	Setup Android SDK	2026-01-21T02:21:03.4456754Z 
build	Setup Android SDK	2026-01-21T02:21:03.4457837Z 3.7 Nothing in the License Agreement gives you a right to use any of Google's trade names, trademarks, service marks, logos, domain names, or other distinctive brand features.
build	Setup Android SDK	2026-01-21T02:21:03.4458927Z 
build	Setup Android SDK	2026-01-21T02:21:03.4459943Z 3.8 You agree that you will not remove, obscure, or alter any proprietary rights notices (including copyright and trademark notices) that may be affixed to or contained within the Preview.
build	Setup Android SDK	2026-01-21T02:21:03.4460882Z 
build	Setup Android SDK	2026-01-21T02:21:03.4460972Z 4. Use of the Preview by You
build	Setup Android SDK	2026-01-21T02:21:03.4461124Z 
build	Setup Android SDK	2026-01-21T02:21:03.4462052Z 4.1 Google agrees that nothing in the License Agreement gives Google any right, title or interest from you (or your licensors) under the License Agreement in or to any software applications that you develop using the Preview, including any intellectual property rights that subsist in those applications.
build	Setup Android SDK	2026-01-21T02:21:03.4463076Z 
build	Setup Android SDK	2026-01-21T02:21:03.4464175Z 4.2 You agree to use the Preview and write applications only for purposes that are permitted by (a) the License Agreement, and (b) any applicable law, regulation or generally accepted practices or guidelines in the relevant jurisdictions (including any laws regarding the export of data or software to and from the United States or other relevant countries).
build	Setup Android SDK	2026-01-21T02:21:03.4465343Z 
build	Setup Android SDK	2026-01-21T02:21:03.4467866Z 4.3 You agree that if you use the Preview to develop applications, you will protect the privacy and legal rights of users. If users provide you with user names, passwords, or other login information or personal information, you must make the users aware that the information will be available to your application, and you must provide legally adequate privacy notice and protection for those users. If your application stores personal or sensitive information provided by users, it must do so securely. If users provide you with Google Account information, your application may only use that information to access the user's Google Account when, and for the limited purposes for which, each user has given you permission to do so.
build	Setup Android SDK	2026-01-21T02:21:03.4470255Z 
build	Setup Android SDK	2026-01-21T02:21:03.4471158Z 4.4 You agree that you will not engage in any activity with the Preview, including the development or distribution of an application, that interferes with, disrupts, damages, or accesses in an unauthorized manner the servers, networks, or other properties or services of Google or any third party.
build	Setup Android SDK	2026-01-21T02:21:03.4472296Z 
build	Setup Android SDK	2026-01-21T02:21:03.4473333Z 4.5 You agree that you are solely responsible for (and that Google has no responsibility to you or to any third party for) any data, content, or resources that you create, transmit or display through Android and/or applications for Android, and for the consequences of your actions (including any loss or damage which Google may suffer) by doing so.
build	Setup Android SDK	2026-01-21T02:21:03.4474469Z 
build	Setup Android SDK	2026-01-21T02:21:03.4475645Z 4.6 You agree that you are solely responsible for (and that Google has no responsibility to you or to any third party for) any breach of your obligations under the License Agreement, any applicable third party contract or Terms of Service, or any applicable law or regulation, and for the consequences (including any loss or damage which Google or any third party may suffer) of any such breach.
build	Setup Android SDK	2026-01-21T02:21:03.4477106Z 
build	Setup Android SDK	2026-01-21T02:21:03.4478589Z 4.7 The Preview is in development, and your testing and feedback are an important part of the development process. By using the Preview, you acknowledge that implementation of some features are still under development and that you should not rely on the Preview having the full functionality of a stable release. You agree not to publicly distribute or ship any application using this Preview as this Preview will no longer be supported after the official Android SDK is released.
build	Setup Android SDK	2026-01-21T02:21:03.4480155Z 
build	Setup Android SDK	2026-01-21T02:21:03.4480238Z 5. Your Developer Credentials
build	Setup Android SDK	2026-01-21T02:21:03.4480512Z 
build	Setup Android SDK	2026-01-21T02:21:03.4481382Z 5.1 You agree that you are responsible for maintaining the confidentiality of any developer credentials that may be issued to you by Google or which you may choose yourself and that you will be solely responsible for all applications that are developed under your developer credentials.
build	Setup Android SDK	2026-01-21T02:21:03.4482337Z 
build	Setup Android SDK	2026-01-21T02:21:03.4482416Z 6. Privacy and Information
build	Setup Android SDK	2026-01-21T02:21:03.4482558Z 
build	Setup Android SDK	2026-01-21T02:21:03.4484075Z 6.1 In order to continually innovate and improve the Preview, Google may collect certain usage statistics from the software including but not limited to a unique identifier, associated IP address, version number of the software, and information on which tools and/or services in the Preview are being used and how they are being used. Before any of this information is collected, the Preview will notify you and seek your consent. If you withhold consent, the information will not be collected.
build	Setup Android SDK	2026-01-21T02:21:03.4485684Z 
build	Setup Android SDK	2026-01-21T02:21:03.4486258Z 6.2 The data collected is examined in the aggregate to improve the Preview and is maintained in accordance with Google's Privacy Policy located at http://www.google.com/policies/privacy/.
build	Setup Android SDK	2026-01-21T02:21:03.4487110Z 
build	Setup Android SDK	2026-01-21T02:21:03.4487233Z 7. Third Party Applications
build	Setup Android SDK	2026-01-21T02:21:03.4487382Z 
build	Setup Android SDK	2026-01-21T02:21:03.4489256Z 7.1 If you use the Preview to run applications developed by a third party or that access data, content or resources provided by a third party, you agree that Google is not responsible for those applications, data, content, or resources. You understand that all data, content or resources which you may access through such third party applications are the sole responsibility of the person from which they originated and that Google is not liable for any loss or damage that you may experience as a result of the use or access of any of those third party applications, data, content, or resources.
build	Setup Android SDK	2026-01-21T02:21:03.4491188Z 
build	Setup Android SDK	2026-01-21T02:21:03.4492669Z 7.2 You should be aware the data, content, and resources presented to you through such a third party application may be protected by intellectual property rights which are owned by the providers (or by other persons or companies on their behalf). You may not modify, rent, lease, loan, sell, distribute or create derivative works based on these data, content, or resources (either in whole or in part) unless you have been specifically given permission to do so by the relevant owners.
build	Setup Android SDK	2026-01-21T02:21:03.4494246Z 
build	Setup Android SDK	2026-01-21T02:21:03.4494862Z 7.3 You acknowledge that your use of such third party applications, data, content, or resources may be subject to separate terms between you and the relevant third party.
build	Setup Android SDK	2026-01-21T02:21:03.4495444Z 
build	Setup Android SDK	2026-01-21T02:21:03.4495516Z 8. Using Google APIs
build	Setup Android SDK	2026-01-21T02:21:03.4495635Z 
build	Setup Android SDK	2026-01-21T02:21:03.4495701Z 8.1 Google APIs
build	Setup Android SDK	2026-01-21T02:21:03.4495808Z 
build	Setup Android SDK	2026-01-21T02:21:03.4497616Z 8.1.1 If you use any API to retrieve data from Google, you acknowledge that the data may be protected by intellectual property rights which are owned by Google or those parties that provide the data (or by other persons or companies on their behalf). Your use of any such API may be subject to additional Terms of Service. You may not modify, rent, lease, loan, sell, distribute or create derivative works based on this data (either in whole or in part) unless allowed by the relevant Terms of Service.
build	Setup Android SDK	2026-01-21T02:21:03.4499230Z 
build	Setup Android SDK	2026-01-21T02:21:03.4499963Z 8.1.2 If you use any API to retrieve a user's data from Google, you acknowledge and agree that you shall retrieve data only with the user's explicit consent and only when, and for the limited purposes for which, the user has given you permission to do so.
build	Setup Android SDK	2026-01-21T02:21:03.4500793Z 
build	Setup Android SDK	2026-01-21T02:21:03.4500890Z 9. Terminating the License Agreement
build	Setup Android SDK	2026-01-21T02:21:03.4501054Z 
build	Setup Android SDK	2026-01-21T02:21:03.4501336Z 9.1 the License Agreement will continue to apply until terminated by either you or Google as set out below.
build	Setup Android SDK	2026-01-21T02:21:03.4501727Z 
build	Setup Android SDK	2026-01-21T02:21:03.4502220Z 9.2 If you want to terminate the License Agreement, you may do so by ceasing your use of the Preview and any relevant developer credentials.
build	Setup Android SDK	2026-01-21T02:21:03.4502684Z 
build	Setup Android SDK	2026-01-21T02:21:03.4502955Z 9.3 Google may at any time, terminate the License Agreement, with or without cause, upon notice to you.
build	Setup Android SDK	2026-01-21T02:21:03.4503311Z 
build	Setup Android SDK	2026-01-21T02:21:03.4504305Z 9.4 The License Agreement will automatically terminate without notice or other action upon the earlier of: (A) when Google ceases to provide the Preview or certain parts of the Preview to users in the country in which you are resident or from which you use the service; and (B) Google issues a final release version of the Android SDK.
build	Setup Android SDK	2026-01-21T02:21:03.4505392Z 
build	Setup Android SDK	2026-01-21T02:21:03.4506098Z 9.5 When the License Agreement is terminated, the license granted to you in the License Agreement will terminate, you will immediately cease all use of the Preview, and the provisions of paragraphs 10, 11, 12 and 14 shall survive indefinitely.
build	Setup Android SDK	2026-01-21T02:21:03.4507177Z 
build	Setup Android SDK	2026-01-21T02:21:03.4507254Z 10. DISCLAIMERS
build	Setup Android SDK	2026-01-21T02:21:03.4507360Z 
build	Setup Android SDK	2026-01-21T02:21:03.4507884Z 10.1 YOU EXPRESSLY UNDERSTAND AND AGREE THAT YOUR USE OF THE PREVIEW IS AT YOUR SOLE RISK AND THAT THE PREVIEW IS PROVIDED "AS IS" AND "AS AVAILABLE" WITHOUT WARRANTY OF ANY KIND FROM GOOGLE.
build	Setup Android SDK	2026-01-21T02:21:03.4508509Z 
build	Setup Android SDK	2026-01-21T02:21:03.4510220Z 10.2 YOUR USE OF THE PREVIEW AND ANY MATERIAL DOWNLOADED OR OTHERWISE OBTAINED THROUGH THE USE OF THE PREVIEW IS AT YOUR OWN DISCRETION AND RISK AND YOU ARE SOLELY RESPONSIBLE FOR ANY DAMAGE TO YOUR COMPUTER SYSTEM OR OTHER DEVICE OR LOSS OF DATA THAT RESULTS FROM SUCH USE. WITHOUT LIMITING THE FOREGOING, YOU UNDERSTAND THAT THE PREVIEW IS NOT A STABLE RELEASE AND MAY CONTAIN ERRORS, DEFECTS AND SECURITY VULNERABILITIES THAT CAN RESULT IN SIGNIFICANT DAMAGE, INCLUDING THE COMPLETE, IRRECOVERABLE LOSS OF USE OF YOUR COMPUTER SYSTEM OR OTHER DEVICE.
build	Setup Android SDK	2026-01-21T02:21:03.4512085Z 
build	Setup Android SDK	2026-01-21T02:21:03.4512852Z 10.3 GOOGLE FURTHER EXPRESSLY DISCLAIMS ALL WARRANTIES AND CONDITIONS OF ANY KIND, WHETHER EXPRESS OR IMPLIED, INCLUDING, BUT NOT LIMITED TO THE IMPLIED WARRANTIES AND CONDITIONS OF MERCHANTABILITY, FITNESS FOR A PARTICULAR PURPOSE AND NON-INFRINGEMENT.
build	Setup Android SDK	2026-01-21T02:21:03.4513718Z 
build	Setup Android SDK	2026-01-21T02:21:03.4513798Z 11. LIMITATION OF LIABILITY
build	Setup Android SDK	2026-01-21T02:21:03.4513935Z 
build	Setup Android SDK	2026-01-21T02:21:03.4515288Z 11.1 YOU EXPRESSLY UNDERSTAND AND AGREE THAT GOOGLE, ITS SUBSIDIARIES AND AFFILIATES, AND ITS LICENSORS SHALL NOT BE LIABLE TO YOU UNDER ANY THEORY OF LIABILITY FOR ANY DIRECT, INDIRECT, INCIDENTAL, SPECIAL, CONSEQUENTIAL OR EXEMPLARY DAMAGES THAT MAY BE INCURRED BY YOU, INCLUDING ANY LOSS OF DATA, WHETHER OR NOT GOOGLE OR ITS REPRESENTATIVES HAVE BEEN ADVISED OF OR SHOULD HAVE BEEN AWARE OF THE POSSIBILITY OF ANY SUCH LOSSES ARISING.
build	Setup Android SDK	2026-01-21T02:21:03.4517026Z 
build	Setup Android SDK	2026-01-21T02:21:03.4517115Z 12. Indemnification
build	Setup Android SDK	2026-01-21T02:21:03.4517238Z 
build	Setup Android SDK	2026-01-21T02:21:03.4519795Z 12.1 To the maximum extent permitted by law, you agree to defend, indemnify and hold harmless Google, its affiliates and their respective directors, officers, employees and agents from and against any and all claims, actions, suits or proceedings, as well as any and all losses, liabilities, damages, costs and expenses (including reasonable attorneys’ fees) arising out of or accruing from (a) your use of the Preview, (b) any application you develop on the Preview that infringes any Intellectual Property Rights of any person or defames any person or violates their rights of publicity or privacy, and (c) any non-compliance by you of the License Agreement.
build	Setup Android SDK	2026-01-21T02:21:03.4521962Z 
build	Setup Android SDK	2026-01-21T02:21:03.4522052Z 13. Changes to the License Agreement
build	Setup Android SDK	2026-01-21T02:21:03.4522217Z 
build	Setup Android SDK	2026-01-21T02:21:03.4522952Z 13.1 Google may make changes to the License Agreement as it distributes new versions of the Preview. When these changes are made, Google will make a new version of the License Agreement available on the website where the Preview is made available.
build	Setup Android SDK	2026-01-21T02:21:03.4523779Z 
build	Setup Android SDK	2026-01-21T02:21:03.4523982Z 14. General Legal Terms
build	Setup Android SDK	2026-01-21T02:21:03.4524112Z 
build	Setup Android SDK	2026-01-21T02:21:03.4525067Z 14.1 the License Agreement constitutes the whole legal agreement between you and Google and governs your use of the Preview (excluding any services which Google may provide to you under a separate written agreement), and completely replaces any prior agreements between you and Google in relation to the Preview.
build	Setup Android SDK	2026-01-21T02:21:03.4526121Z 
build	Setup Android SDK	2026-01-21T02:21:03.4527195Z 14.2 You agree that if Google does not exercise or enforce any legal right or remedy which is contained in the License Agreement (or which Google has the benefit of under any applicable law), this will not be taken to be a formal waiver of Google's rights and that those rights or remedies will still be available to Google.
build	Setup Android SDK	2026-01-21T02:21:03.4528239Z 
build	Setup Android SDK	2026-01-21T02:21:03.4529291Z 14.3 If any court of law, having the jurisdiction to decide on this matter, rules that any provision of the License Agreement is invalid, then that provision will be removed from the License Agreement without affecting the rest of the License Agreement. The remaining provisions of the License Agreement will continue to be valid and enforceable.
build	Setup Android SDK	2026-01-21T02:21:03.4530423Z 
build	Setup Android SDK	2026-01-21T02:21:03.4531783Z 14.4 You acknowledge and agree that each member of the group of companies of which Google is the parent shall be third party beneficiaries to the License Agreement and that such other companies shall be entitled to directly enforce, and rely upon, any provision of the License Agreement that confers a benefit on (or rights in favor of) them. Other than this, no other person or company shall be third party beneficiaries to the License Agreement.
build	Setup Android SDK	2026-01-21T02:21:03.4533229Z 
build	Setup Android SDK	2026-01-21T02:21:03.4534060Z 14.5 EXPORT RESTRICTIONS. THE PREVIEW IS SUBJECT TO UNITED STATES EXPORT LAWS AND REGULATIONS. YOU MUST COMPLY WITH ALL DOMESTIC AND INTERNATIONAL EXPORT LAWS AND REGULATIONS THAT APPLY TO THE PREVIEW. THESE LAWS INCLUDE RESTRICTIONS ON DESTINATIONS, END USERS AND END USE.
build	Setup Android SDK	2026-01-21T02:21:03.4534987Z 
build	Setup Android SDK	2026-01-21T02:21:03.4535944Z 14.6 The License Agreement may not be assigned or transferred by you without the prior written approval of Google, and any attempted assignment without such approval will be void. You shall not delegate your responsibilities or obligations under the License Agreement without the prior written approval of Google.
build	Setup Android SDK	2026-01-21T02:21:03.4537079Z 
build	Setup Android SDK	2026-01-21T02:21:03.4538818Z 14.7 The License Agreement, and your relationship with Google under the License Agreement, shall be governed by the laws of the State of California without regard to its conflict of laws provisions. You and Google agree to submit to the exclusive jurisdiction of the courts located within the county of Santa Clara, California to resolve any legal matter arising from the License Agreement. Notwithstanding this, you agree that Google shall still be allowed to apply for injunctive remedies (or an equivalent type of urgent legal relief) in any jurisdiction.
build	Setup Android SDK	2026-01-21T02:21:03.4540773Z 
build	Setup Android SDK	2026-01-21T02:21:03.4540843Z June 2014.
build	Setup Android SDK	2026-01-21T02:21:03.4541010Z ---------------------------------------
build	Setup Android SDK	2026-01-21T02:21:03.4541243Z Accept? (y/N): 
build	Setup Android SDK	2026-01-21T02:21:03.4541430Z 5/6: License google-gdk-license:
build	Setup Android SDK	2026-01-21T02:21:03.4541658Z ---------------------------------------
build	Setup Android SDK	2026-01-21T02:21:03.4541970Z This is a Developer Preview of the GDK that is subject to change.
build	Setup Android SDK	2026-01-21T02:21:03.4542215Z 
build	Setup Android SDK	2026-01-21T02:21:03.4542285Z Terms and Conditions
build	Setup Android SDK	2026-01-21T02:21:03.4542409Z 
build	Setup Android SDK	2026-01-21T02:21:03.4542522Z This is the Glass Development Kit License Agreement.
build	Setup Android SDK	2026-01-21T02:21:03.4542733Z 
build	Setup Android SDK	2026-01-21T02:21:03.4542798Z 1. Introduction
build	Setup Android SDK	2026-01-21T02:21:03.4542905Z 
build	Setup Android SDK	2026-01-21T02:21:03.4544094Z 1.1 The Glass Development Kit (referred to in this License Agreement as the "GDK" and specifically including the Android system files, packaged APIs, and GDK library files, if and when they are made available) is licensed to you subject to the terms of this License Agreement. This License Agreement forms a legally binding contract between you and Google in relation to your use of the GDK.
build	Setup Android SDK	2026-01-21T02:21:03.4545489Z 
build	Setup Android SDK	2026-01-21T02:21:03.4545695Z 1.2 "Glass" means Glass devices and the Glass software stack for use on Glass devices.
build	Setup Android SDK	2026-01-21T02:21:03.4546006Z 
build	Setup Android SDK	2026-01-21T02:21:03.4546011Z 
build	Setup Android SDK	2026-01-21T02:21:03.4546644Z 1.3 "Android" means the Android software stack for devices, as made available under the Android Open Source Project, which is located at the following URL: http://source.android.com/, as updated from time to time.
build	Setup Android SDK	2026-01-21T02:21:03.4547636Z 
build	Setup Android SDK	2026-01-21T02:21:03.4548094Z 1.4 "Google" means Google Inc., a Delaware corporation with principal place of business at 1600 Amphitheatre Parkway, Mountain View, CA 94043, United States.
build	Setup Android SDK	2026-01-21T02:21:03.4548644Z 
build	Setup Android SDK	2026-01-21T02:21:03.4548729Z 2. Accepting this License Agreement
build	Setup Android SDK	2026-01-21T02:21:03.4548888Z 
build	Setup Android SDK	2026-01-21T02:21:03.4549274Z 2.1 In order to use the GDK, you must first agree to this License Agreement. You may not use the GDK if you do not accept this License Agreement.
build	Setup Android SDK	2026-01-21T02:21:03.4549757Z 
build	Setup Android SDK	2026-01-21T02:21:03.4549955Z 2.2 By clicking to accept, you hereby agree to the terms of this License Agreement.
build	Setup Android SDK	2026-01-21T02:21:03.4550255Z 
build	Setup Android SDK	2026-01-21T02:21:03.4550979Z 2.3 You may not use the GDK and may not accept the License Agreement if you are a person barred from receiving the GDK under the laws of the United States or other countries including the country in which you are resident or from which you use the GDK.
build	Setup Android SDK	2026-01-21T02:21:03.4551798Z 
build	Setup Android SDK	2026-01-21T02:21:03.4552913Z 2.4 If you are agreeing to be bound by this License Agreement on behalf of your employer or other entity, you represent and warrant that you have full legal authority to bind your employer or such entity to this License Agreement. If you do not have the requisite authority, you may not accept the License Agreement or use the GDK on behalf of your employer or other entity.
build	Setup Android SDK	2026-01-21T02:21:03.4554110Z 
build	Setup Android SDK	2026-01-21T02:21:03.4554189Z 3. GDK License from Google
build	Setup Android SDK	2026-01-21T02:21:03.4554331Z 
build	Setup Android SDK	2026-01-21T02:21:03.4555058Z 3.1 Subject to the terms of this License Agreement, Google grants you a limited, worldwide, royalty-free, non-assignable and non-exclusive license to use the GDK solely to develop applications to run on the Glass platform for Glass devices.
build	Setup Android SDK	2026-01-21T02:21:03.4555875Z 
build	Setup Android SDK	2026-01-21T02:21:03.4557252Z 3.2 You agree that Google or third parties own all legal right, title and interest in and to the GDK, including any Intellectual Property Rights that subsist in the GDK. "Intellectual Property Rights" means any and all rights under patent law, copyright law, trade secret law, trademark law, and any and all other proprietary rights. Google reserves all rights not expressly granted to you.
build	Setup Android SDK	2026-01-21T02:21:03.4558772Z 
build	Setup Android SDK	2026-01-21T02:21:03.4560668Z 3.3 You may not use the GDK for any purpose not expressly permitted by this License Agreement. Except to the extent required by applicable third party licenses, you may not: (a) copy (except for backup purposes), modify, adapt, redistribute, decompile, reverse engineer, disassemble, or create derivative works of the GDK or any part of the GDK; or (b) load any part of the GDK onto a mobile handset or wearable computing device or any other hardware device except a Glass device personal computer, combine any part of the GDK with other software, or distribute any software or device incorporating a part of the GDK.
build	Setup Android SDK	2026-01-21T02:21:03.4562637Z 
build	Setup Android SDK	2026-01-21T02:21:03.4563380Z 3.4 You agree that you will not take any actions that may cause or result in the fragmentation of Glass, including but not limited to distributing, participating in the creation of, or promoting in any way a software development kit derived from the GDK.
build	Setup Android SDK	2026-01-21T02:21:03.4564215Z 
build	Setup Android SDK	2026-01-21T02:21:03.4564829Z 3.5 Use, reproduction and distribution of components of the GDK licensed under an open source software license are governed solely by the terms of that open source software license and not this License Agreement.
build	Setup Android SDK	2026-01-21T02:21:03.4565546Z 
build	Setup Android SDK	2026-01-21T02:21:03.4566925Z 3.6 You agree that the form and nature of the GDK that Google provides may change without prior notice to you and that future versions of the GDK may be incompatible with applications developed on previous versions of the GDK. You agree that Google may stop (permanently or temporarily) providing the GDK (or any features within the GDK) to you or to users generally at Google's sole discretion, without prior notice to you.
build	Setup Android SDK	2026-01-21T02:21:03.4568435Z 
build	Setup Android SDK	2026-01-21T02:21:03.4568932Z 3.7 Nothing in this License Agreement gives you a right to use any of Google's trade names, trademarks, service marks, logos, domain names, or other distinctive brand features.
build	Setup Android SDK	2026-01-21T02:21:03.4569526Z 
build	Setup Android SDK	2026-01-21T02:21:03.4570067Z 3.8 You agree that you will not remove, obscure, or alter any proprietary rights notices (including copyright and trademark notices) that may be affixed to or contained within the GDK.
build	Setup Android SDK	2026-01-21T02:21:03.4570698Z 
build	Setup Android SDK	2026-01-21T02:21:03.4570702Z 
build	Setup Android SDK	2026-01-21T02:21:03.4571809Z 3.9 Your use of any Android system files, packaged APIs, or other components of the GDK which are part of the Android Software Development Kit is subject to the terms of the Android Software Development Kit License Agreement located at http://developer.android.com/sdk/terms.html. These terms are hereby incorporated by reference into this License Agreement.
build	Setup Android SDK	2026-01-21T02:21:03.4573008Z 
build	Setup Android SDK	2026-01-21T02:21:03.4573085Z 4. Use of the GDK by You
build	Setup Android SDK	2026-01-21T02:21:03.4573222Z 
build	Setup Android SDK	2026-01-21T02:21:03.4574013Z 4.1 Google agrees that it obtains no right, title or interest from you (or your licensors) under this License Agreement in or to any software applications that you develop using the GDK, including any intellectual property rights that subsist in those applications.
build	Setup Android SDK	2026-01-21T02:21:03.4574897Z 
build	Setup Android SDK	2026-01-21T02:21:03.4576541Z 4.2 You agree to use the GDK and write applications only for purposes that are permitted by (a) this License Agreement, (b) the Glass Platform Developer Policies (located at https://developers.google.com/glass/policies, and hereby incorporated into this License Agreement by reference), and (c) any applicable law, regulation or generally accepted practices or guidelines in the relevant jurisdictions (including any laws regarding the export of data or software to and from the United States or other relevant countries).
build	Setup Android SDK	2026-01-21T02:21:03.4578354Z 
build	Setup Android SDK	2026-01-21T02:21:03.4580822Z 4.3 You agree that if you use the GDK to develop applications for general public users, you will protect the privacy and legal rights of those users. If the users provide you with user names, passwords, or other login information or personal information, you must make the users aware that the information will be available to your application, and you must provide legally adequate privacy notice and protection for those users. If your application stores personal or sensitive information provided by users, it must do so securely. If the user provides your application with Google Account information, your application may only use that information to access the user's Google Account when, and for the limited purposes for which, the user has given you permission to do so.
build	Setup Android SDK	2026-01-21T02:21:03.4583445Z 
build	Setup Android SDK	2026-01-21T02:21:03.4584407Z 4.4 You agree that you will not engage in any activity with the GDK, including the development or distribution of an application, that interferes with, disrupts, damages, or accesses in an unauthorized manner the servers, networks, or other properties or services of any third party including, but not limited to, Google.
build	Setup Android SDK	2026-01-21T02:21:03.4585459Z 
build	Setup Android SDK	2026-01-21T02:21:03.4586495Z 4.5 You agree that you are solely responsible for (and that Google has no responsibility to you or to any third party for) any data, content, or resources that you create, transmit or display through Glass and/or applications for Glass, and for the consequences of your actions (including any loss or damage which Google may suffer) by doing so.
build	Setup Android SDK	2026-01-21T02:21:03.4587859Z 
build	Setup Android SDK	2026-01-21T02:21:03.4589082Z 4.6 You agree that you are solely responsible for (and that Google has no responsibility to you or to any third party for) any breach of your obligations under this License Agreement, any applicable third party contract or Terms of Service, or any applicable law or regulation, and for the consequences (including any loss or damage which Google or any third party may suffer) of any such breach.
build	Setup Android SDK	2026-01-21T02:21:03.4590515Z 
build	Setup Android SDK	2026-01-21T02:21:03.4590520Z 
build	Setup Android SDK	2026-01-21T02:21:03.4591660Z 4.7 The GDK is in development, and your testing and feedback are an important part of the development process. By using the GDK, you acknowledge that implementation of some features are still under development and that you should not rely on the GDK, Glass devices, Glass system software, Google Mirror API, or Glass services having the full functionality of a stable release.
build	Setup Android SDK	2026-01-21T02:21:03.4592895Z 
build	Setup Android SDK	2026-01-21T02:21:03.4592977Z 5. Your Developer Credentials
build	Setup Android SDK	2026-01-21T02:21:03.4593127Z 
build	Setup Android SDK	2026-01-21T02:21:03.4593982Z 5.1 You agree that you are responsible for maintaining the confidentiality of any developer credentials that may be issued to you by Google or which you may choose yourself and that you will be solely responsible for all applications that are developed under your developer credentials.
build	Setup Android SDK	2026-01-21T02:21:03.4594928Z 
build	Setup Android SDK	2026-01-21T02:21:03.4595008Z 6. Privacy and Information
build	Setup Android SDK	2026-01-21T02:21:03.4595141Z 
build	Setup Android SDK	2026-01-21T02:21:03.4595145Z 
build	Setup Android SDK	2026-01-21T02:21:03.4596618Z 6.1 In order to continually innovate and improve the GDK, Google may collect certain usage statistics from the software including but not limited to a unique identifier, associated IP address, version number of the software, and information on which tools and/or services in the GDK are being used and how they are being used. Before any of this information is collected, the GDK will notify you and seek your consent. If you withhold consent, the information will not be collected.
build	Setup Android SDK	2026-01-21T02:21:03.4598372Z 
build	Setup Android SDK	2026-01-21T02:21:03.4598736Z 6.2 The data collected is examined in the aggregate to improve the GDK and is maintained in accordance with Google's Privacy Policy.
build	Setup Android SDK	2026-01-21T02:21:03.4599200Z 
build	Setup Android SDK	2026-01-21T02:21:03.4599278Z 7. Third Party Applications
build	Setup Android SDK	2026-01-21T02:21:03.4599415Z 
build	Setup Android SDK	2026-01-21T02:21:03.4601228Z 7.1 If you use the GDK to run applications developed by a third party or that access data, content or resources provided by a third party, you agree that Google is not responsible for those applications, data, content, or resources. You understand that all data, content or resources which you may access through such third party applications are the sole responsibility of the person from which they originated and that Google is not liable for any loss or damage that you may experience as a result of the use or access of any of those third party applications, data, content, or resources.
build	Setup Android SDK	2026-01-21T02:21:03.4603249Z 
build	Setup Android SDK	2026-01-21T02:21:03.4604726Z 7.2 You should be aware the data, content, and resources presented to you through such a third party application may be protected by intellectual property rights which are owned by the providers (or by other persons or companies on their behalf). You may not modify, rent, lease, loan, sell, distribute or create derivative works based on these data, content, or resources (either in whole or in part) unless you have been specifically given permission to do so by the relevant owners.
build	Setup Android SDK	2026-01-21T02:21:03.4606306Z 
build	Setup Android SDK	2026-01-21T02:21:03.4607216Z 7.3 You acknowledge that your use of such third party applications, data, content, or resources may be subject to separate terms between you and the relevant third party. In that case, this License Agreement does not affect your legal relationship with these third parties.
build	Setup Android SDK	2026-01-21T02:21:03.4608134Z 
build	Setup Android SDK	2026-01-21T02:21:03.4608202Z 8. Using Google APIs
build	Setup Android SDK	2026-01-21T02:21:03.4608319Z 
build	Setup Android SDK	2026-01-21T02:21:03.4608393Z 8.1 Google APIs
build	Setup Android SDK	2026-01-21T02:21:03.4608497Z 
build	Setup Android SDK	2026-01-21T02:21:03.4609999Z 8.1.1 If you use any API to retrieve data from Google, you acknowledge that the data may be protected by intellectual property rights which are owned by Google or those parties that provide the data (or by other persons or companies on their behalf). Your use of any such API may be subject to additional Terms of Service. You may not modify, rent, lease, loan, sell, distribute or create derivative works based on this data (either in whole or in part) unless allowed by the relevant Terms of Service.
build	Setup Android SDK	2026-01-21T02:21:03.4611706Z 
build	Setup Android SDK	2026-01-21T02:21:03.4612441Z 8.1.2 If you use any API to retrieve a user's data from Google, you acknowledge and agree that you shall retrieve data only with the user's explicit consent and only when, and for the limited purposes for which, the user has given you permission to do so.
build	Setup Android SDK	2026-01-21T02:21:03.4613263Z 
build	Setup Android SDK	2026-01-21T02:21:03.4613352Z 9. Terminating this License Agreement
build	Setup Android SDK	2026-01-21T02:21:03.4613521Z 
build	Setup Android SDK	2026-01-21T02:21:03.4613814Z 9.1 This License Agreement will continue to apply until terminated by either you or Google as set out below.
build	Setup Android SDK	2026-01-21T02:21:03.4614201Z 
build	Setup Android SDK	2026-01-21T02:21:03.4614556Z 9.2 If you want to terminate this License Agreement, you may do so by ceasing your use of the GDK and any relevant developer credentials.
build	Setup Android SDK	2026-01-21T02:21:03.4615023Z 
build	Setup Android SDK	2026-01-21T02:21:03.4617073Z 9.3 Google may at any time, terminate this License Agreement with you if: (A) you have breached any provision of this License Agreement; or (B) Google is required to do so by law; or (C) the partner with whom Google offered certain parts of GDK (such as APIs) to you has terminated its relationship with Google or ceased to offer certain parts of the GDK to you; or (D) Google decides to no longer provide the GDK or certain parts of the GDK to users in the country in which you are resident or from which you use the service, or the provision of the GDK or certain GDK services to you by Google is, in Google's sole discretion, no longer commercially viable.
build	Setup Android SDK	2026-01-21T02:21:03.4619112Z 
build	Setup Android SDK	2026-01-21T02:21:03.4620470Z 9.4 When this License Agreement comes to an end, all of the legal rights, obligations and liabilities that you and Google have benefited from, been subject to (or which have accrued over time whilst this License Agreement has been in force) or which are expressed to continue indefinitely, shall be unaffected by this cessation, and the provisions of paragraph 14.7 shall continue to apply to such rights, obligations and liabilities indefinitely.
build	Setup Android SDK	2026-01-21T02:21:03.4621919Z 
build	Setup Android SDK	2026-01-21T02:21:03.4621997Z 10. DISCLAIMER OF WARRANTIES
build	Setup Android SDK	2026-01-21T02:21:03.4622135Z 
build	Setup Android SDK	2026-01-21T02:21:03.4622631Z 10.1 YOU EXPRESSLY UNDERSTAND AND AGREE THAT YOUR USE OF THE GDK IS AT YOUR SOLE RISK AND THAT THE GDK IS PROVIDED "AS IS" AND "AS AVAILABLE" WITHOUT WARRANTY OF ANY KIND FROM GOOGLE.
build	Setup Android SDK	2026-01-21T02:21:03.4623343Z 
build	Setup Android SDK	2026-01-21T02:21:03.4624110Z 10.2 YOUR USE OF THE GDK AND ANY MATERIAL DOWNLOADED OR OTHERWISE OBTAINED THROUGH THE USE OF THE GDK IS AT YOUR OWN DISCRETION AND RISK AND YOU ARE SOLELY RESPONSIBLE FOR ANY DAMAGE TO YOUR COMPUTER SYSTEM OR OTHER DEVICE OR LOSS OF DATA THAT RESULTS FROM SUCH USE.
build	Setup Android SDK	2026-01-21T02:21:03.4624974Z 
build	Setup Android SDK	2026-01-21T02:21:03.4625739Z 10.3 GOOGLE FURTHER EXPRESSLY DISCLAIMS ALL WARRANTIES AND CONDITIONS OF ANY KIND, WHETHER EXPRESS OR IMPLIED, INCLUDING, BUT NOT LIMITED TO THE IMPLIED WARRANTIES AND CONDITIONS OF MERCHANTABILITY, FITNESS FOR A PARTICULAR PURPOSE AND NON-INFRINGEMENT.
build	Setup Android SDK	2026-01-21T02:21:03.4626599Z 
build	Setup Android SDK	2026-01-21T02:21:03.4626680Z 11. LIMITATION OF LIABILITY
build	Setup Android SDK	2026-01-21T02:21:03.4626813Z 
build	Setup Android SDK	2026-01-21T02:21:03.4628455Z 11.1 YOU EXPRESSLY UNDERSTAND AND AGREE THAT GOOGLE, ITS SUBSIDIARIES AND AFFILIATES, AND ITS LICENSORS SHALL NOT BE LIABLE TO YOU UNDER ANY THEORY OF LIABILITY FOR ANY DIRECT, INDIRECT, INCIDENTAL, SPECIAL, CONSEQUENTIAL OR EXEMPLARY DAMAGES THAT MAY BE INCURRED BY YOU, INCLUDING ANY LOSS OF DATA, WHETHER OR NOT GOOGLE OR ITS REPRESENTATIVES HAVE BEEN ADVISED OF OR SHOULD HAVE BEEN AWARE OF THE POSSIBILITY OF ANY SUCH LOSSES ARISING.
build	Setup Android SDK	2026-01-21T02:21:03.4629924Z 
build	Setup Android SDK	2026-01-21T02:21:03.4629994Z 12. Indemnification
build	Setup Android SDK	2026-01-21T02:21:03.4630105Z 
build	Setup Android SDK	2026-01-21T02:21:03.4632344Z 12.1 To the maximum extent permitted by law, you agree to defend, indemnify and hold harmless Google, its affiliates and their respective directors, officers, employees and agents from and against any and all claims, actions, suits or proceedings, as well as any and all losses, liabilities, damages, costs and expenses (including reasonable attorneys fees) arising out of or accruing from (a) your use of the GDK, (b) any application you develop on the GDK that infringes any copyright, trademark, trade secret, trade dress, patent or other intellectual property right of any person or defames any person or violates their rights of publicity or privacy, and (c) any non-compliance by you with this License Agreement.
build	Setup Android SDK	2026-01-21T02:21:03.4634788Z 
build	Setup Android SDK	2026-01-21T02:21:03.4634875Z 13. Changes to the License Agreement
build	Setup Android SDK	2026-01-21T02:21:03.4635036Z 
build	Setup Android SDK	2026-01-21T02:21:03.4635729Z 13.1 Google may make changes to the License Agreement as it distributes new versions of the GDK. When these changes are made, Google will make a new version of the License Agreement available on the website where the GDK is made available.
build	Setup Android SDK	2026-01-21T02:21:03.4636534Z 
build	Setup Android SDK	2026-01-21T02:21:03.4636607Z 14. General Legal Terms
build	Setup Android SDK	2026-01-21T02:21:03.4636729Z 
build	Setup Android SDK	2026-01-21T02:21:03.4637849Z 14.1 This License Agreement constitutes the whole legal agreement between you and Google and governs your use of the GDK (excluding any services which Google may provide to you under a separate written agreement), and completely replaces any prior agreements between you and Google in relation to the GDK.
build	Setup Android SDK	2026-01-21T02:21:03.4666279Z 
build	Setup Android SDK	2026-01-21T02:21:03.4667644Z 14.2 You agree that if Google does not exercise or enforce any legal right or remedy which is contained in this License Agreement (or which Google has the benefit of under any applicable law), this will not be taken to be a formal waiver of Google's rights and that those rights or remedies will still be available to Google.
build	Setup Android SDK	2026-01-21T02:21:03.4668771Z 
build	Setup Android SDK	2026-01-21T02:21:03.4669841Z 14.3 If any court of law, having the jurisdiction to decide on this matter, rules that any provision of this License Agreement is invalid, then that provision will be removed from this License Agreement without affecting the rest of this License Agreement. The remaining provisions of this License Agreement will continue to be valid and enforceable.
build	Setup Android SDK	2026-01-21T02:21:03.4671008Z 
build	Setup Android SDK	2026-01-21T02:21:03.4672620Z 14.4 You acknowledge and agree that each member of the group of companies of which Google is the parent shall be third party beneficiaries to this License Agreement and that such other companies shall be entitled to directly enforce, and rely upon, any provision of this License Agreement that confers a benefit on (or rights in favor of) them. Other than this, no other person or company shall be third party beneficiaries to this License Agreement.
build	Setup Android SDK	2026-01-21T02:21:03.4674859Z 
build	Setup Android SDK	2026-01-21T02:21:03.4675677Z 14.5 EXPORT RESTRICTIONS. THE GDK IS SUBJECT TO UNITED STATES EXPORT LAWS AND REGULATIONS. YOU MUST COMPLY WITH ALL DOMESTIC AND INTERNATIONAL EXPORT LAWS AND REGULATIONS THAT APPLY TO THE GDK. THESE LAWS INCLUDE RESTRICTIONS ON DESTINATIONS, END USERS AND END USE.
build	Setup Android SDK	2026-01-21T02:21:03.4676653Z 
build	Setup Android SDK	2026-01-21T02:21:03.4678283Z 14.6 The rights granted in this License Agreement may not be assigned or transferred by either you or Google without the prior written approval of the other party. Neither you nor Google shall be permitted to delegate their responsibilities or obligations under this License Agreement without the prior written approval of the other party.
build	Setup Android SDK	2026-01-21T02:21:03.4679564Z 
build	Setup Android SDK	2026-01-21T02:21:03.4681638Z 14.7 This License Agreement, and your relationship with Google under this License Agreement, shall be governed by the laws of the State of California without regard to its conflict of laws provisions. You and Google agree to submit to the exclusive jurisdiction of the courts located within the county of Santa Clara, California to resolve any legal matter arising from this License Agreement. Notwithstanding this, you agree that Google shall still be allowed to apply for injunctive remedies (or an equivalent type of urgent legal relief) in any jurisdiction.
build	Setup Android SDK	2026-01-21T02:21:03.4683655Z 
build	Setup Android SDK	2026-01-21T02:21:03.4683734Z November 19, 2013
build	Setup Android SDK	2026-01-21T02:21:03.4683917Z ---------------------------------------
build	Setup Android SDK	2026-01-21T02:21:03.4684154Z Accept? (y/N): 
build	Setup Android SDK	2026-01-21T02:21:03.4684362Z 6/6: License mips-android-sysimage-license:
build	Setup Android SDK	2026-01-21T02:21:03.4684630Z ---------------------------------------
build	Setup Android SDK	2026-01-21T02:21:03.4686673Z MIPS Technologies, Inc. (“MIPS”) Internal Evaluation License Agreement for MIPS Android™ System Images for Android Software Development Kit (SDK): This Internal Evaluation License Agreement (this "Agreement") is entered into by and between MIPS and you (as an individual developer or a legal entity -- identified below as “Recipient”). MIPS shall make the Evaluation Software available to Recipient as described in accordance with the terms and conditions set forth below.
build	Setup Android SDK	2026-01-21T02:21:03.4688538Z 
build	Setup Android SDK	2026-01-21T02:21:03.4690470Z By clicking on the “Accept” button, downloading, installing, or otherwise using the Evaluation Materials (defined below), you agree to be bound by the terms of this Agreement effective as of the date you click “Accept” (the “Effective Date”), and if doing so on behalf of an entity, you represent that you are authorized to bind the entity to the terms and conditions of this Agreement. If you do not agree to be bound by the terms and conditions of this Agreement, do not download, install, or use the Evaluation Materials.
build	Setup Android SDK	2026-01-21T02:21:03.4692164Z 
build	Setup Android SDK	2026-01-21T02:21:03.4692319Z 1. DEFINITIONS. These terms shall have the following meanings:
build	Setup Android SDK	2026-01-21T02:21:03.4692600Z 
build	Setup Android SDK	2026-01-21T02:21:03.4693156Z 1.1 “MIPS” shall mean MIPS Technologies, Inc., a Delaware corporation having a principal place of business at: 955 East Arques Ave., Sunnyvale, CA 94085
build	Setup Android SDK	2026-01-21T02:21:03.4693678Z 
build	Setup Android SDK	2026-01-21T02:21:03.4694252Z 1.2 “Evaluation Software” shall mean MIPS Android™ emulator system images for Android Software Development Kit (SDK), as made available to Recipient.
build	Setup Android SDK	2026-01-21T02:21:03.4695041Z 
build	Setup Android SDK	2026-01-21T02:21:03.4696204Z 1.3 “Evaluation Materials" means, collectively, the Evaluation Software (in source and/or object code form) and documentation (including, without limitation, any design documents, specifications, reference manuals, and other related materials) related to the Evaluation Software as made available to Recipient.
build	Setup Android SDK	2026-01-21T02:21:03.4697510Z 
build	Setup Android SDK	2026-01-21T02:21:03.4701184Z 1.4 “Open Source Software” means any software that requires (as a condition of use, modification and/or distribution of such software) that such software or other software incorporated into, derived from or distributed with such software (a) be disclosed or distributed in source code form; or (b) be licensed by the user to third parties for the purpose of making and/or distributing derivative works; or (c) be redistributable at no charge. Open Source Software includes, without limitation, software licensed or distributed under any of the following licenses or distribution models, or licenses or distribution models substantially similar to any of the following: (a) GNU’s General Public License (GPL) or Lesser/Library GPL (LGPL), (b) the Artistic License (e.g., PERL), (c) the Mozilla Public License, (d) the Netscape Public License, (e) the Sun Community Source License (SCSL), (f) the Sun Industry Source License (SISL), (g) the Apache Software license and (h) the Common Public License (CPL).
build	Setup Android SDK	2026-01-21T02:21:03.4704529Z 
build	Setup Android SDK	2026-01-21T02:21:03.4705612Z 1.5 “Pre-Release Materials” means “alpha” or “beta” designated pre-release features, which may not be fully functional, which MIPS may substantially modify in producing any production version of the Evaluation Materials, and/or which is still under development by MIPS and/or MIPS’ suppliers.
build	Setup Android SDK	2026-01-21T02:21:03.4706622Z 
build	Setup Android SDK	2026-01-21T02:21:03.4708692Z 2. PURPOSE. MIPS desires to make the Evaluation Materials available to Recipient solely for Recipient's internal evaluation of the Evaluation Software to evaluate the desirability of cooperating with MIPS in developing products that are compatible with the Evaluation Software and/or to advise MIPS as to possible modifications to the Evaluation Software. Recipient may not disclose, distribute, modify (except to facilitate the above-mentioned internal evaluation), or make commercial use of the Evaluation Materials or any modifications of the Evaluation Materials.
build	Setup Android SDK	2026-01-21T02:21:03.4710759Z 
build	Setup Android SDK	2026-01-21T02:21:03.4712111Z THE EVALUATION MATERIALS ARE PROVIDED FOR EVALUATION PURPOSES ONLY AND MAY NOT BE MODIFIED (EXCEPT TO FACILITATE THE INTERNAL EVALUATION) OR DISTRIBUTED BY RECIPIENT OR INCORPORATED INTO RECIPIENT’S PRODUCTS OR SOFTWARE. PLEASE CONTACT A MIPS SALES REPRESENTATIVE TO LEARN ABOUT THE AVAILABILITY AND COST OF A COMMERCIAL VERSION OF THE EVALUATION SOFTWARE.
build	Setup Android SDK	2026-01-21T02:21:03.4713333Z 
build	Setup Android SDK	2026-01-21T02:21:03.4714218Z 3. TITLE. Title to the Evaluation Materials remains with MIPS or its suppliers. Recipient shall not mortgage, pledge or encumber the Evaluation Materials in any way. Recipient shall return all Evaluation Materials, keeping no copies, upon termination or expiration of this Agreement.
build	Setup Android SDK	2026-01-21T02:21:03.4715174Z 
build	Setup Android SDK	2026-01-21T02:21:03.4721271Z 4. LICENSE. MIPS grants Recipient a royalty-free, personal, nontransferable, nonexclusive license under its copyrights to use the Evaluation Software only for the purposes described in paragraph 2 above and only for a period beginning on the Effective Date and extending to the first anniversary of the Effective Date (the “Evaluation Period”). Unless otherwise communicated in writing by MIPS to Recipient, to the extent the Evaluation Software is provided in more than one delivery or release (each, a “Release”) the license grant in this Section 4 and the Evaluation Period shall apply to each Release, in which case the Evaluation Period shall begin on the date that the Release is made generally available and continue to the first anniversary of such date. Recipient may not make modifications to the Evaluation Software. Recipient shall not disassemble, reverse-engineer, or decompile any software that is not provided to Recipient in source code form.
build	Setup Android SDK	2026-01-21T02:21:03.4725308Z 
build	Setup Android SDK	2026-01-21T02:21:03.4725319Z 
build	Setup Android SDK	2026-01-21T02:21:03.4726379Z EXCEPT AS PROVIDED HEREIN, NO OTHER LICENSE, EXPRESS OR IMPLIED, BY ESTOPPEL OR OTHERWISE, TO ANY OTHER MIPS INTELLECTUAL PROPERTY RIGHTS IS GRANTED TO THE RECIPIENT. OTHER THAN AS EXPLICITLY SET FORTH IN PARAGRAPH 2 ABOVE, NO RIGHT TO COPY, TO REPRODUCE, TO MODIFY, OR TO CREATE DERIVATIVE WORKS OF, THE EVALUATION MATERIALS IS GRANTED HEREIN.
build	Setup Android SDK	2026-01-21T02:21:03.4727721Z 
build	Setup Android SDK	2026-01-21T02:21:03.4728505Z 5. NO OBLIGATION. Recipient shall have no duty to purchase or license any product from MIPS. MIPS and its suppliers shall have no obligation to provide support for, or develop a non-evaluation version of, the Evaluation Software or to license any version of it.
build	Setup Android SDK	2026-01-21T02:21:03.4729550Z 
build	Setup Android SDK	2026-01-21T02:21:03.4733310Z 6. MODIFICATIONS. This Agreement does not obligate Recipient to provide MIPS with comments or suggestions regarding Evaluation Materials. However, should Recipient provide MIPS with comments or suggestions for the modification, correction, improvement or enhancement of (a) the Evaluation Materials or (b) MIPS products or processes which may embody the Evaluation Materials, then Recipient agrees to grant and hereby grants to MIPS a non-exclusive, irrevocable, worldwide, fully paid-up, royalty-free license, with the right to sublicense MIPS’ licensees and customers, under Recipient’s Intellectual property rights, to use and disclose such comments and suggestions in any manner MIPS chooses and to display, perform, copy, make, have made, use, sell, offer to sell, import, and otherwise dispose of MIPS’ and its sublicensee’s products embodying such comments and suggestions in any manner and via any media MIPS chooses, without reference to the source.
build	Setup Android SDK	2026-01-21T02:21:03.4737014Z 
build	Setup Android SDK	2026-01-21T02:21:03.4738879Z 7. WARRANTY DISCLAIMER. MIPS AND ITS SUPPLIERS MAKE NO WARRANTIES WITH RESPECT TO EVALUATION MATERIALS, EITHER EXPRESS OR IMPLIED, INCLUDING ANY IMPLIED WARRANTIES OF MERCHANTABILITY OR FITNESS FOR A PARTICULAR PURPOSE, OR ANY IMPLIED WARRANTY OF NONINFRINGEMENT WITH RESPECT TO THIRD PARTY INTELLECTUAL PROPERTY. RECIPIENT ACKNOWLEDGES AND AGREES THAT THE EVALUATION MATERIALS ARE PROVIDED “AS IS,” WITHOUT WARRANTY OF ANY KIND.
build	Setup Android SDK	2026-01-21T02:21:03.4740519Z 
build	Setup Android SDK	2026-01-21T02:21:03.4742569Z 8. LIMITATION OF LIABILITY. MIPS AND ITS SUPPLIERS SHALL NOT BE LIABLE FOR ANY PROPERTY DAMAGE, PERSONAL INJURY, LOSS OF PROFITS, INTERRUPTION OF BUSINESS OR FOR ANY DIRECT, INDIRECT, SPECIAL, CONSEQUENTIAL OR INCIDENTAL DAMAGES, HOWEVER CAUSED OR ALLEGED, WHETHER FOR BREACH OF WARRANTY, CONTRACT, STRICT LIABILITY OR OTHERWISE, INCLUDING WITHOUT LIMITATION, UNDER TORT OR OTHER LEGAL THEORY. MIPS AND ITS SUPPLIERS DISCLAIM ANY AND ALL LIABILITY, INCLUDING LIABILITY FOR INFRINGEMENT OF ANY INTELLECTUAL PROPERTY RIGHTS OF ANY KIND RELATING TO THE EVALUATION MATERIALS.
build	Setup Android SDK	2026-01-21T02:21:03.4744621Z 
build	Setup Android SDK	2026-01-21T02:21:03.4745330Z 9. EXPIRATION. MIPS may terminate this Agreement immediately after a breach by Recipient or otherwise at MIPS’ reasonable discretion and upon five (5) business days’ notice to Recipient.
build	Setup Android SDK	2026-01-21T02:21:03.4745990Z 
build	Setup Android SDK	2026-01-21T02:21:03.4746059Z 10. GENERAL.
build	Setup Android SDK	2026-01-21T02:21:03.4746168Z 
build	Setup Android SDK	2026-01-21T02:21:03.4749524Z 10.1 Controlling Law. This Agreement shall be governed by California law excluding its choice of law rules. With the exception of MIPS’ rights to enforce its intellectual property rights and any confidentiality obligations under this Agreement or any licenses distributed with the Evaluation Materials, all disputes and any claims arising under or relating to this Agreement shall be subject to the exclusive jurisdiction and venue of the state and federal courts located in Santa Clara County, California. Each party hereby agrees to jurisdiction and venue in the courts set forth in the preceding sentence. The parties agree that the United Nations Convention on Contracts for the International Sale of Goods is specifically excluded from application to this Agreement. The parties consent to the personal jurisdiction of the above courts.
build	Setup Android SDK	2026-01-21T02:21:03.4752353Z 
build	Setup Android SDK	2026-01-21T02:21:03.4754894Z 10.2 Remedies. Recipient acknowledges and agrees that any breach of confidentiality obligations under this Agreement or any licenses distributed with the Evaluation Materials, as well as any disclosure, commercialization, or public use of the Evaluation Materials, would cause irreparable injury to MIPS, and therefore Recipient agrees to consent to, and hereby consents to, the grant of an injunction by any court of competent jurisdiction in the event of an actual or threatened breach.
build	Setup Android SDK	2026-01-21T02:21:03.4758383Z 
build	Setup Android SDK	2026-01-21T02:21:03.4762115Z 10.3 Assignment. Recipient may not delegate, assign or transfer this Agreement, the license granted or any of Recipient’s rights, obligations, or duties hereunder, expressly, by implication, by operation of law, by way of merger (regardless of whether Recipient is the surviving entity) or acquisition, or otherwise and any attempt to do so, without MIPS’ express prior written consent, shall be ineffective, null and void. MIPS may freely assign this Agreement, and its rights and obligations hereunder, in its sole discretion.
build	Setup Android SDK	2026-01-21T02:21:03.4765424Z 
build	Setup Android SDK	2026-01-21T02:21:03.4768467Z 10.4 Entire Agreement. This Agreement constitutes the entire agreement between Recipient and MIPS and supersedes in their entirety any and all oral or written agreements previously existing between Recipient and MIPS with respect to the subject matter hereof. This Agreement may only be amended or supplemented by a writing that refers explicitly to this Agreement and that is signed or otherwise accepted by duly authorized representatives of Recipient and MIPS.
build	Setup Android SDK	2026-01-21T02:21:03.4771451Z 
build	Setup Android SDK	2026-01-21T02:21:03.4774888Z 10.5 Severability. In the event that any provision of this Agreement is finally adjudicated to be unenforceable or invalid under any applicable law, such unenforceability or invalidity shall not render this Agreement unenforceable or invalid as a whole, and, in such event, such unenforceable or invalid provision shall be interpreted so as to best accomplish the objectives of such provision within the limits of applicable law or applicable court decisions.
build	Setup Android SDK	2026-01-21T02:21:03.4778256Z 
build	Setup Android SDK	2026-01-21T02:21:03.4786613Z 10.6 Export Regulations / Export Control. Recipient shall not export, either directly or indirectly, any product, service or technical data or system incorporating the Evaluation Materials without first obtaining any required license or other necessary approval from the U.S. Department of Commerce or any other governing agency or department of the United States Government. In the event any product is exported from the United States or re-exported from a foreign destination by Recipient, Recipient shall ensure that the distribution and export/re-export or import of the product is in compliance with all applicable laws, regulations, orders, or other restrictions of the U.S. Export Administration Regulations and the appropriate foreign government. Recipient agrees that neither it nor any of its subsidiaries will export/re-export any technical data, process, product, or service, directly or indirectly, to any country for which the United States government or any agency thereof or the foreign government from where it is shipping requires an export license, or other governmental approval, without first obtaining such license or approval. Recipient also agrees to implement measures to ensure that foreign national employees are authorized to receive any information controlled by U.S. export control laws. An export is "deemed" to take place when information is released to a foreign national wherever located.
build	Setup Android SDK	2026-01-21T02:21:03.4796093Z 
build	Setup Android SDK	2026-01-21T02:21:03.4802689Z 10.7 Special Terms for Pre-Release Materials. If so indicated in the description of the Evaluation Software, the Evaluation Software may contain Pre-Release Materials. Recipient hereby understands, acknowledges and agrees that: (i) Pre-Release Materials may not be fully tested and may contain bugs or errors; (ii) Pre-Release materials are not suitable for commercial release in their current state; (iii) regulatory approvals for Pre-Release Materials (such as UL or FCC) have not been obtained, and Pre-Release Materials may therefore not be certified for use in certain countries or environments or may not be suitable for certain applications and (iv) MIPS can provide no assurance that it will ever produce or make generally available a production version of the Pre-Release Materials . MIPS is not under any obligation to develop and/or release or offer for sale or license a final product based upon the Pre-Release Materials and may unilaterally elect to abandon the Pre-Release Materials or any such development platform at any time and without any obligation or liability whatsoever to Recipient or any other person.
build	Setup Android SDK	2026-01-21T02:21:03.4810228Z 
build	Setup Android SDK	2026-01-21T02:21:03.4811462Z ANY PRE-RELEASE MATERIALS ARE NON-QUALIFIED AND, AS SUCH, ARE PROVIDED “AS IS” AND “AS AVAILABLE”, POSSIBLY WITH FAULTS, AND WITHOUT REPRESENTATION OR WARRANTY OF ANY KIND.
build	Setup Android SDK	2026-01-21T02:21:03.4812620Z 
build	Setup Android SDK	2026-01-21T02:21:03.4816419Z 10.8 Open Source Software. In the event Open Source software is included with Evaluation Software, such Open Source software is licensed pursuant to the applicable Open Source software license agreement identified in the Open Source software comments in the applicable source code file(s) and/or file header as indicated in the Evaluation Software. Additional detail may be available (where applicable) in the accompanying on-line documentation. With respect to the Open Source software, nothing in this Agreement limits any rights under, or grants rights that supersede, the terms of any applicable Open Source software license agreement.
build	Setup Android SDK	2026-01-21T02:21:03.4820663Z ---------------------------------------
build	Setup Android SDK	2026-01-21T02:21:03.4821156Z Accept? (y/N): All SDK package licenses accepted
build	Setup Android SDK	2026-01-21T02:21:03.4821514Z 
build	Setup Android SDK	2026-01-21T02:21:03.4821857Z [command]/usr/local/lib/android/sdk/cmdline-tools/16.0/bin/sdkmanager tools
build	Setup Android SDK	2026-01-21T02:21:04.1586819Z Loading package information...                                                  
build	Setup Android SDK	2026-01-21T02:21:04.2533010Z Loading local repository...                                                     
build	Setup Android SDK	2026-01-21T02:21:04.2537491Z [                                       ] 3% Loading local repository...        
build	Setup Android SDK	2026-01-21T02:21:04.2627766Z [                                       ] 3% Fetch remote repository...         
build	Setup Android SDK	2026-01-21T02:21:04.6035204Z [=                                      ] 3% Fetch remote repository...         
build	Setup Android SDK	2026-01-21T02:21:04.6781806Z [=                                      ] 4% Fetch remote repository...         
build	Setup Android SDK	2026-01-21T02:21:04.7109479Z [=                                      ] 5% Fetch remote repository...         
build	Setup Android SDK	2026-01-21T02:21:04.7744355Z [==                                     ] 5% Fetch remote repository...         
build	Setup Android SDK	2026-01-21T02:21:04.8567885Z [==                                     ] 6% Fetch remote repository...         
build	Setup Android SDK	2026-01-21T02:21:04.9345501Z [==                                     ] 7% Fetch remote repository...         
build	Setup Android SDK	2026-01-21T02:21:04.9349933Z [==                                     ] 7% Computing updates...               
build	Setup Android SDK	2026-01-21T02:21:04.9478672Z [===                                    ] 8% Computing updates...               
build	Setup Android SDK	2026-01-21T02:21:04.9621727Z [===                                    ] 10% Computing updates...              
build	Setup Android SDK	2026-01-21T02:21:05.4818155Z [===                                    ] 10% Installing Android Emulator       
build	Setup Android SDK	2026-01-21T02:21:05.6043763Z [===                                    ] 10% Downloading emulator-linux_x64-144
build	Setup Android SDK	2026-01-21T02:21:05.7258660Z [====                                   ] 10% Downloading emulator-linux_x64-144
build	Setup Android SDK	2026-01-21T02:21:05.9331370Z [====                                   ] 11% Downloading emulator-linux_x64-144
build	Setup Android SDK	2026-01-21T02:21:06.1176662Z [====                                   ] 12% Downloading emulator-linux_x64-144
build	Setup Android SDK	2026-01-21T02:21:06.2980453Z [=====                                  ] 13% Downloading emulator-linux_x64-144
build	Setup Android SDK	2026-01-21T02:21:06.4596018Z [=====                                  ] 14% Downloading emulator-linux_x64-144
build	Setup Android SDK	2026-01-21T02:21:06.5574377Z [=====                                  ] 15% Downloading emulator-linux_x64-144
build	Setup Android SDK	2026-01-21T02:21:06.6361318Z [======                                 ] 15% Downloading emulator-linux_x64-144
build	Setup Android SDK	2026-01-21T02:21:06.8338145Z [======                                 ] 16% Downloading emulator-linux_x64-144
build	Setup Android SDK	2026-01-21T02:21:07.0241181Z [======                                 ] 17% Downloading emulator-linux_x64-144
build	Setup Android SDK	2026-01-21T02:21:07.2049490Z [=======                                ] 18% Downloading emulator-linux_x64-144
build	Setup Android SDK	2026-01-21T02:21:07.3963237Z [=======                                ] 19% Downloading emulator-linux_x64-144
build	Setup Android SDK	2026-01-21T02:21:07.4837576Z [=======                                ] 20% Downloading emulator-linux_x64-144
build	Setup Android SDK	2026-01-21T02:21:07.5993809Z [========                               ] 20% Downloading emulator-linux_x64-144
build	Setup Android SDK	2026-01-21T02:21:07.7272681Z [========                               ] 21% Downloading emulator-linux_x64-144
build	Setup Android SDK	2026-01-21T02:21:07.8041762Z [========                               ] 21% Unzipping...                      
build	Setup Android SDK	2026-01-21T02:21:07.8043686Z [========                               ] 21% Unzipping... emulator/            
build	Setup Android SDK	2026-01-21T02:21:07.8044402Z [========                               ] 21% Unzipping... emulator/resources/  
build	Setup Android SDK	2026-01-21T02:21:07.8497947Z [========                               ] 21% Unzipping... emulator/qsn         
build	Setup Android SDK	2026-01-21T02:21:07.8643337Z [========                               ] 21% Unzipping... emulator/emulator    
build	Setup Android SDK	2026-01-21T02:21:07.9295514Z [========                               ] 21% Unzipping... emulator/netsimd     
build	Setup Android SDK	2026-01-21T02:21:07.9988753Z [========                               ] 22% Unzipping... emulator/netsimd     
build	Setup Android SDK	2026-01-21T02:21:07.9990948Z [========                               ] 22% Unzipping... emulator/bin64/      
build	Setup Android SDK	2026-01-21T02:21:07.9993834Z [========                               ] 22% Unzipping... emulator/android-info
build	Setup Android SDK	2026-01-21T02:21:07.9995086Z [========                               ] 22% Unzipping... emulator/qemu/       
build	Setup Android SDK	2026-01-21T02:21:08.0026449Z [========                               ] 22% Unzipping... emulator/NOTICE.txt  
build	Setup Android SDK	2026-01-21T02:21:08.0191505Z [========                               ] 22% Unzipping... emulator/crashpad_han
build	Setup Android SDK	2026-01-21T02:21:08.0194886Z [========                               ] 22% Unzipping... emulator/source.prope
build	Setup Android SDK	2026-01-21T02:21:08.0667339Z [========                               ] 22% Unzipping... emulator/nimble_bridg
build	Setup Android SDK	2026-01-21T02:21:08.0672429Z [========                               ] 22% Unzipping... emulator/LICENSE     
build	Setup Android SDK	2026-01-21T02:21:08.0673136Z [========                               ] 22% Unzipping... emulator/lib/        
build	Setup Android SDK	2026-01-21T02:21:08.0798377Z [========                               ] 22% Unzipping... emulator/qemu-img    
build	Setup Android SDK	2026-01-21T02:21:08.0799964Z [========                               ] 22% Unzipping... emulator/include/    
build	Setup Android SDK	2026-01-21T02:21:08.0807376Z [========                               ] 22% Unzipping... emulator/NOTICE.csv  
build	Setup Android SDK	2026-01-21T02:21:08.0809406Z [========                               ] 22% Unzipping... emulator/lib64/      
build	Setup Android SDK	2026-01-21T02:21:08.1039800Z [========                               ] 22% Unzipping... emulator/emulator-che
build	Setup Android SDK	2026-01-21T02:21:08.1291017Z [========                               ] 22% Unzipping... emulator/crashreport 
build	Setup Android SDK	2026-01-21T02:21:08.1295125Z [========                               ] 22% Unzipping... emulator/mksdcard    
build	Setup Android SDK	2026-01-21T02:21:08.1637953Z [========                               ] 22% Unzipping... emulator/resources/To
build	Setup Android SDK	2026-01-21T02:21:08.1638744Z [========                               ] 22% Unzipping... emulator/resources/ma
build	Setup Android SDK	2026-01-21T02:21:08.1650754Z [========                               ] 22% Unzipping... emulator/resources/po
build	Setup Android SDK	2026-01-21T02:21:08.1745152Z [========                               ] 22% Unzipping... emulator/resources/ma
build	Setup Android SDK	2026-01-21T02:21:08.1779694Z [========                               ] 22% Unzipping... emulator/bin64/e2fsck
build	Setup Android SDK	2026-01-21T02:21:08.1814668Z [========                               ] 22% Unzipping... emulator/bin64/fsck.e
build	Setup Android SDK	2026-01-21T02:21:08.1838687Z [========                               ] 22% Unzipping... emulator/bin64/tune2f
build	Setup Android SDK	2026-01-21T02:21:08.1852209Z [========                               ] 22% Unzipping... emulator/bin64/resize
build	Setup Android SDK	2026-01-21T02:21:08.1877468Z [========                               ] 22% Unzipping... emulator/bin64/mkfs.e
build	Setup Android SDK	2026-01-21T02:21:08.2264812Z [========                               ] 22% Unzipping... emulator/qemu/linux-x
build	Setup Android SDK	2026-01-21T02:21:08.5807616Z [=========                              ] 23% Unzipping... emulator/qemu/linux-x
build	Setup Android SDK	2026-01-21T02:21:08.9119728Z [=========                              ] 24% Unzipping... emulator/qemu/linux-x
build	Setup Android SDK	2026-01-21T02:21:09.0724559Z [=========                              ] 25% Unzipping... emulator/qemu/linux-x
build	Setup Android SDK	2026-01-21T02:21:09.2546579Z [==========                             ] 25% Unzipping... emulator/qemu/linux-x
build	Setup Android SDK	2026-01-21T02:21:09.2550599Z [==========                             ] 25% Unzipping... emulator/lib/emulator
build	Setup Android SDK	2026-01-21T02:21:09.2551866Z [==========                             ] 25% Unzipping... emulator/lib/rtc_serv
build	Setup Android SDK	2026-01-21T02:21:09.2556126Z [==========                             ] 25% Unzipping... emulator/lib/advanced
build	Setup Android SDK	2026-01-21T02:21:09.2557018Z [==========                             ] 25% Unzipping... emulator/lib/cmake/  
build	Setup Android SDK	2026-01-21T02:21:09.2560267Z [==========                             ] 25% Unzipping... emulator/lib/emulator
build	Setup Android SDK	2026-01-21T02:21:09.2562821Z [==========                             ] 25% Unzipping... emulator/lib/control_
build	Setup Android SDK	2026-01-21T02:21:09.2565597Z [==========                             ] 25% Unzipping... emulator/lib/emulated
build	Setup Android SDK	2026-01-21T02:21:09.2568679Z [==========                             ] 25% Unzipping... emulator/lib/rtc_serv
build	Setup Android SDK	2026-01-21T02:21:09.2572023Z [==========                             ] 25% Unzipping... emulator/lib/emu-orig
build	Setup Android SDK	2026-01-21T02:21:09.2574186Z [==========                             ] 25% Unzipping... emulator/lib/hardware
build	Setup Android SDK	2026-01-21T02:21:09.2576190Z [==========                             ] 26% Unzipping... emulator/lib/hardware
build	Setup Android SDK	2026-01-21T02:21:09.2577273Z [==========                             ] 26% Unzipping... emulator/lib/pkgconfi
build	Setup Android SDK	2026-01-21T02:21:09.2586101Z [==========                             ] 26% Unzipping... emulator/lib/pc-bios/
build	Setup Android SDK	2026-01-21T02:21:09.2586734Z [==========                             ] 26% Unzipping... emulator/lib/snapshot
build	Setup Android SDK	2026-01-21T02:21:09.2587433Z [==========                             ] 26% Unzipping... emulator/lib/adb_serv
build	Setup Android SDK	2026-01-21T02:21:09.2592307Z [==========                             ] 26% Unzipping... emulator/lib/hostapd.
build	Setup Android SDK	2026-01-21T02:21:09.2594875Z [==========                             ] 26% Unzipping... emulator/lib/grpc_end
build	Setup Android SDK	2026-01-21T02:21:09.2610973Z [==========                             ] 26% Unzipping... emulator/lib/ca-bundl
build	Setup Android SDK	2026-01-21T02:21:09.2613632Z [==========                             ] 26% Unzipping... emulator/lib/ui_contr
build	Setup Android SDK	2026-01-21T02:21:09.2617030Z [==========                             ] 26% Unzipping... emulator/lib/snapshot
build	Setup Android SDK	2026-01-21T02:21:09.2619844Z [==========                             ] 26% Unzipping... emulator/lib/ice_conf
build	Setup Android SDK	2026-01-21T02:21:09.2937851Z [==========                             ] 26% Unzipping... emulator/lib/libflatb
build	Setup Android SDK	2026-01-21T02:21:09.2943856Z [==========                             ] 26% Unzipping... emulator/lib/emulator
build	Setup Android SDK	2026-01-21T02:21:09.2947297Z [==========                             ] 26% Unzipping... emulator/lib/waterfal
build	Setup Android SDK	2026-01-21T02:21:09.2950585Z [==========                             ] 26% Unzipping... emulator/lib/emulated
build	Setup Android SDK	2026-01-21T02:21:09.2964691Z [==========                             ] 26% Unzipping... emulator/lib/cmake/fl
build	Setup Android SDK	2026-01-21T02:21:09.2968276Z [==========                             ] 26% Unzipping... emulator/lib/pkgconfi
build	Setup Android SDK	2026-01-21T02:21:09.3149325Z [==========                             ] 26% Unzipping... emulator/lib/pc-bios/
build	Setup Android SDK	2026-01-21T02:21:09.3231156Z [==========                             ] 26% Unzipping... emulator/include/flat
build	Setup Android SDK	2026-01-21T02:21:09.3301756Z [==========                             ] 26% Unzipping... emulator/lib64/libgli
build	Setup Android SDK	2026-01-21T02:21:09.3422840Z [==========                             ] 26% Unzipping... emulator/lib64/libpro
build	Setup Android SDK	2026-01-21T02:21:09.3424534Z [==========                             ] 26% Unzipping... emulator/lib64/qt/   
build	Setup Android SDK	2026-01-21T02:21:09.3815565Z [==========                             ] 26% Unzipping... emulator/lib64/liband
build	Setup Android SDK	2026-01-21T02:21:09.4529358Z [==========                             ] 26% Unzipping... emulator/lib64/libgfx
build	Setup Android SDK	2026-01-21T02:21:09.4537267Z [==========                             ] 26% Unzipping... emulator/lib64/liband
build	Setup Android SDK	2026-01-21T02:21:09.4537929Z [==========                             ] 26% Unzipping... emulator/lib64/vulkan
build	Setup Android SDK	2026-01-21T02:21:09.4538697Z [==========                             ] 26% Unzipping... emulator/lib64/gles_s
build	Setup Android SDK	2026-01-21T02:21:09.4542413Z [==========                             ] 26% Unzipping... emulator/lib64/libemu
build	Setup Android SDK	2026-01-21T02:21:09.4669562Z [==========                             ] 26% Unzipping... emulator/lib64/libpro
build	Setup Android SDK	2026-01-21T02:21:09.4670495Z [==========                             ] 26% Unzipping... emulator/lib64/gles_m
build	Setup Android SDK	2026-01-21T02:21:09.4724200Z [==========                             ] 26% Unzipping... emulator/lib64/libzst
build	Setup Android SDK	2026-01-21T02:21:09.6120516Z [==========                             ] 26% Unzipping... emulator/lib64/liband
build	Setup Android SDK	2026-01-21T02:21:09.6141378Z [==========                             ] 26% Unzipping... emulator/lib64/libtcm
build	Setup Android SDK	2026-01-21T02:21:09.6145074Z [==========                             ] 26% Unzipping... emulator/lib64/libima
build	Setup Android SDK	2026-01-21T02:21:09.6207378Z [==========                             ] 26% Unzipping... emulator/lib64/libc++
build	Setup Android SDK	2026-01-21T02:21:09.6243155Z [==========                             ] 26% Unzipping... emulator/lib64/liband
build	Setup Android SDK	2026-01-21T02:21:09.6251238Z [==========                             ] 26% Unzipping... emulator/lib64/libdrm
build	Setup Android SDK	2026-01-21T02:21:09.6466621Z [==========                             ] 26% Unzipping... emulator/lib64/liband
build	Setup Android SDK	2026-01-21T02:21:09.6514876Z [==========                             ] 26% Unzipping... emulator/lib64/libabs
build	Setup Android SDK	2026-01-21T02:21:09.6515808Z [==========                             ] 26% Unzipping... emulator/lib64/gles_a
build	Setup Android SDK	2026-01-21T02:21:09.6588010Z [==========                             ] 26% Unzipping... emulator/lib64/libsha
build	Setup Android SDK	2026-01-21T02:21:09.6592694Z [==========                             ] 26% Unzipping... emulator/lib64/libc++
build	Setup Android SDK	2026-01-21T02:21:09.6651968Z [==========                             ] 27% Unzipping... emulator/lib64/libc++
build	Setup Android SDK	2026-01-21T02:21:09.6654266Z [==========                             ] 27% Unzipping... emulator/lib64/qt/res
build	Setup Android SDK	2026-01-21T02:21:09.6654978Z [==========                             ] 27% Unzipping... emulator/lib64/qt/lib
build	Setup Android SDK	2026-01-21T02:21:09.6658561Z [==========                             ] 27% Unzipping... emulator/lib64/qt/tra
build	Setup Android SDK	2026-01-21T02:21:09.6659277Z [==========                             ] 27% Unzipping... emulator/lib64/qt/plu
build	Setup Android SDK	2026-01-21T02:21:09.7432087Z [==========                             ] 27% Unzipping... emulator/lib64/qt/res
build	Setup Android SDK	2026-01-21T02:21:09.8078897Z [==========                             ] 27% Unzipping... emulator/lib64/qt/lib
build	Setup Android SDK	2026-01-21T02:21:10.1708980Z [===========                            ] 28% Unzipping... emulator/lib64/qt/lib
build	Setup Android SDK	2026-01-21T02:21:10.5484766Z [===========                            ] 29% Unzipping... emulator/lib64/qt/lib
build	Setup Android SDK	2026-01-21T02:21:10.7130327Z [===========                            ] 30% Unzipping... emulator/lib64/qt/lib
build	Setup Android SDK	2026-01-21T02:21:10.9162047Z [============                           ] 30% Unzipping... emulator/lib64/qt/lib
build	Setup Android SDK	2026-01-21T02:21:10.9525699Z [============                           ] 31% Unzipping... emulator/lib64/qt/lib
build	Setup Android SDK	2026-01-21T02:21:11.0642366Z [============                           ] 31% Unzipping... emulator/lib64/qt/tra
build	Setup Android SDK	2026-01-21T02:21:11.0762391Z [============                           ] 31% Unzipping... emulator/lib64/qt/plu
build	Setup Android SDK	2026-01-21T02:21:11.3244220Z [============                           ] 31% Unzipping... emulator/lib64/vulkan
build	Setup Android SDK	2026-01-21T02:21:11.4059602Z [============                           ] 32% Unzipping... emulator/lib64/vulkan
build	Setup Android SDK	2026-01-21T02:21:11.4748556Z [============                           ] 32% Unzipping... emulator/lib64/gles_s
build	Setup Android SDK	2026-01-21T02:21:11.6703590Z [============                           ] 32% Unzipping... emulator/lib64/gles_m
build	Setup Android SDK	2026-01-21T02:21:11.7293878Z [============                           ] 32% Unzipping... emulator/lib64/gles_a
build	Setup Android SDK	2026-01-21T02:21:11.7920863Z [=============                          ] 33% Unzipping... emulator/lib64/gles_a
build	Setup Android SDK	2026-01-21T02:21:12.0833652Z [=====================                  ] 55% Unzipping... emulator/lib64/gles_a
build	Setup Android SDK	2026-01-21T02:21:12.2348354Z [=====================                  ] 55% Installing Android SDK Tools emula
build	Setup Android SDK	2026-01-21T02:21:12.2504971Z [=====================                  ] 55% Downloading sdk-tools-linux-433379
build	Setup Android SDK	2026-01-21T02:21:12.2933416Z [======================                 ] 55% Downloading sdk-tools-linux-433379
build	Setup Android SDK	2026-01-21T02:21:12.3825885Z [======================                 ] 56% Downloading sdk-tools-linux-433379
build	Setup Android SDK	2026-01-21T02:21:12.4786642Z [======================                 ] 57% Downloading sdk-tools-linux-433379
build	Setup Android SDK	2026-01-21T02:21:12.5735780Z [=======================                ] 58% Downloading sdk-tools-linux-433379
build	Setup Android SDK	2026-01-21T02:21:12.6485765Z [=======================                ] 59% Downloading sdk-tools-linux-433379
build	Setup Android SDK	2026-01-21T02:21:12.7033711Z [=======================                ] 60% Downloading sdk-tools-linux-433379
build	Setup Android SDK	2026-01-21T02:21:12.7405796Z [========================               ] 60% Downloading sdk-tools-linux-433379
build	Setup Android SDK	2026-01-21T02:21:12.8221375Z [========================               ] 61% Downloading sdk-tools-linux-433379
build	Setup Android SDK	2026-01-21T02:21:12.9179370Z [========================               ] 62% Downloading sdk-tools-linux-433379
build	Setup Android SDK	2026-01-21T02:21:13.0160897Z [=========================              ] 63% Downloading sdk-tools-linux-433379
build	Setup Android SDK	2026-01-21T02:21:13.1103896Z [=========================              ] 64% Downloading sdk-tools-linux-433379
build	Setup Android SDK	2026-01-21T02:21:13.1562896Z [=========================              ] 65% Downloading sdk-tools-linux-433379
build	Setup Android SDK	2026-01-21T02:21:13.2069672Z [==========================             ] 65% Downloading sdk-tools-linux-433379
build	Setup Android SDK	2026-01-21T02:21:13.2694575Z [==========================             ] 66% Downloading sdk-tools-linux-433379
build	Setup Android SDK	2026-01-21T02:21:13.3198632Z [==========================             ] 66% Unzipping... emulator/lib64/gles_a
build	Setup Android SDK	2026-01-21T02:21:13.3199374Z [==========================             ] 66% Unzipping... tools/               
build	Setup Android SDK	2026-01-21T02:21:13.3200021Z [==========================             ] 66% Unzipping... tools/proguard/      
build	Setup Android SDK	2026-01-21T02:21:13.3203112Z [==========================             ] 66% Unzipping... tools/proguard/licens
build	Setup Android SDK	2026-01-21T02:21:13.3204139Z [==========================             ] 66% Unzipping... tools/proguard/lib/  
build	Setup Android SDK	2026-01-21T02:21:13.3254536Z [==========================             ] 66% Unzipping... tools/proguard/lib/pr
build	Setup Android SDK	2026-01-21T02:21:13.3257089Z [==========================             ] 66% Unzipping... tools/proguard/lib/re
build	Setup Android SDK	2026-01-21T02:21:13.3270248Z [==========================             ] 66% Unzipping... tools/proguard/lib/pr
build	Setup Android SDK	2026-01-21T02:21:13.3271428Z [==========================             ] 66% Unzipping... tools/proguard/ant/  
build	Setup Android SDK	2026-01-21T02:21:13.3272610Z [==========================             ] 66% Unzipping... tools/proguard/ant/ta
build	Setup Android SDK	2026-01-21T02:21:13.3273922Z [==========================             ] 66% Unzipping... tools/proguard/docs/ 
build	Setup Android SDK	2026-01-21T02:21:13.3276371Z [==========================             ] 66% Unzipping... tools/proguard/docs/f
build	Setup Android SDK	2026-01-21T02:21:13.3284792Z [==========================             ] 66% Unzipping... tools/proguard/docs/s
build	Setup Android SDK	2026-01-21T02:21:13.3286800Z [==========================             ] 66% Unzipping... tools/proguard/docs/d
build	Setup Android SDK	2026-01-21T02:21:13.3291039Z [==========================             ] 66% Unzipping... tools/proguard/docs/s
build	Setup Android SDK	2026-01-21T02:21:13.3293788Z [==========================             ] 66% Unzipping... tools/proguard/docs/F
build	Setup Android SDK	2026-01-21T02:21:13.3298650Z [==========================             ] 66% Unzipping... tools/proguard/docs/s
build	Setup Android SDK	2026-01-21T02:21:13.3300661Z [==========================             ] 66% Unzipping... tools/proguard/docs/l
build	Setup Android SDK	2026-01-21T02:21:13.3305537Z [==========================             ] 66% Unzipping... tools/proguard/docs/s
build	Setup Android SDK	2026-01-21T02:21:13.3309690Z [==========================             ] 66% Unzipping... tools/proguard/docs/d
build	Setup Android SDK	2026-01-21T02:21:13.3316267Z [==========================             ] 66% Unzipping... tools/proguard/docs/s
build	Setup Android SDK	2026-01-21T02:21:13.3319069Z [==========================             ] 66% Unzipping... tools/proguard/docs/r
build	Setup Android SDK	2026-01-21T02:21:13.3321114Z [==========================             ] 66% Unzipping... tools/proguard/docs/d
build	Setup Android SDK	2026-01-21T02:21:13.3323291Z [==========================             ] 66% Unzipping... tools/proguard/docs/t
build	Setup Android SDK	2026-01-21T02:21:13.3325572Z [==========================             ] 66% Unzipping... tools/proguard/docs/f
build	Setup Android SDK	2026-01-21T02:21:13.3330575Z [==========================             ] 66% Unzipping... tools/proguard/docs/s
build	Setup Android SDK	2026-01-21T02:21:13.3333206Z [==========================             ] 66% Unzipping... tools/proguard/docs/t
build	Setup Android SDK	2026-01-21T02:21:13.3335234Z [==========================             ] 66% Unzipping... tools/proguard/docs/i
build	Setup Android SDK	2026-01-21T02:21:13.3339457Z [==========================             ] 66% Unzipping... tools/proguard/docs/s
build	Setup Android SDK	2026-01-21T02:21:13.3341244Z [==========================             ] 66% Unzipping... tools/proguard/docs/m
build	Setup Android SDK	2026-01-21T02:21:13.3343554Z [==========================             ] 66% Unzipping... tools/proguard/docs/s
build	Setup Android SDK	2026-01-21T02:21:13.3345678Z [==========================             ] 66% Unzipping... tools/proguard/docs/q
build	Setup Android SDK	2026-01-21T02:21:13.3349165Z [==========================             ] 66% Unzipping... tools/proguard/docs/G
build	Setup Android SDK	2026-01-21T02:21:13.3351344Z [==========================             ] 66% Unzipping... tools/proguard/docs/t
build	Setup Android SDK	2026-01-21T02:21:13.3363400Z [==========================             ] 66% Unzipping... tools/proguard/docs/s
build	Setup Android SDK	2026-01-21T02:21:13.3403059Z [==========================             ] 66% Unzipping... tools/proguard/docs/m
build	Setup Android SDK	2026-01-21T02:21:13.3404581Z [==========================             ] 66% Unzipping... tools/proguard/docs/s
build	Setup Android SDK	2026-01-21T02:21:13.3406813Z [==========================             ] 66% Unzipping... tools/proguard/docs/G
build	Setup Android SDK	2026-01-21T02:21:13.3409029Z [==========================             ] 66% Unzipping... tools/proguard/docs/c
build	Setup Android SDK	2026-01-21T02:21:13.3413953Z [==========================             ] 66% Unzipping... tools/proguard/docs/a
build	Setup Android SDK	2026-01-21T02:21:13.3422316Z [==========================             ] 66% Unzipping... tools/proguard/docs/s
build	Setup Android SDK	2026-01-21T02:21:13.3424491Z [==========================             ] 66% Unzipping... tools/proguard/docs/d
build	Setup Android SDK	2026-01-21T02:21:13.3495292Z [==========================             ] 66% Unzipping... tools/proguard/exampl
build	Setup Android SDK	2026-01-21T02:21:13.3496132Z [==========================             ] 66% Unzipping... tools/proguard/bin/  
build	Setup Android SDK	2026-01-21T02:21:13.3500931Z [==========================             ] 66% Unzipping... tools/proguard/bin/pr
build	Setup Android SDK	2026-01-21T02:21:13.3502950Z [==========================             ] 66% Unzipping... tools/proguard/bin/re
build	Setup Android SDK	2026-01-21T02:21:13.3505163Z [==========================             ] 66% Unzipping... tools/proguard/README
build	Setup Android SDK	2026-01-21T02:21:13.3511140Z [==========================             ] 66% Unzipping... tools/proguard/progua
build	Setup Android SDK	2026-01-21T02:21:13.3518122Z [==========================             ] 66% Unzipping... tools/lib/           
build	Setup Android SDK	2026-01-21T02:21:13.3562488Z [==========================             ] 66% Unzipping... tools/lib/bcpkix-jdk1
build	Setup Android SDK	2026-01-21T02:21:13.3571646Z [==========================             ] 66% Unzipping... tools/lib/org-eclipse
build	Setup Android SDK	2026-01-21T02:21:13.3585743Z [==========================             ] 66% Unzipping... tools/lib/manifest-me
build	Setup Android SDK	2026-01-21T02:21:13.3591562Z [==========================             ] 66% Unzipping... tools/lib/jcommander-
build	Setup Android SDK	2026-01-21T02:21:13.3608343Z [==========================             ] 66% Unzipping... tools/lib/gson-2.3.ja
build	Setup Android SDK	2026-01-21T02:21:13.3609905Z [==========================             ] 66% Unzipping... tools/lib/ddms-26.0.0
build	Setup Android SDK	2026-01-21T02:21:13.3614087Z [==========================             ] 66% Unzipping... tools/lib/asm-tree-5.
build	Setup Android SDK	2026-01-21T02:21:13.3659045Z [==========================             ] 66% Unzipping... tools/lib/uast-26.0.0
build	Setup Android SDK	2026-01-21T02:21:13.3667174Z [==========================             ] 66% Unzipping... tools/lib/dexlib2-2.2
build	Setup Android SDK	2026-01-21T02:21:13.3706473Z [==========================             ] 67% Unzipping... tools/lib/dexlib2-2.2
build	Setup Android SDK	2026-01-21T02:21:13.3708896Z [==========================             ] 67% Unzipping... tools/lib/android.el 
build	Setup Android SDK	2026-01-21T02:21:13.3713586Z [==========================             ] 67% Unzipping... tools/lib/apkanalyzer
build	Setup Android SDK	2026-01-21T02:21:13.3836100Z [==========================             ] 67% Unzipping... tools/lib/guava-22.0.
build	Setup Android SDK	2026-01-21T02:21:13.3864137Z [==========================             ] 67% Unzipping... tools/lib/lint-api-26
build	Setup Android SDK	2026-01-21T02:21:13.3872593Z [==========================             ] 67% Unzipping... tools/lib/baksmali-2.
build	Setup Android SDK	2026-01-21T02:21:13.3875924Z [==========================             ] 67% Unzipping... tools/lib/shared.jar 
build	Setup Android SDK	2026-01-21T02:21:13.3879660Z [==========================             ] 67% Unzipping... tools/lib/jsr305-1.3.
build	Setup Android SDK	2026-01-21T02:21:13.3904221Z [==========================             ] 67% Unzipping... tools/lib/httpclient-
build	Setup Android SDK	2026-01-21T02:21:13.4016040Z [==========================             ] 67% Unzipping... tools/lib/ecj-4.6.1.j
build	Setup Android SDK	2026-01-21T02:21:13.4020061Z [==========================             ] 67% Unzipping... tools/lib/jobb-26.0.0
build	Setup Android SDK	2026-01-21T02:21:13.4038453Z [==========================             ] 67% Unzipping... tools/lib/jcommon-1.0
build	Setup Android SDK	2026-01-21T02:21:13.4042938Z [==========================             ] 67% Unzipping... tools/lib/kxml2-2.3.0
build	Setup Android SDK	2026-01-21T02:21:13.4107309Z [==========================             ] 67% Unzipping... tools/lib/jfreechart-
build	Setup Android SDK	2026-01-21T02:21:13.4117296Z [==========================             ] 67% Unzipping... tools/lib/common-26.0
build	Setup Android SDK	2026-01-21T02:21:13.4171334Z [==========================             ] 67% Unzipping... tools/lib/lint-checks
build	Setup Android SDK	2026-01-21T02:21:13.4284625Z [==========================             ] 67% Unzipping... tools/lib/kotlin-refl
build	Setup Android SDK	2026-01-21T02:21:13.4288143Z [==========================             ] 67% Unzipping... tools/lib/builder-mod
build	Setup Android SDK	2026-01-21T02:21:13.4324195Z [==========================             ] 67% Unzipping... tools/lib/sdklib-26.0
build	Setup Android SDK	2026-01-21T02:21:13.4330928Z [==========================             ] 67% Unzipping... tools/lib/layoutlib-a
build	Setup Android SDK	2026-01-21T02:21:13.4333836Z [==========================             ] 67% Unzipping... tools/lib/annotations
build	Setup Android SDK	2026-01-21T02:21:13.4339384Z [==========================             ] 67% Unzipping... tools/lib/fat32lib.ja
build	Setup Android SDK	2026-01-21T02:21:13.4343058Z [==========================             ] 67% Unzipping... tools/lib/jsr305-3.0.
build	Setup Android SDK	2026-01-21T02:21:13.4394465Z [==========================             ] 67% Unzipping... tools/lib/org-eclipse
build	Setup Android SDK	2026-01-21T02:21:13.4397123Z [==========================             ] 67% Unzipping... tools/lib/error_prone
build	Setup Android SDK	2026-01-21T02:21:13.4405585Z [==========================             ] 67% Unzipping... tools/lib/org-eclipse
build	Setup Android SDK	2026-01-21T02:21:13.4407249Z [==========================             ] 67% Unzipping... tools/lib/animal-snif
build	Setup Android SDK	2026-01-21T02:21:13.4442346Z [==========================             ] 67% Unzipping... tools/lib/asset-studi
build	Setup Android SDK	2026-01-21T02:21:13.4470247Z [===========================            ] 68% Unzipping... tools/lib/asset-studi
build	Setup Android SDK	2026-01-21T02:21:13.4483758Z [===========================            ] 68% Unzipping... tools/lib/repository-
build	Setup Android SDK	2026-01-21T02:21:13.4489416Z [===========================            ] 68% Unzipping... tools/lib/dvlib-26.0.
build	Setup Android SDK	2026-01-21T02:21:13.4519133Z [===========================            ] 68% Unzipping... tools/lib/jsilver-1.0
build	Setup Android SDK	2026-01-21T02:21:13.4524100Z [===========================            ] 68% Unzipping... tools/lib/asm-5.1.jar
build	Setup Android SDK	2026-01-21T02:21:13.4527648Z [===========================            ] 68% Unzipping... tools/lib/devices.xml
build	Setup Android SDK	2026-01-21T02:21:13.4530877Z [===========================            ] 68% Unzipping... tools/lib/asm-analysi
build	Setup Android SDK	2026-01-21T02:21:13.4560232Z [===========================            ] 68% Unzipping... tools/lib/hierarchyvi
build	Setup Android SDK	2026-01-21T02:21:13.4569899Z [===========================            ] 68% Unzipping... tools/lib/monkeyrunne
build	Setup Android SDK	2026-01-21T02:21:13.4574801Z [===========================            ] 68% Unzipping... tools/lib/uiautomator
build	Setup Android SDK	2026-01-21T02:21:13.4576648Z [===========================            ] 68% Unzipping... tools/lib/archquery-2
build	Setup Android SDK	2026-01-21T02:21:13.4581538Z [===========================            ] 68% Unzipping... tools/lib/chimpchat-2
build	Setup Android SDK	2026-01-21T02:21:13.4584089Z [===========================            ] 68% Unzipping... tools/lib/explainer.j
build	Setup Android SDK	2026-01-21T02:21:13.4607022Z [===========================            ] 68% Unzipping... tools/lib/ddmlib-26.0
build	Setup Android SDK	2026-01-21T02:21:13.4608724Z [===========================            ] 68% Unzipping... tools/lib/swtmenubar-
build	Setup Android SDK	2026-01-21T02:21:13.4707416Z [===========================            ] 68% Unzipping... tools/lib/osgi-4.0.0.
build	Setup Android SDK	2026-01-21T02:21:13.4709019Z [===========================            ] 68% Unzipping... tools/lib/x86_64/    
build	Setup Android SDK	2026-01-21T02:21:13.4785317Z [===========================            ] 68% Unzipping... tools/lib/x86_64/swt.
build	Setup Android SDK	2026-01-21T02:21:13.5224385Z [===========================            ] 68% Unzipping... tools/lib/monitor-x86
build	Setup Android SDK	2026-01-21T02:21:13.6028479Z [===========================            ] 69% Unzipping... tools/lib/monitor-x86
build	Setup Android SDK	2026-01-21T02:21:13.6597733Z [===========================            ] 70% Unzipping... tools/lib/monitor-x86
build	Setup Android SDK	2026-01-21T02:21:13.7059049Z [============================           ] 70% Unzipping... tools/lib/monitor-x86
build	Setup Android SDK	2026-01-21T02:21:13.8503969Z [============================           ] 71% Unzipping... tools/lib/monitor-x86
build	Setup Android SDK	2026-01-21T02:21:13.8505659Z [============================           ] 71% Unzipping... tools/lib/httpmime-4.
build	Setup Android SDK	2026-01-21T02:21:13.8508299Z [============================           ] 71% Unzipping... tools/lib/annotations
build	Setup Android SDK	2026-01-21T02:21:13.8522194Z [============================           ] 71% Unzipping... tools/lib/lint-26.0.0
build	Setup Android SDK	2026-01-21T02:21:13.8528071Z [============================           ] 71% Unzipping... tools/lib/apkanalyzer
build	Setup Android SDK	2026-01-21T02:21:13.8533940Z [============================           ] 71% Unzipping... tools/lib/binary-reso
build	Setup Android SDK	2026-01-21T02:21:13.8539393Z [============================           ] 71% Unzipping... tools/lib/jopt-simple
build	Setup Android SDK	2026-01-21T02:21:13.8544710Z [============================           ] 71% Unzipping... tools/lib/util-2.2.1.
build	Setup Android SDK	2026-01-21T02:21:13.8561582Z [============================           ] 71% Unzipping... tools/lib/ddmuilib-26
build	Setup Android SDK	2026-01-21T02:21:13.8578394Z [============================           ] 72% Unzipping... tools/lib/ddmuilib-26
build	Setup Android SDK	2026-01-21T02:21:13.8625792Z [============================           ] 72% Unzipping... tools/lib/sdk-common-
build	Setup Android SDK	2026-01-21T02:21:13.8634925Z [============================           ] 72% Unzipping... tools/lib/traceview-2
build	Setup Android SDK	2026-01-21T02:21:13.8648214Z [============================           ] 72% Unzipping... tools/lib/httpcore-4.
build	Setup Android SDK	2026-01-21T02:21:13.8650967Z [============================           ] 72% Unzipping... tools/lib/screenshot2
build	Setup Android SDK	2026-01-21T02:21:13.8664118Z [============================           ] 72% Unzipping... tools/lib/commons-cod
build	Setup Android SDK	2026-01-21T02:21:13.8666530Z [============================           ] 72% Unzipping... tools/lib/proguard-pr
build	Setup Android SDK	2026-01-21T02:21:13.9221643Z [============================           ] 72% Unzipping... tools/lib/jython-stan
build	Setup Android SDK	2026-01-21T02:21:13.9280233Z [=============================          ] 73% Unzipping... tools/lib/jython-stan
build	Setup Android SDK	2026-01-21T02:21:13.9283268Z [=============================          ] 73% Unzipping... tools/lib/annotations
build	Setup Android SDK	2026-01-21T02:21:13.9288427Z [=============================          ] 73% Unzipping... tools/lib/commons-log
build	Setup Android SDK	2026-01-21T02:21:13.9353092Z [=============================          ] 73% Unzipping... tools/lib/protobuf-ja
build	Setup Android SDK	2026-01-21T02:21:13.9357663Z [=============================          ] 73% Unzipping... tools/lib/fakeadbserv
build	Setup Android SDK	2026-01-21T02:21:13.9508002Z [=============================          ] 73% Unzipping... tools/lib/bcprov-jdk1
build	Setup Android SDK	2026-01-21T02:21:13.9508708Z [=============================          ] 73% Unzipping... tools/lib/x86/       
build	Setup Android SDK	2026-01-21T02:21:13.9576393Z [=============================          ] 73% Unzipping... tools/lib/x86/swt.jar
build	Setup Android SDK	2026-01-21T02:21:13.9620127Z [=============================          ] 73% Unzipping... tools/lib/kotlin-stdl
build	Setup Android SDK	2026-01-21T02:21:13.9643216Z [=============================          ] 73% Unzipping... tools/lib/commons-com
build	Setup Android SDK	2026-01-21T02:21:13.9678959Z [=============================          ] 73% Unzipping... tools/lib/lombok-ast-
build	Setup Android SDK	2026-01-21T02:21:13.9708586Z [=============================          ] 73% Unzipping... tools/lib/trove4j-201
build	Setup Android SDK	2026-01-21T02:21:13.9942267Z [=============================          ] 73% Unzipping... tools/lib/intellij-co
build	Setup Android SDK	2026-01-21T02:21:14.0092941Z [=============================          ] 74% Unzipping... tools/lib/intellij-co
build	Setup Android SDK	2026-01-21T02:21:14.0106048Z [=============================          ] 74% Unzipping... tools/lib/jimfs-1.1.j
build	Setup Android SDK	2026-01-21T02:21:14.0108165Z [=============================          ] 74% Unzipping... tools/lib/j2objc-anno
build	Setup Android SDK	2026-01-21T02:21:14.0114566Z [=============================          ] 74% Unzipping... tools/lib/jfreechart-
build	Setup Android SDK	2026-01-21T02:21:14.0568166Z [=============================          ] 74% Unzipping... tools/lib/monitor-x86
build	Setup Android SDK	2026-01-21T02:21:14.0955496Z [=============================          ] 75% Unzipping... tools/lib/monitor-x86
build	Setup Android SDK	2026-01-21T02:21:14.1318329Z [==============================         ] 75% Unzipping... tools/lib/monitor-x86
build	Setup Android SDK	2026-01-21T02:21:14.2140022Z [==============================         ] 76% Unzipping... tools/lib/monitor-x86
build	Setup Android SDK	2026-01-21T02:21:14.3569726Z [==============================         ] 77% Unzipping... tools/lib/monitor-x86
build	Setup Android SDK	2026-01-21T02:21:14.3573481Z [==============================         ] 77% Unzipping... tools/lib/generator.j
build	Setup Android SDK	2026-01-21T02:21:14.3574702Z [==============================         ] 77% Unzipping... tools/source.properti
build	Setup Android SDK	2026-01-21T02:21:14.3575435Z [==============================         ] 77% Unzipping... tools/bin/           
build	Setup Android SDK	2026-01-21T02:21:14.3578485Z [==============================         ] 77% Unzipping... tools/bin/avdmanager 
build	Setup Android SDK	2026-01-21T02:21:14.3580793Z [==============================         ] 77% Unzipping... tools/bin/jobb       
build	Setup Android SDK	2026-01-21T02:21:14.3583143Z [==============================         ] 77% Unzipping... tools/bin/uiautomator
build	Setup Android SDK	2026-01-21T02:21:14.3585527Z [==============================         ] 77% Unzipping... tools/bin/apkanalyzer
build	Setup Android SDK	2026-01-21T02:21:14.3590845Z [==============================         ] 77% Unzipping... tools/bin/monkeyrunne
build	Setup Android SDK	2026-01-21T02:21:14.3591443Z [==============================         ] 77% Unzipping... tools/bin/archquery  
build	Setup Android SDK	2026-01-21T02:21:14.3592726Z [==============================         ] 77% Unzipping... tools/bin/sdkmanager 
build	Setup Android SDK	2026-01-21T02:21:14.3595235Z [==============================         ] 77% Unzipping... tools/bin/lint       
build	Setup Android SDK	2026-01-21T02:21:14.3597569Z [==============================         ] 77% Unzipping... tools/bin/screenshot2
build	Setup Android SDK	2026-01-21T02:21:14.3621388Z [==============================         ] 77% Unzipping... tools/NOTICE.txt     
build	Setup Android SDK	2026-01-21T02:21:14.3658489Z [==============================         ] 77% Unzipping... tools/emulator       
build	Setup Android SDK	2026-01-21T02:21:14.3682748Z [==============================         ] 77% Unzipping... tools/emulator-check 
build	Setup Android SDK	2026-01-21T02:21:14.3684473Z [==============================         ] 77% Unzipping... tools/monitor        
build	Setup Android SDK	2026-01-21T02:21:14.3687320Z [==============================         ] 77% Unzipping... tools/android        
build	Setup Android SDK	2026-01-21T02:21:14.3690513Z [==============================         ] 77% Unzipping... tools/mksdcard       
build	Setup Android SDK	2026-01-21T02:21:14.3690998Z [==============================         ] 77% Unzipping... tools/support/       
build	Setup Android SDK	2026-01-21T02:21:14.3696179Z [==============================         ] 77% Unzipping... tools/support/typos-d
build	Setup Android SDK	2026-01-21T02:21:14.3699515Z [==============================         ] 77% Unzipping... tools/support/typos-e
build	Setup Android SDK	2026-01-21T02:21:14.3701206Z [==============================         ] 77% Unzipping... tools/support/annotat
build	Setup Android SDK	2026-01-21T02:21:14.3709139Z [==============================         ] 77% Unzipping... tools/support/typos-e
build	Setup Android SDK	2026-01-21T02:21:14.3712496Z [==============================         ] 77% Unzipping... tools/support/typos-t
build	Setup Android SDK	2026-01-21T02:21:14.3717180Z [==============================         ] 77% Unzipping... tools/support/typos-p
build	Setup Android SDK	2026-01-21T02:21:14.3720485Z [==============================         ] 77% Unzipping... tools/support/typos-i
build	Setup Android SDK	2026-01-21T02:21:14.3723534Z [==============================         ] 77% Unzipping... tools/support/typos-n
build	Setup Android SDK	2026-01-21T02:21:14.3727234Z [==============================         ] 77% Unzipping... tools/support/typos-h
build	Setup Android SDK	2026-01-21T02:21:14.4022325Z [==============================         ] 78% Unzipping... tools/support/typos-h
build	Setup Android SDK	2026-01-21T02:21:14.4023030Z [=======================================] 100% Unzipping... tools/support/typos-
build	Setup Android SDK	2026-01-21T02:21:14.4079687Z 
build	Setup Android SDK	2026-01-21T02:21:14.4219944Z [command]/usr/local/lib/android/sdk/cmdline-tools/16.0/bin/sdkmanager platform-tools
build	Setup Android SDK	2026-01-21T02:21:15.1515542Z Loading package information...                                                  
build	Setup Android SDK	2026-01-21T02:21:15.2423508Z Loading local repository...                                                     
build	Setup Android SDK	2026-01-21T02:21:15.2426244Z [                                       ] 3% Loading local repository...        
build	Setup Android SDK	2026-01-21T02:21:15.2517584Z [                                       ] 3% Fetch remote repository...         
build	Setup Android SDK	2026-01-21T02:21:15.5236695Z [=                                      ] 3% Fetch remote repository...         
build	Setup Android SDK	2026-01-21T02:21:15.5795221Z [=                                      ] 4% Fetch remote repository...         
build	Setup Android SDK	2026-01-21T02:21:15.6021654Z [=                                      ] 5% Fetch remote repository...         
build	Setup Android SDK	2026-01-21T02:21:15.6463709Z [==                                     ] 5% Fetch remote repository...         
build	Setup Android SDK	2026-01-21T02:21:15.6968099Z [==                                     ] 6% Fetch remote repository...         
build	Setup Android SDK	2026-01-21T02:21:15.7649973Z [==                                     ] 7% Fetch remote repository...         
build	Setup Android SDK	2026-01-21T02:21:15.7650973Z [==                                     ] 7% Computing updates...               
build	Setup Android SDK	2026-01-21T02:21:15.7776600Z [===                                    ] 8% Computing updates...               
build	Setup Android SDK	2026-01-21T02:21:15.7832602Z [===                                    ] 10% Computing updates...              
build	Setup Android SDK	2026-01-21T02:21:15.7833546Z [=======================================] 100% Computing updates...             
build	Setup Android SDK	2026-01-21T02:21:15.7836566Z 
build	Setup Gradle	﻿2026-01-21T02:21:15.8241758Z ##[group]Run gradle/actions/setup-gradle@v4
build	Setup Gradle	2026-01-21T02:21:15.8242037Z with:
build	Setup Gradle	2026-01-21T02:21:15.8242213Z   gradle-version: 8.4
build	Setup Gradle	2026-01-21T02:21:15.8242413Z   cache-disabled: false
build	Setup Gradle	2026-01-21T02:21:15.8242635Z   cache-read-only: true
build	Setup Gradle	2026-01-21T02:21:15.8242833Z   cache-write-only: false
build	Setup Gradle	2026-01-21T02:21:15.8243059Z   cache-overwrite-existing: false
build	Setup Gradle	2026-01-21T02:21:15.8243292Z   cache-cleanup: on-success
build	Setup Gradle	2026-01-21T02:21:15.8243558Z   gradle-home-cache-includes: caches
build	Setup Gradle	notifications
build	Setup Gradle	
build	Setup Gradle	2026-01-21T02:21:15.8243858Z   add-job-summary: always
build	Setup Gradle	2026-01-21T02:21:15.8244098Z   add-job-summary-as-pr-comment: never
build	Setup Gradle	2026-01-21T02:21:15.8244361Z   dependency-graph: disabled
build	Setup Gradle	2026-01-21T02:21:15.8244639Z   dependency-graph-report-dir: dependency-graph-reports
build	Setup Gradle	2026-01-21T02:21:15.8244979Z   dependency-graph-continue-on-failure: true
build	Setup Gradle	2026-01-21T02:21:15.8245247Z   build-scan-publish: false
build	Setup Gradle	2026-01-21T02:21:15.8245464Z   validate-wrappers: true
build	Setup Gradle	2026-01-21T02:21:15.8245674Z   allow-snapshot-wrappers: false
build	Setup Gradle	2026-01-21T02:21:15.8245951Z   gradle-home-cache-strict-match: false
build	Setup Gradle	2026-01-21T02:21:15.8246213Z   workflow-job-context: null
build	Setup Gradle	2026-01-21T02:21:15.8246564Z   github-token: ***
build	Setup Gradle	2026-01-21T02:21:15.8246737Z env:
build	Setup Gradle	2026-01-21T02:21:15.8247429Z   JAVA_HOME: /opt/hostedtoolcache/Java_Temurin-Hotspot_jdk/17.0.17-10/x64
build	Setup Gradle	2026-01-21T02:21:15.8247903Z   JAVA_HOME_17_X64: /opt/hostedtoolcache/Java_Temurin-Hotspot_jdk/17.0.17-10/x64
build	Setup Gradle	2026-01-21T02:21:15.8248284Z   ANDROID_HOME: /usr/local/lib/android/sdk
build	Setup Gradle	2026-01-21T02:21:15.8248558Z   ANDROID_SDK_ROOT: /usr/local/lib/android/sdk
build	Setup Gradle	2026-01-21T02:21:15.8248807Z ##[endgroup]
build	Setup Gradle	2026-01-21T02:21:16.2032245Z Merged default JDK locations into /home/runner/.m2/toolchains.xml
build	Setup Gradle	2026-01-21T02:21:16.2035109Z ##[group]Restore Gradle state from cache
build	Setup Gradle	2026-01-21T02:21:16.4633619Z Gradle User Home cache not found. Will initialize empty.
build	Setup Gradle	2026-01-21T02:21:16.4636081Z ##[endgroup]
build	Setup Gradle	2026-01-21T02:21:16.4830600Z ##[group]All Gradle Wrapper jars are valid
build	Setup Gradle	2026-01-21T02:21:16.4832157Z 
build	Setup Gradle	2026-01-21T02:21:16.4832529Z ##[endgroup]
build	Setup Gradle	2026-01-21T02:21:16.6237636Z ##[group]Provision Gradle 8.4
build	Setup Gradle	2026-01-21T02:21:19.5044480Z Gradle distribution 8.4 not found in cache. Will download.
build	Setup Gradle	2026-01-21T02:21:20.5974855Z Downloaded https://services.gradle.org/distributions/gradle-8.4-bin.zip to /home/runner/work/_temp/.gradle-actions/gradle-installations/downloads/gradle-8.4-bin.zip (size 130979468)
build	Setup Gradle	2026-01-21T02:21:20.6002166Z [command]/usr/bin/unzip -o -q /home/runner/work/_temp/.gradle-actions/gradle-installations/downloads/gradle-8.4-bin.zip
build	Setup Gradle	2026-01-21T02:21:21.5678622Z Extracted Gradle 8.4 to /home/runner/work/_temp/.gradle-actions/gradle-installations/installs/gradle-8.4
build	Setup Gradle	2026-01-21T02:21:21.5680547Z Provisioned Gradle executable /home/runner/work/_temp/.gradle-actions/gradle-installations/installs/gradle-8.4/bin/gradle
build	Setup Gradle	2026-01-21T02:21:21.5682764Z ##[endgroup]
build	Build Debug APK	﻿2026-01-21T02:21:21.5827616Z ##[group]Run gradle assembleDebug --no-daemon
build	Build Debug APK	2026-01-21T02:21:21.5828041Z [36;1mgradle assembleDebug --no-daemon[0m
build	Build Debug APK	2026-01-21T02:21:21.5862016Z shell: /usr/bin/bash -e {0}
build	Build Debug APK	2026-01-21T02:21:21.5862256Z env:
build	Build Debug APK	2026-01-21T02:21:21.5862549Z   JAVA_HOME: /opt/hostedtoolcache/Java_Temurin-Hotspot_jdk/17.0.17-10/x64
build	Build Debug APK	2026-01-21T02:21:21.5863032Z   JAVA_HOME_17_X64: /opt/hostedtoolcache/Java_Temurin-Hotspot_jdk/17.0.17-10/x64
build	Build Debug APK	2026-01-21T02:21:21.5863433Z   ANDROID_HOME: /usr/local/lib/android/sdk
build	Build Debug APK	2026-01-21T02:21:21.5863712Z   ANDROID_SDK_ROOT: /usr/local/lib/android/sdk
build	Build Debug APK	2026-01-21T02:21:21.5863996Z   GRADLE_ACTION_ID: gradle/actions/setup-gradle
build	Build Debug APK	2026-01-21T02:21:21.5864273Z   GRADLE_USER_HOME: /home/runner/.gradle
build	Build Debug APK	2026-01-21T02:21:21.5864530Z   GRADLE_BUILD_ACTION_SETUP_COMPLETED: true
build	Build Debug APK	2026-01-21T02:21:21.5864803Z   GRADLE_BUILD_ACTION_CACHE_RESTORED: true
build	Build Debug APK	2026-01-21T02:21:21.5865207Z   DEVELOCITY_INJECTION_INIT_SCRIPT_NAME: gradle-actions.inject-develocity.init.gradle
build	Build Debug APK	2026-01-21T02:21:21.5865668Z   DEVELOCITY_INJECTION_CUSTOM_VALUE: gradle-actions
build	Build Debug APK	2026-01-21T02:21:21.5866002Z   GITHUB_DEPENDENCY_GRAPH_ENABLED: false
build	Build Debug APK	2026-01-21T02:21:21.5866247Z ##[endgroup]
build	Build Debug APK	2026-01-21T02:21:22.0612705Z 
build	Build Debug APK	2026-01-21T02:21:22.0613841Z Welcome to Gradle 8.4!
build	Build Debug APK	2026-01-21T02:21:22.0617095Z 
build	Build Debug APK	2026-01-21T02:21:22.0617471Z Here are the highlights of this release:
build	Build Debug APK	2026-01-21T02:21:22.0618596Z  - Compiling and testing with Java 21
build	Build Debug APK	2026-01-21T02:21:22.0626003Z  - Faster Java compilation on Windows
build	Build Debug APK	2026-01-21T02:21:22.0627171Z  - Role focused dependency configurations creation
build	Build Debug APK	2026-01-21T02:21:22.0627625Z 
build	Build Debug APK	2026-01-21T02:21:22.0628117Z For more details see https://docs.gradle.org/8.4/release-notes.html
build	Build Debug APK	2026-01-21T02:21:22.0628613Z 
build	Build Debug APK	2026-01-21T02:21:22.1612708Z To honour the JVM settings for this build a single-use Daemon process will be forked. For more on this, please refer to https://docs.gradle.org/8.4/userguide/gradle_daemon.html#sec:disabling_the_daemon in the Gradle documentation.
build	Build Debug APK	2026-01-21T02:21:23.3601391Z Daemon will be stopped at the end of the build 
build	Build Debug APK	2026-01-21T02:23:01.6619624Z > Task :app:preBuild UP-TO-DATE
build	Build Debug APK	2026-01-21T02:23:01.6626293Z > Task :app:preDebugBuild UP-TO-DATE
build	Build Debug APK	2026-01-21T02:23:01.6627168Z > Task :app:mergeDebugNativeDebugMetadata NO-SOURCE
build	Build Debug APK	2026-01-21T02:23:01.7599623Z > Task :app:checkKotlinGradlePluginConfigurationErrors
build	Build Debug APK	2026-01-21T02:23:31.6599319Z > Task :app:checkDebugAarMetadata
build	Build Debug APK	2026-01-21T02:23:57.3601912Z > Task :app:generateDebugResValues
build	Build Debug APK	2026-01-21T02:23:57.4603896Z > Task :app:mapDebugSourceSetPaths
build	Build Debug APK	2026-01-21T02:23:57.4611225Z > Task :app:generateDebugResources
build	Build Debug APK	2026-01-21T02:23:58.9599780Z > Task :app:packageDebugResources
build	Build Debug APK	2026-01-21T02:23:58.9604970Z > Task :app:mergeDebugResources
build	Build Debug APK	2026-01-21T02:23:59.9611581Z > Task :app:createDebugCompatibleScreenManifests
build	Build Debug APK	2026-01-21T02:23:59.9616238Z > Task :app:extractDeepLinksDebug
build	Build Debug APK	2026-01-21T02:24:00.1599524Z > Task :app:parseDebugLocalResources
build	Build Debug APK	2026-01-21T02:24:00.2599506Z > Task :app:processDebugMainManifest
build	Build Debug APK	2026-01-21T02:24:00.3599633Z > Task :app:processDebugManifest
build	Build Debug APK	2026-01-21T02:24:06.4619692Z > Task :app:javaPreCompileDebug
build	Build Debug APK	2026-01-21T02:24:06.4620399Z > Task :app:mergeDebugShaders
build	Build Debug APK	2026-01-21T02:24:06.4621010Z > Task :app:compileDebugShaders NO-SOURCE
build	Build Debug APK	2026-01-21T02:24:06.4621637Z > Task :app:generateDebugAssets UP-TO-DATE
build	Build Debug APK	2026-01-21T02:24:06.5615971Z > Task :app:mergeDebugAssets
build	Build Debug APK	2026-01-21T02:24:06.5616789Z > Task :app:compressDebugAssets
build	Build Debug APK	2026-01-21T02:24:06.5617641Z > Task :app:desugarDebugFileDependencies
build	Build Debug APK	2026-01-21T02:24:08.8599549Z > Task :app:mergeDebugJniLibFolders
build	Build Debug APK	2026-01-21T02:24:08.9627463Z > Task :app:checkDebugDuplicateClasses
build	Build Debug APK	2026-01-21T02:24:08.9647968Z > Task :app:mergeDebugNativeLibs NO-SOURCE
build	Build Debug APK	2026-01-21T02:24:30.3628597Z > Task :app:processDebugManifestForPackage
build	Build Debug APK	2026-01-21T02:24:38.9599740Z > Task :app:mergeExtDexDebug
build	Build Debug APK	2026-01-21T02:25:24.7620316Z > Task :app:stripDebugDebugSymbols NO-SOURCE
build	Build Debug APK	2026-01-21T02:25:24.7628933Z > Task :app:mergeLibDexDebug
build	Build Debug APK	2026-01-21T02:25:25.7600239Z > Task :app:validateSigningDebug
build	Build Debug APK	2026-01-21T02:25:25.7616356Z > Task :app:writeDebugAppMetadata
build	Build Debug APK	2026-01-21T02:25:27.5599630Z > Task :app:writeDebugSigningConfigVersions
build	Build Debug APK	2026-01-21T02:25:27.8619070Z > Task :app:processDebugResources
build	Build Debug APK	2026-01-21T02:25:43.7643874Z 
build	Build Debug APK	2026-01-21T02:25:43.7644483Z > Task :app:kspDebugKotlin
build	Build Debug APK	2026-01-21T02:25:43.7647892Z w: [ksp] /home/runner/work/android_arm_controller/android_arm_controller/app/src/main/java/com/aizhigu/armcontroller/data/ActionEntities.kt:68: projectId column references a foreign key but it is not part of an index. This may trigger full table scans whenever parent table is modified so you are highly advised to create an index that covers this column.
build	Build Debug APK	2026-01-21T02:25:52.4600844Z 
build	Build Debug APK	2026-01-21T02:25:52.4601900Z > Task :app:compileDebugKotlin FAILED
build	Build Debug APK	2026-01-21T02:25:52.4607019Z e: file:///home/runner/work/android_arm_controller/android_arm_controller/app/src/main/java/com/aizhigu/armcontroller/connection/BleConnectionImpl.kt:115:24 Cannot access 'writeCharacteristic': it is protected in '<no name provided>'
build	Build Debug APK	2026-01-21T02:25:52.4614028Z e: file:///home/runner/work/android_arm_controller/android_arm_controller/app/src/main/java/com/aizhigu/armcontroller/data/ToxParser.kt:39:26 Type mismatch: inferred type is List<Int> but Map<Int, Int> was expected
build	Build Debug APK	2026-01-21T02:25:52.4617510Z e: file:///home/runner/work/android_arm_controller/android_arm_controller/app/src/main/java/com/aizhigu/armcontroller/data/ToxParser.kt:40:17 No value passed for parameter 'sequenceId'
build	Build Debug APK	2026-01-21T02:25:52.4621035Z e: file:///home/runner/work/android_arm_controller/android_arm_controller/app/src/main/java/com/aizhigu/armcontroller/ui/ActionSequencerViewModel.kt:108:41 Type mismatch: inferred type is ActionProject but ActionProjectEntity was expected
build	Build Debug APK	2026-01-21T02:25:52.4624772Z e: file:///home/runner/work/android_arm_controller/android_arm_controller/app/src/main/java/com/aizhigu/armcontroller/ui/ActionSequencerViewModel.kt:128:22 Type mismatch: inferred type is List<Int> but Map<Int, Int> was expected
build	Build Debug APK	2026-01-21T02:25:52.4629556Z e: file:///home/runner/work/android_arm_controller/android_arm_controller/app/src/main/java/com/aizhigu/armcontroller/ui/ActionSequencerViewModel.kt:129:13 No value passed for parameter 'sequenceId'
build	Build Debug APK	2026-01-21T02:25:52.4633357Z e: file:///home/runner/work/android_arm_controller/android_arm_controller/app/src/main/java/com/aizhigu/armcontroller/ui/ActionSequencerViewModel.kt:212:22 Unresolved reference. None of the following candidates is applicable because of receiver type mismatch: 
build	Build Debug APK	2026-01-21T02:25:52.4636665Z public inline fun <T> Array<out TypeVariable(T)>.forEachIndexed(action: (index: Int, TypeVariable(T)) -> Unit): Unit defined in kotlin.collections
build	Build Debug APK	2026-01-21T02:25:52.4638780Z public inline fun BooleanArray.forEachIndexed(action: (index: Int, Boolean) -> Unit): Unit defined in kotlin.collections
build	Build Debug APK	2026-01-21T02:25:52.4640447Z public inline fun ByteArray.forEachIndexed(action: (index: Int, Byte) -> Unit): Unit defined in kotlin.collections
build	Build Debug APK	2026-01-21T02:25:52.4642039Z public inline fun CharArray.forEachIndexed(action: (index: Int, Char) -> Unit): Unit defined in kotlin.collections
build	Build Debug APK	2026-01-21T02:25:52.4643602Z public inline fun CharSequence.forEachIndexed(action: (index: Int, Char) -> Unit): Unit defined in kotlin.text
build	Build Debug APK	2026-01-21T02:25:52.4645217Z public inline fun DoubleArray.forEachIndexed(action: (index: Int, Double) -> Unit): Unit defined in kotlin.collections
build	Build Debug APK	2026-01-21T02:25:52.4647029Z public inline fun FloatArray.forEachIndexed(action: (index: Int, Float) -> Unit): Unit defined in kotlin.collections
build	Build Debug APK	2026-01-21T02:25:52.4648616Z public inline fun IntArray.forEachIndexed(action: (index: Int, Int) -> Unit): Unit defined in kotlin.collections
build	Build Debug APK	2026-01-21T02:25:52.4650176Z public inline fun LongArray.forEachIndexed(action: (index: Int, Long) -> Unit): Unit defined in kotlin.collections
build	Build Debug APK	2026-01-21T02:25:52.4651804Z public inline fun ShortArray.forEachIndexed(action: (index: Int, Short) -> Unit): Unit defined in kotlin.collections
build	Build Debug APK	2026-01-21T02:25:52.4653479Z public inline fun UByteArray.forEachIndexed(action: (index: Int, UByte) -> Unit): Unit defined in kotlin.collections
build	Build Debug APK	2026-01-21T02:25:52.4655442Z public inline fun UIntArray.forEachIndexed(action: (index: Int, UInt) -> Unit): Unit defined in kotlin.collections
build	Build Debug APK	2026-01-21T02:25:52.4657255Z public inline fun ULongArray.forEachIndexed(action: (index: Int, ULong) -> Unit): Unit defined in kotlin.collections
build	Build Debug APK	2026-01-21T02:25:52.4659069Z public inline fun UShortArray.forEachIndexed(action: (index: Int, UShort) -> Unit): Unit defined in kotlin.collections
build	Build Debug APK	2026-01-21T02:25:52.4660829Z public inline fun <T> Iterable<TypeVariable(T)>.forEachIndexed(action: (index: Int, TypeVariable(T)) -> Unit): Unit defined in kotlin.collections
build	Build Debug APK	2026-01-21T02:25:52.4662630Z public inline fun <T> Sequence<TypeVariable(T)>.forEachIndexed(action: (index: Int, TypeVariable(T)) -> Unit): Unit defined in kotlin.sequences
build	Build Debug APK	2026-01-21T02:25:52.4664542Z e: file:///home/runner/work/android_arm_controller/android_arm_controller/app/src/main/java/com/aizhigu/armcontroller/ui/ActionSequencerViewModel.kt:212:39 Cannot infer a type for this parameter. Please specify it explicitly.
build	Build Debug APK	2026-01-21T02:25:52.4666428Z e: file:///home/runner/work/android_arm_controller/android_arm_controller/app/src/main/java/com/aizhigu/armcontroller/ui/ActionSequencerViewModel.kt:212:46 Cannot infer a type for this parameter. Please specify it explicitly.
build	Build Debug APK	2026-01-21T02:25:52.4668592Z e: file:///home/runner/work/android_arm_controller/android_arm_controller/app/src/main/java/com/aizhigu/armcontroller/ui/SequencerScreen.kt:262:71 Type mismatch: inferred type is Int? but Int was expected
build	Build Debug APK	2026-01-21T02:25:52.4670230Z e: file:///home/runner/work/android_arm_controller/android_arm_controller/app/src/main/java/com/aizhigu/armcontroller/ui/SequencerScreen.kt:262:132 Type mismatch: inferred type is Int? but Int was expected
build	Build Debug APK	2026-01-21T02:25:52.4672407Z e: file:///home/runner/work/android_arm_controller/android_arm_controller/app/src/main/java/com/aizhigu/armcontroller/ui/SequencerScreen.kt:285:65 Type mismatch: inferred type is Map.Entry<Int, Int> but Int was expected
build	Build Debug APK	2026-01-21T02:25:52.4674373Z e: file:///home/runner/work/android_arm_controller/android_arm_controller/app/src/main/java/com/aizhigu/armcontroller/ui/SequencerScreen.kt:373:83 Type mismatch: inferred type is List<Int> but Map<Int, Int> was expected
build	Build Debug APK	2026-01-21T02:25:52.5607500Z gradle/actions: Writing build results to /home/runner/work/_temp/.gradle-actions/build-results/__run-1768962087068.json
build	Build Debug APK	2026-01-21T02:25:52.5620013Z 
build	Build Debug APK	2026-01-21T02:25:52.5623589Z FAILURE: Build failed with an exception.
build	Build Debug APK	2026-01-21T02:25:52.5661276Z 
build	Build Debug APK	2026-01-21T02:25:52.5661595Z 27 actionable tasks: 27 executed
build	Build Debug APK	2026-01-21T02:25:52.5662224Z * What went wrong:
build	Build Debug APK	2026-01-21T02:25:52.5662778Z Execution failed for task ':app:compileDebugKotlin'.
build	Build Debug APK	2026-01-21T02:25:52.5664393Z > A failure occurred while executing org.jetbrains.kotlin.compilerRunner.GradleCompilerRunnerWithWorkers$GradleKotlinCompilerWorkAction
build	Build Debug APK	2026-01-21T02:25:52.5665772Z    > Compilation error. See log for more details
build	Build Debug APK	2026-01-21T02:25:52.5666127Z 
build	Build Debug APK	2026-01-21T02:25:52.5666235Z * Try:
build	Build Debug APK	2026-01-21T02:25:52.5666750Z > Run with --stacktrace option to get the stack trace.
build	Build Debug APK	2026-01-21T02:25:52.5667768Z > Run with --info or --debug option to get more log output.
build	Build Debug APK	2026-01-21T02:25:52.5668576Z > Run with --scan to get full insights.
build	Build Debug APK	2026-01-21T02:25:52.5669337Z > Get more help at https://help.gradle.org.
build	Build Debug APK	2026-01-21T02:25:52.5669695Z 
build	Build Debug APK	2026-01-21T02:25:52.5669899Z BUILD FAILED in 4m 30s
build	Build Debug APK	2026-01-21T02:25:53.1326130Z ##[error]Process completed with exit code 1.
build	Post Setup Gradle	﻿2026-01-21T02:25:53.1443315Z Post job cleanup.
build	Post Setup Gradle	2026-01-21T02:25:53.4918303Z In post-action step
build	Post Setup Gradle	2026-01-21T02:25:53.4927650Z Cache is read-only: will not save state for use in subsequent builds.
build	Post Setup Gradle	2026-01-21T02:25:53.4934099Z Generating Job Summary
build	Post Setup Gradle	2026-01-21T02:25:53.4959799Z Completed post-action step
build	Post Set up JDK 17	﻿2026-01-21T02:25:53.5104112Z Post job cleanup.
build	Post Run actions/checkout@v4	﻿2026-01-21T02:25:53.6882379Z Post job cleanup.
build	Post Run actions/checkout@v4	2026-01-21T02:25:53.7835870Z [command]/usr/bin/git version
build	Post Run actions/checkout@v4	2026-01-21T02:25:53.7871683Z git version 2.52.0
build	Post Run actions/checkout@v4	2026-01-21T02:25:53.7915140Z Temporarily overriding HOME='/home/runner/work/_temp/f3727b1e-aa26-447d-a195-b4ee6cb2b675' before making global git config changes
build	Post Run actions/checkout@v4	2026-01-21T02:25:53.7916611Z Adding repository directory to the temporary git global config as a safe directory
build	Post Run actions/checkout@v4	2026-01-21T02:25:53.7927925Z [command]/usr/bin/git config --global --add safe.directory /home/runner/work/android_arm_controller/android_arm_controller
build	Post Run actions/checkout@v4	2026-01-21T02:25:53.7961817Z [command]/usr/bin/git config --local --name-only --get-regexp core\.sshCommand
build	Post Run actions/checkout@v4	2026-01-21T02:25:53.7993174Z [command]/usr/bin/git submodule foreach --recursive sh -c "git config --local --name-only --get-regexp 'core\.sshCommand' && git config --local --unset-all 'core.sshCommand' || :"
build	Post Run actions/checkout@v4	2026-01-21T02:25:53.8223283Z [command]/usr/bin/git config --local --name-only --get-regexp http\.https\:\/\/github\.com\/\.extraheader
build	Post Run actions/checkout@v4	2026-01-21T02:25:53.8246501Z http.https://github.com/.extraheader
build	Post Run actions/checkout@v4	2026-01-21T02:25:53.8260036Z [command]/usr/bin/git config --local --unset-all http.https://github.com/.extraheader
build	Post Run actions/checkout@v4	2026-01-21T02:25:53.8293934Z [command]/usr/bin/git submodule foreach --recursive sh -c "git config --local --name-only --get-regexp 'http\.https\:\/\/github\.com\/\.extraheader' && git config --local --unset-all 'http.https://github.com/.extraheader' || :"
build	Post Run actions/checkout@v4	2026-01-21T02:25:53.8531038Z [command]/usr/bin/git config --local --name-only --get-regexp ^includeIf\.gitdir:
build	Post Run actions/checkout@v4	2026-01-21T02:25:53.8563894Z [command]/usr/bin/git submodule foreach --recursive git config --local --show-origin --name-only --get-regexp remote.origin.url
build	Complete job	﻿2026-01-21T02:25:53.8913341Z Cleaning up orphan processes
build	Complete job	2026-01-21T02:25:53.9167912Z Terminate orphan process: pid (2777) (java)
