build	Set up job	﻿2026-01-20T08:12:39.8991526Z Current runner version: '2.331.0'
build	Set up job	2026-01-20T08:12:39.9018782Z ##[group]Runner Image Provisioner
build	Set up job	2026-01-20T08:12:39.9019796Z Hosted Compute Agent
build	Set up job	2026-01-20T08:12:39.9020320Z Version: 20251211.462
build	Set up job	2026-01-20T08:12:39.9020972Z Commit: 6cbad8c2bb55d58165063d031ccabf57e2d2db61
build	Set up job	2026-01-20T08:12:39.9021691Z Build Date: 2025-12-11T16:28:49Z
build	Set up job	2026-01-20T08:12:39.9022452Z Worker ID: {12f8ea78-c11b-4f74-a921-7d595585316e}
build	Set up job	2026-01-20T08:12:39.9023209Z ##[endgroup]
build	Set up job	2026-01-20T08:12:39.9023717Z ##[group]Operating System
build	Set up job	2026-01-20T08:12:39.9024270Z Ubuntu
build	Set up job	2026-01-20T08:12:39.9024680Z 24.04.3
build	Set up job	2026-01-20T08:12:39.9025199Z LTS
build	Set up job	2026-01-20T08:12:39.9025618Z ##[endgroup]
build	Set up job	2026-01-20T08:12:39.9026118Z ##[group]Runner Image
build	Set up job	2026-01-20T08:12:39.9026701Z Image: ubuntu-24.04
build	Set up job	2026-01-20T08:12:39.9027169Z Version: 20260111.209.1
build	Set up job	2026-01-20T08:12:39.9028188Z Included Software: https://github.com/actions/runner-images/blob/ubuntu24/20260111.209/images/ubuntu/Ubuntu2404-Readme.md
build	Set up job	2026-01-20T08:12:39.9029496Z Image Release: https://github.com/actions/runner-images/releases/tag/ubuntu24%2F20260111.209
build	Set up job	2026-01-20T08:12:39.9030689Z ##[endgroup]
build	Set up job	2026-01-20T08:12:39.9031756Z ##[group]GITHUB_TOKEN Permissions
build	Set up job	2026-01-20T08:12:39.9034014Z Contents: read
build	Set up job	2026-01-20T08:12:39.9034809Z Metadata: read
build	Set up job	2026-01-20T08:12:39.9035265Z Packages: read
build	Set up job	2026-01-20T08:12:39.9035731Z ##[endgroup]
build	Set up job	2026-01-20T08:12:39.9038069Z Secret source: Actions
build	Set up job	2026-01-20T08:12:39.9039107Z Prepare workflow directory
build	Set up job	2026-01-20T08:12:39.9358352Z Prepare all required actions
build	Set up job	2026-01-20T08:12:39.9396185Z Getting action download info
build	Set up job	2026-01-20T08:12:40.3220198Z Download action repository 'actions/checkout@v4' (SHA:34e114876b0b11c390a56381ad16ebd13914f8d5)
build	Set up job	2026-01-20T08:12:40.4380062Z Download action repository 'actions/setup-java@v4' (SHA:c1e323688fd81a25caa38c78aa6df2d33d3e20d9)
build	Set up job	2026-01-20T08:12:40.7283313Z Download action repository 'android-actions/setup-android@v3' (SHA:9fc6c4e9069bf8d3d10b2204b1fb8f6ef7065407)
build	Set up job	2026-01-20T08:12:40.8813139Z Download action repository 'gradle/actions@v4' (SHA:748248ddd2a24f49513d8f472f81c3a07d4d50e1)
build	Set up job	2026-01-20T08:12:41.6712645Z Download action repository 'actions/upload-artifact@v4' (SHA:ea165f8d65b6e75b540449e92b4886f43607fa02)
build	Set up job	2026-01-20T08:12:42.0147975Z Complete job name: build
build	Run actions/checkout@v4	﻿2026-01-20T08:12:42.0990362Z ##[group]Run actions/checkout@v4
build	Run actions/checkout@v4	2026-01-20T08:12:42.0991764Z with:
build	Run actions/checkout@v4	2026-01-20T08:12:42.0992961Z   repository: QuinnRuth/android_arm_controller
build	Run actions/checkout@v4	2026-01-20T08:12:42.0994417Z   token: ***
build	Run actions/checkout@v4	2026-01-20T08:12:42.0995233Z   ssh-strict: true
build	Run actions/checkout@v4	2026-01-20T08:12:42.0996195Z   ssh-user: git
build	Run actions/checkout@v4	2026-01-20T08:12:42.0997055Z   persist-credentials: true
build	Run actions/checkout@v4	2026-01-20T08:12:42.0998032Z   clean: true
build	Run actions/checkout@v4	2026-01-20T08:12:42.0998921Z   sparse-checkout-cone-mode: true
build	Run actions/checkout@v4	2026-01-20T08:12:42.1000002Z   fetch-depth: 1
build	Run actions/checkout@v4	2026-01-20T08:12:42.1000823Z   fetch-tags: false
build	Run actions/checkout@v4	2026-01-20T08:12:42.1001770Z   show-progress: true
build	Run actions/checkout@v4	2026-01-20T08:12:42.1002833Z   lfs: false
build	Run actions/checkout@v4	2026-01-20T08:12:42.1003704Z   submodules: false
build	Run actions/checkout@v4	2026-01-20T08:12:42.1004642Z   set-safe-directory: true
build	Run actions/checkout@v4	2026-01-20T08:12:42.1005934Z ##[endgroup]
build	Run actions/checkout@v4	2026-01-20T08:12:42.2178731Z Syncing repository: QuinnRuth/android_arm_controller
build	Run actions/checkout@v4	2026-01-20T08:12:42.2181979Z ##[group]Getting Git version info
build	Run actions/checkout@v4	2026-01-20T08:12:42.2183918Z Working directory is '/home/runner/work/android_arm_controller/android_arm_controller'
build	Run actions/checkout@v4	2026-01-20T08:12:42.2186527Z [command]/usr/bin/git version
build	Run actions/checkout@v4	2026-01-20T08:12:42.2227601Z git version 2.52.0
build	Run actions/checkout@v4	2026-01-20T08:12:42.2256348Z ##[endgroup]
build	Run actions/checkout@v4	2026-01-20T08:12:42.2280904Z Temporarily overriding HOME='/home/runner/work/_temp/d05d5905-ae0a-4e87-bb72-421662fcb482' before making global git config changes
build	Run actions/checkout@v4	2026-01-20T08:12:42.2286305Z Adding repository directory to the temporary git global config as a safe directory
build	Run actions/checkout@v4	2026-01-20T08:12:42.2290740Z [command]/usr/bin/git config --global --add safe.directory /home/runner/work/android_arm_controller/android_arm_controller
build	Run actions/checkout@v4	2026-01-20T08:12:42.2329275Z Deleting the contents of '/home/runner/work/android_arm_controller/android_arm_controller'
build	Run actions/checkout@v4	2026-01-20T08:12:42.2333648Z ##[group]Initializing the repository
build	Run actions/checkout@v4	2026-01-20T08:12:42.2338527Z [command]/usr/bin/git init /home/runner/work/android_arm_controller/android_arm_controller
build	Run actions/checkout@v4	2026-01-20T08:12:42.2431685Z hint: Using 'master' as the name for the initial branch. This default branch name
build	Run actions/checkout@v4	2026-01-20T08:12:42.2434844Z hint: will change to "main" in Git 3.0. To configure the initial branch name
build	Run actions/checkout@v4	2026-01-20T08:12:42.2438040Z hint: to use in all of your new repositories, which will suppress this warning,
build	Run actions/checkout@v4	2026-01-20T08:12:42.2440585Z hint: call:
build	Run actions/checkout@v4	2026-01-20T08:12:42.2441917Z hint:
build	Run actions/checkout@v4	2026-01-20T08:12:42.2443888Z hint: 	git config --global init.defaultBranch <name>
build	Run actions/checkout@v4	2026-01-20T08:12:42.2445877Z hint:
build	Run actions/checkout@v4	2026-01-20T08:12:42.2447734Z hint: Names commonly chosen instead of 'master' are 'main', 'trunk' and
build	Run actions/checkout@v4	2026-01-20T08:12:42.2451087Z hint: 'development'. The just-created branch can be renamed via this command:
build	Run actions/checkout@v4	2026-01-20T08:12:42.2453701Z hint:
build	Run actions/checkout@v4	2026-01-20T08:12:42.2454996Z hint: 	git branch -m <name>
build	Run actions/checkout@v4	2026-01-20T08:12:42.2456589Z hint:
build	Run actions/checkout@v4	2026-01-20T08:12:42.2458133Z hint: Disable this message with "git config set advice.defaultBranchName false"
build	Run actions/checkout@v4	2026-01-20T08:12:42.2460482Z Initialized empty Git repository in /home/runner/work/android_arm_controller/android_arm_controller/.git/
build	Run actions/checkout@v4	2026-01-20T08:12:42.2465758Z [command]/usr/bin/git remote add origin https://github.com/QuinnRuth/android_arm_controller
build	Run actions/checkout@v4	2026-01-20T08:12:42.2488851Z ##[endgroup]
build	Run actions/checkout@v4	2026-01-20T08:12:42.2491458Z ##[group]Disabling automatic garbage collection
build	Run actions/checkout@v4	2026-01-20T08:12:42.2494052Z [command]/usr/bin/git config --local gc.auto 0
build	Run actions/checkout@v4	2026-01-20T08:12:42.2523413Z ##[endgroup]
build	Run actions/checkout@v4	2026-01-20T08:12:42.2525963Z ##[group]Setting up auth
build	Run actions/checkout@v4	2026-01-20T08:12:42.2531144Z [command]/usr/bin/git config --local --name-only --get-regexp core\.sshCommand
build	Run actions/checkout@v4	2026-01-20T08:12:42.2563909Z [command]/usr/bin/git submodule foreach --recursive sh -c "git config --local --name-only --get-regexp 'core\.sshCommand' && git config --local --unset-all 'core.sshCommand' || :"
build	Run actions/checkout@v4	2026-01-20T08:12:42.2873195Z [command]/usr/bin/git config --local --name-only --get-regexp http\.https\:\/\/github\.com\/\.extraheader
build	Run actions/checkout@v4	2026-01-20T08:12:42.2905293Z [command]/usr/bin/git submodule foreach --recursive sh -c "git config --local --name-only --get-regexp 'http\.https\:\/\/github\.com\/\.extraheader' && git config --local --unset-all 'http.https://github.com/.extraheader' || :"
build	Run actions/checkout@v4	2026-01-20T08:12:42.3123263Z [command]/usr/bin/git config --local --name-only --get-regexp ^includeIf\.gitdir:
build	Run actions/checkout@v4	2026-01-20T08:12:42.3156588Z [command]/usr/bin/git submodule foreach --recursive git config --local --show-origin --name-only --get-regexp remote.origin.url
build	Run actions/checkout@v4	2026-01-20T08:12:42.3376000Z [command]/usr/bin/git config --local http.https://github.com/.extraheader AUTHORIZATION: basic ***
build	Run actions/checkout@v4	2026-01-20T08:12:42.3408927Z ##[endgroup]
build	Run actions/checkout@v4	2026-01-20T08:12:42.3410396Z ##[group]Fetching the repository
build	Run actions/checkout@v4	2026-01-20T08:12:42.3418218Z [command]/usr/bin/git -c protocol.version=2 fetch --no-tags --prune --no-recurse-submodules --depth=1 origin +c1a8b1f8c95f2ea14b136bf576165ff30563760f:refs/remotes/origin/main
build	Run actions/checkout@v4	2026-01-20T08:12:43.0968297Z From https://github.com/QuinnRuth/android_arm_controller
build	Run actions/checkout@v4	2026-01-20T08:12:43.0971032Z  * [new ref]         c1a8b1f8c95f2ea14b136bf576165ff30563760f -> origin/main
build	Run actions/checkout@v4	2026-01-20T08:12:43.1000672Z ##[endgroup]
build	Run actions/checkout@v4	2026-01-20T08:12:43.1002586Z ##[group]Determining the checkout info
build	Run actions/checkout@v4	2026-01-20T08:12:43.1004190Z ##[endgroup]
build	Run actions/checkout@v4	2026-01-20T08:12:43.1007938Z [command]/usr/bin/git sparse-checkout disable
build	Run actions/checkout@v4	2026-01-20T08:12:43.1047680Z [command]/usr/bin/git config --local --unset-all extensions.worktreeConfig
build	Run actions/checkout@v4	2026-01-20T08:12:43.1074678Z ##[group]Checking out the ref
build	Run actions/checkout@v4	2026-01-20T08:12:43.1076996Z [command]/usr/bin/git checkout --progress --force -B main refs/remotes/origin/main
build	Run actions/checkout@v4	2026-01-20T08:12:43.1498003Z Switched to a new branch 'main'
build	Run actions/checkout@v4	2026-01-20T08:12:43.1499816Z branch 'main' set up to track 'origin/main'.
build	Run actions/checkout@v4	2026-01-20T08:12:43.1508254Z ##[endgroup]
build	Run actions/checkout@v4	2026-01-20T08:12:43.1545299Z [command]/usr/bin/git log -1 --format=%H
build	Run actions/checkout@v4	2026-01-20T08:12:43.1568294Z c1a8b1f8c95f2ea14b136bf576165ff30563760f
build	Set up JDK 17	﻿2026-01-20T08:12:43.1909027Z ##[group]Run actions/setup-java@v4
build	Set up JDK 17	2026-01-20T08:12:43.1910013Z with:
build	Set up JDK 17	2026-01-20T08:12:43.1910686Z   java-version: 17
build	Set up JDK 17	2026-01-20T08:12:43.1911436Z   distribution: temurin
build	Set up JDK 17	2026-01-20T08:12:43.1912379Z   java-package: jdk
build	Set up JDK 17	2026-01-20T08:12:43.1913129Z   check-latest: false
build	Set up JDK 17	2026-01-20T08:12:43.1913896Z   server-id: github
build	Set up JDK 17	2026-01-20T08:12:43.1914663Z   server-username: GITHUB_ACTOR
build	Set up JDK 17	2026-01-20T08:12:43.1915568Z   server-password: GITHUB_TOKEN
build	Set up JDK 17	2026-01-20T08:12:43.1916462Z   overwrite-settings: true
build	Set up JDK 17	2026-01-20T08:12:43.1917305Z   job-status: success
build	Set up JDK 17	2026-01-20T08:12:43.1918296Z   token: ***
build	Set up JDK 17	2026-01-20T08:12:43.1918977Z ##[endgroup]
build	Set up JDK 17	2026-01-20T08:12:43.3921655Z ##[group]Installed distributions
build	Set up JDK 17	2026-01-20T08:12:43.4193189Z Resolved Java 17.0.17+10 from tool-cache
build	Set up JDK 17	2026-01-20T08:12:43.4195100Z Setting Java 17.0.17+10 as the default
build	Set up JDK 17	2026-01-20T08:12:43.4208750Z Creating toolchains.xml for JDK version 17 from temurin
build	Set up JDK 17	2026-01-20T08:12:43.4291011Z Writing to /home/runner/.m2/toolchains.xml
build	Set up JDK 17	2026-01-20T08:12:43.4292485Z 
build	Set up JDK 17	2026-01-20T08:12:43.4293056Z Java configuration:
build	Set up JDK 17	2026-01-20T08:12:43.4294267Z   Distribution: temurin
build	Set up JDK 17	2026-01-20T08:12:43.4295526Z   Version: 17.0.17+10
build	Set up JDK 17	2026-01-20T08:12:43.4297291Z   Path: /opt/hostedtoolcache/Java_Temurin-Hotspot_jdk/17.0.17-10/x64
build	Set up JDK 17	2026-01-20T08:12:43.4298917Z 
build	Set up JDK 17	2026-01-20T08:12:43.4300327Z ##[endgroup]
build	Set up JDK 17	2026-01-20T08:12:43.4318320Z Creating settings.xml with server-id: github
build	Set up JDK 17	2026-01-20T08:12:43.4321541Z Writing to /home/runner/.m2/settings.xml
build	Setup Android SDK	﻿2026-01-20T08:12:43.4472160Z ##[group]Run android-actions/setup-android@v3
build	Setup Android SDK	2026-01-20T08:12:43.4473077Z with:
build	Setup Android SDK	2026-01-20T08:12:43.4473699Z   cmdline-tools-version: 12266719
build	Setup Android SDK	2026-01-20T08:12:43.4474516Z   accept-android-sdk-licenses: true
build	Setup Android SDK	2026-01-20T08:12:43.4475401Z   log-accepted-android-sdk-licenses: true
build	Setup Android SDK	2026-01-20T08:12:43.4476282Z   packages: tools platform-tools
build	Setup Android SDK	2026-01-20T08:12:43.4477013Z env:
build	Setup Android SDK	2026-01-20T08:12:43.4477868Z   JAVA_HOME: /opt/hostedtoolcache/Java_Temurin-Hotspot_jdk/17.0.17-10/x64
build	Setup Android SDK	2026-01-20T08:12:43.4479280Z   JAVA_HOME_17_X64: /opt/hostedtoolcache/Java_Temurin-Hotspot_jdk/17.0.17-10/x64
build	Setup Android SDK	2026-01-20T08:12:43.4480404Z ##[endgroup]
build	Setup Android SDK	2026-01-20T08:12:43.5468541Z Found preinstalled sdkmanager in /usr/local/lib/android/sdk/cmdline-tools/latest with following source.properties:
build	Setup Android SDK	2026-01-20T08:12:43.5471679Z Pkg.Revision=12.0
build	Setup Android SDK	2026-01-20T08:12:43.5473163Z Pkg.Path=cmdline-tools;12.0
build	Setup Android SDK	2026-01-20T08:12:43.5474069Z Pkg.Desc=Android SDK Command-line Tools
build	Setup Android SDK	2026-01-20T08:12:43.5474679Z 
build	Setup Android SDK	2026-01-20T08:12:43.5475032Z Wrong version in preinstalled sdkmanager
build	Setup Android SDK	2026-01-20T08:12:43.5476904Z Downloading commandline tools from https://dl.google.com/android/repository/commandlinetools-linux-12266719_latest.zip
build	Setup Android SDK	2026-01-20T08:12:44.6576774Z [command]/usr/bin/unzip -o -q /home/runner/work/_temp/da3649f1-e863-4f15-aed4-eb4d0694693a
build	Setup Android SDK	2026-01-20T08:12:45.4700786Z Accepting Android SDK licenses
build	Setup Android SDK	2026-01-20T08:12:45.4706073Z [command]/usr/local/lib/android/sdk/cmdline-tools/16.0/bin/sdkmanager --licenses
build	Setup Android SDK	2026-01-20T08:12:48.6401859Z Loading local repository...                                                     
build	Setup Android SDK	2026-01-20T08:12:48.6403233Z [=========                              ] 25% Loading local repository...       
build	Setup Android SDK	2026-01-20T08:12:50.2010876Z [=========                              ] 25% Fetch remote repository...        
build	Setup Android SDK	2026-01-20T08:12:50.6759302Z [==========                             ] 26% Fetch remote repository...        
build	Setup Android SDK	2026-01-20T08:12:50.6764020Z [============                           ] 31% Fetch remote repository...        
build	Setup Android SDK	2026-01-20T08:12:50.7057170Z [============                           ] 32% Fetch remote repository...        
build	Setup Android SDK	2026-01-20T08:12:50.7062842Z [=============                          ] 33% Fetch remote repository...        
build	Setup Android SDK	2026-01-20T08:12:50.7363891Z [=============                          ] 35% Fetch remote repository...        
build	Setup Android SDK	2026-01-20T08:12:50.7365168Z [==============                         ] 36% Fetch remote repository...        
build	Setup Android SDK	2026-01-20T08:12:50.7795388Z [==============                         ] 37% Fetch remote repository...        
build	Setup Android SDK	2026-01-20T08:12:50.7803899Z [===============                        ] 38% Fetch remote repository...        
build	Setup Android SDK	2026-01-20T08:12:50.7983629Z [===============                        ] 39% Fetch remote repository...        
build	Setup Android SDK	2026-01-20T08:12:50.7994125Z [================                       ] 40% Fetch remote repository...        
build	Setup Android SDK	2026-01-20T08:12:50.8167028Z [================                       ] 41% Fetch remote repository...        
build	Setup Android SDK	2026-01-20T08:12:50.8174249Z [================                       ] 42% Fetch remote repository...        
build	Setup Android SDK	2026-01-20T08:12:50.8366306Z [=================                      ] 44% Fetch remote repository...        
build	Setup Android SDK	2026-01-20T08:12:50.8370081Z [=================                      ] 45% Fetch remote repository...        
build	Setup Android SDK	2026-01-20T08:12:50.8549281Z [==================                     ] 46% Fetch remote repository...        
build	Setup Android SDK	2026-01-20T08:12:50.8555999Z [==================                     ] 47% Fetch remote repository...        
build	Setup Android SDK	2026-01-20T08:12:50.8644282Z [===================                    ] 48% Fetch remote repository...        
build	Setup Android SDK	2026-01-20T08:12:50.8646381Z [===================                    ] 49% Fetch remote repository...        
build	Setup Android SDK	2026-01-20T08:12:50.8828804Z [====================                   ] 50% Fetch remote repository...        
build	Setup Android SDK	2026-01-20T08:12:50.8831112Z [====================                   ] 51% Fetch remote repository...        
build	Setup Android SDK	2026-01-20T08:12:50.9021969Z [====================                   ] 53% Fetch remote repository...        
build	Setup Android SDK	2026-01-20T08:12:50.9026589Z [=====================                  ] 54% Fetch remote repository...        
build	Setup Android SDK	2026-01-20T08:12:50.9207888Z [=====================                  ] 55% Fetch remote repository...        
build	Setup Android SDK	2026-01-20T08:12:50.9208696Z [======================                 ] 56% Fetch remote repository...        
build	Setup Android SDK	2026-01-20T08:12:50.9368482Z [======================                 ] 57% Fetch remote repository...        
build	Setup Android SDK	2026-01-20T08:12:50.9393903Z [=======================                ] 58% Fetch remote repository...        
build	Setup Android SDK	2026-01-20T08:12:50.9536644Z [=======================                ] 59% Fetch remote repository...        
build	Setup Android SDK	2026-01-20T08:12:50.9538930Z [========================               ] 60% Fetch remote repository...        
build	Setup Android SDK	2026-01-20T08:12:50.9854307Z [========================               ] 61% Fetch remote repository...        
build	Setup Android SDK	2026-01-20T08:12:50.9856942Z [=========================              ] 63% Fetch remote repository...        
build	Setup Android SDK	2026-01-20T08:12:51.0261840Z [=========================              ] 64% Fetch remote repository...        
build	Setup Android SDK	2026-01-20T08:12:51.0267214Z [=========================              ] 65% Fetch remote repository...        
build	Setup Android SDK	2026-01-20T08:12:51.1311389Z [==========================             ] 66% Fetch remote repository...        
build	Setup Android SDK	2026-01-20T08:12:51.1312862Z [==========================             ] 67% Fetch remote repository...        
build	Setup Android SDK	2026-01-20T08:12:51.2014719Z [===========================            ] 68% Fetch remote repository...        
build	Setup Android SDK	2026-01-20T08:12:51.2026368Z [===========================            ] 69% Fetch remote repository...        
build	Setup Android SDK	2026-01-20T08:12:51.2333819Z [============================           ] 70% Fetch remote repository...        
build	Setup Android SDK	2026-01-20T08:12:51.2338636Z [============================           ] 72% Fetch remote repository...        
build	Setup Android SDK	2026-01-20T08:12:51.2506547Z [=============================          ] 73% Fetch remote repository...        
build	Setup Android SDK	2026-01-20T08:12:51.2513993Z [=============================          ] 74% Fetch remote repository...        
build	Setup Android SDK	2026-01-20T08:12:51.2673242Z [=============================          ] 75% Fetch remote repository...        
build	Setup Android SDK	2026-01-20T08:12:51.2778176Z [=============================          ] 75% Computing updates...              
build	Setup Android SDK	2026-01-20T08:12:51.2780856Z [=======================================] 100% Computing updates...             
build	Setup Android SDK	2026-01-20T08:12:51.3182431Z 6 of 7 SDK package licenses not accepted.
build	Setup Android SDK	2026-01-20T08:12:51.3183057Z Review licenses that have not been accepted (y/N)? 
build	Setup Android SDK	2026-01-20T08:12:51.3184031Z 1/6: License android-googletv-license:
build	Setup Android SDK	2026-01-20T08:12:51.3184451Z ---------------------------------------
build	Setup Android SDK	2026-01-20T08:12:51.3189025Z Terms and Conditions
build	Setup Android SDK	2026-01-20T08:12:51.3189287Z 
build	Setup Android SDK	2026-01-20T08:12:51.3189669Z This is the Google TV Add-on for the Android Software Development Kit License Agreement.
build	Setup Android SDK	2026-01-20T08:12:51.3193967Z 
build	Setup Android SDK	2026-01-20T08:12:51.3194206Z 1. Introduction
build	Setup Android SDK	2026-01-20T08:12:51.3194406Z 
build	Setup Android SDK	2026-01-20T08:12:51.3196721Z 1.1 The Google TV Add-on for the Android Software Development Kit (referred to in this License Agreement as the "Google TV Add-on" and specifically including the Android system files, packaged APIs, and Google APIs add-ons) is licensed to you subject to the terms of this License Agreement. This License Agreement forms a legally binding contract between you and Google in relation to your use of the Google TV Add-on.
build	Setup Android SDK	2026-01-20T08:12:51.3199187Z 
build	Setup Android SDK	2026-01-20T08:12:51.3199974Z 1.2 "Google" means Google Inc., a Delaware corporation with principal place of business at 1600 Amphitheatre Parkway, Mountain View, CA 94043, United States.
build	Setup Android SDK	2026-01-20T08:12:51.3200924Z 
build	Setup Android SDK	2026-01-20T08:12:51.3201083Z 2. Accepting this License Agreement
build	Setup Android SDK	2026-01-20T08:12:51.3201367Z 
build	Setup Android SDK	2026-01-20T08:12:51.3202322Z 2.1 In order to use the Google TV Add-on, you must first agree to this License Agreement. You may not use the Google TV Add-on if you do not accept this License Agreement.
build	Setup Android SDK	2026-01-20T08:12:51.3203297Z 
build	Setup Android SDK	2026-01-20T08:12:51.3203471Z 2.2 You can accept this License Agreement by:
build	Setup Android SDK	2026-01-20T08:12:51.3204077Z 
build	Setup Android SDK	2026-01-20T08:12:51.3204578Z (A) clicking to accept or agree to this License Agreement, where this option is made available to you; or
build	Setup Android SDK	2026-01-20T08:12:51.3205225Z 
build	Setup Android SDK	2026-01-20T08:12:51.3206060Z (B) by actually using the Google TV Add-on. In this case, you agree that use of the Google TV Add-on constitutes acceptance of the License Agreement from that point onwards.
build	Setup Android SDK	2026-01-20T08:12:51.3207045Z 
build	Setup Android SDK	2026-01-20T08:12:51.3208606Z 2.3 You may not use the Google TV Add-on and may not accept the Licensing Agreement if you are a person barred from receiving the Google TV Add-on under the laws of the United States or other countries including the country in which you are resident or from which you use the Google TV Add-on.
build	Setup Android SDK	2026-01-20T08:12:51.3210370Z 
build	Setup Android SDK	2026-01-20T08:12:51.3212625Z 2.4 If you are agreeing to be bound by this License Agreement on behalf of your employer or other entity, you represent and warrant that you have full legal authority to bind your employer or such entity to this License Agreement. If you do not have the requisite authority, you may not accept the Licensing Agreement or use the Google TV Add-on on behalf of your employer or other entity.
build	Setup Android SDK	2026-01-20T08:12:51.3214897Z 
build	Setup Android SDK	2026-01-20T08:12:51.3215071Z 3. Google TV Add-on License from Google
build	Setup Android SDK	2026-01-20T08:12:51.3215371Z 
build	Setup Android SDK	2026-01-20T08:12:51.3216628Z 3.1 Subject to the terms of this License Agreement, Google grants you a limited, worldwide, royalty-free, non- assignable and non-exclusive license to use the Google TV Add-on solely to develop applications to run on the Google TV platform.
build	Setup Android SDK	2026-01-20T08:12:51.3218087Z 
build	Setup Android SDK	2026-01-20T08:12:51.3220359Z 3.2 You agree that Google or third parties own all legal right, title and interest in and to the Google TV Add-on, including any Intellectual Property Rights that subsist in the Google TV Add-on. "Intellectual Property Rights" means any and all rights under patent law, copyright law, trade secret law, trademark law, and any and all other proprietary rights. Google reserves all rights not expressly granted to you.
build	Setup Android SDK	2026-01-20T08:12:51.3264649Z 
build	Setup Android SDK	2026-01-20T08:12:51.3268154Z 3.3 Except to the extent required by applicable third party licenses, you may not copy (except for backup purposes), modify, adapt, redistribute, decompile, reverse engineer, disassemble, or create derivative works of the Google TV Add-on or any part of the Google TV Add-on. Except to the extent required by applicable third party licenses, you may not load any part of the Google TV Add-on onto a mobile handset, television, or any other hardware device except a personal computer, combine any part of the Google TV Add-on with other software, or distribute any software or device incorporating a part of the Google TV Add-on.
build	Setup Android SDK	2026-01-20T08:12:51.3271958Z 
build	Setup Android SDK	2026-01-20T08:12:51.3273337Z 3.4 Use, reproduction and distribution of components of the Google TV Add-on licensed under an open source software license are governed solely by the terms of that open source software license and not this License Agreement.
build	Setup Android SDK	2026-01-20T08:12:51.3274710Z 
build	Setup Android SDK	2026-01-20T08:12:51.3277304Z 3.5 You agree that the form and nature of the Google TV Add-on that Google provides may change without prior notice to you and that future versions of the Google TV Add-on may be incompatible with applications developed on previous versions of the Google TV Add-on. You agree that Google may stop (permanently or temporarily) providing the Google TV Add-on (or any features within the Google TV Add-on) to you or to users generally at Google's sole discretion, without prior notice to you.
build	Setup Android SDK	2026-01-20T08:12:51.3280055Z 
build	Setup Android SDK	2026-01-20T08:12:51.3281826Z 3.6 Nothing in this License Agreement gives you a right to use any of Google's or it’s licensors’ trade names, trademarks, service marks, logos, domain names, or other distinctive brand features.
build	Setup Android SDK	2026-01-20T08:12:51.3283186Z 
build	Setup Android SDK	2026-01-20T08:12:51.3284202Z 3.7 You agree that you will not remove, obscure, or alter any proprietary rights notices (including copyright and trademark notices) that may be affixed to or contained within the Google TV Add-on.
build	Setup Android SDK	2026-01-20T08:12:51.3285635Z 
build	Setup Android SDK	2026-01-20T08:12:51.3285790Z 4. Use of the Google TV Add-on by You
build	Setup Android SDK	2026-01-20T08:12:51.3286084Z 
build	Setup Android SDK	2026-01-20T08:12:51.3287597Z 4.1 Google agrees that it obtains no right, title or interest from you (or your licensors) under this License Agreement in or to any software applications that you develop using the Google TV Add-on, including any intellectual property rights that subsist in those applications.
build	Setup Android SDK	2026-01-20T08:12:51.3289310Z 
build	Setup Android SDK	2026-01-20T08:12:51.3291369Z 4.2 You agree to use the Google TV Add-on and write applications only for purposes that are permitted by (a) this License Agreement and (b) any applicable law, regulation or generally accepted practices or guidelines in the relevant jurisdictions (including any laws regarding the export of data or software to and from the United States or other relevant countries).
build	Setup Android SDK	2026-01-20T08:12:51.3305753Z 
build	Setup Android SDK	2026-01-20T08:12:51.3310292Z 4.3 You agree that if you use the Google TV Add-on to develop applications for general public users, you will protect the privacy and legal rights of those users. If the users provide you with user names, passwords, or other login information or personal information, your must make the users aware that the information will be available to your application, and you must provide legally adequate privacy notice and protection for those users. If your application stores personal or sensitive information provided by users, it must do so securely. If the user provides your application with Google Account information, your application may only use that information to access the user's Google Account when, and for the limited purposes for which, the user has given you explicit permission to do so.
build	Setup Android SDK	2026-01-20T08:12:51.3315068Z 
build	Setup Android SDK	2026-01-20T08:12:51.3317325Z 4.4 You agree that you will not engage in any activity with the Google TV Add-on, including the development or distribution of an application, that interferes with, disrupts, damages, or accesses in an unauthorized manner the servers, networks, or other properties or services of any third party including, but not limited to, Google, Multichannel Video Program Distributors or any mobile communications carrier.
build	Setup Android SDK	2026-01-20T08:12:51.3319745Z 
build	Setup Android SDK	2026-01-20T08:12:51.3321735Z 4.5 You agree that you are solely responsible for (and that Google has no responsibility to you or to any third party for) any data, content, or resources that you create, transmit or display through the Google TV platform and/or applications for the Google TV platform, and for the consequences of your actions (including any loss or damage which Google may suffer) by doing so.
build	Setup Android SDK	2026-01-20T08:12:51.3324343Z 
build	Setup Android SDK	2026-01-20T08:12:51.3344363Z 4.6 You agree that you are solely responsible for (and that Google has no responsibility to you or to any third party for) any breach of your obligations under this License Agreement, any applicable third party contract or Terms of Service, or any applicable law or regulation, and for the consequences (including any loss or damage which Google or any third party may suffer) of any such breach.
build	Setup Android SDK	2026-01-20T08:12:51.3346663Z 
build	Setup Android SDK	2026-01-20T08:12:51.3346838Z 5. Your Developer Credentials
build	Setup Android SDK	2026-01-20T08:12:51.3347121Z 
build	Setup Android SDK	2026-01-20T08:12:51.3348682Z 5.1 You agree that you are responsible for maintaining the confidentiality of any developer credentials that may be issued to you by Google or which you may choose yourself and that you will be solely responsible for all applications that are developed under your developer credentials.
build	Setup Android SDK	2026-01-20T08:12:51.3350298Z 
build	Setup Android SDK	2026-01-20T08:12:51.3350417Z 6. Privacy and Information
build	Setup Android SDK	2026-01-20T08:12:51.3350580Z 
build	Setup Android SDK	2026-01-20T08:12:51.3352430Z 6.1 In order to continually innovate and improve the Google TV Add-on, Google may collect certain usage statistics from the software including but not limited to a unique identifier, associated IP address, version number of the software, and information on which tools and/or services in the Google TV Add-on are being used and how they are being used. Before any of this information is collected, the Google TV Add-on will notify you and seek your consent. If you withhold consent, the information will not be collected.
build	Setup Android SDK	2026-01-20T08:12:51.3354395Z 
build	Setup Android SDK	2026-01-20T08:12:51.3354815Z 6.2 The data collected is examined in the aggregate to improve the Google TV Add-on and is maintained in accordance with Google's Privacy Policy.
build	Setup Android SDK	2026-01-20T08:12:51.3355311Z 
build	Setup Android SDK	2026-01-20T08:12:51.3355452Z 7. Third Party Applications for the Google TV Platform
build	Setup Android SDK	2026-01-20T08:12:51.3355669Z 
build	Setup Android SDK	2026-01-20T08:12:51.3357525Z 7.1 If you use the Google TV Add-on to run applications developed by a third party or that access data, content or resources provided by a third party, you agree that Google is not responsible for those applications, data, content, or resources. You understand that all data, content or resources which you may access through such third party applications are the sole responsibility of the person from which they originated and that Google is not liable for any loss or damage that you may experience as a result of the use or access of any of those third party applications, data, content, or resources.
build	Setup Android SDK	2026-01-20T08:12:51.3359458Z 
build	Setup Android SDK	2026-01-20T08:12:51.3360931Z 7.2 You should be aware the data, content, and resources presented to you through such a third party application may be protected by intellectual property rights which are owned by the providers (or by other persons or companies on their behalf). You may not modify, rent, lease, loan, sell, distribute or create derivative works based on these data, content, or resources (either in whole or in part) unless you have been specifically given permission to do so by the relevant owners.
build	Setup Android SDK	2026-01-20T08:12:51.3362751Z 
build	Setup Android SDK	2026-01-20T08:12:51.3363560Z 7.3 You acknowledge that your use of such third party applications, data, content, or resources may be subject to separate terms between you and the relevant third party. In that case, this License Agreement does not affect your legal relationship with these third parties.
build	Setup Android SDK	2026-01-20T08:12:51.3364460Z 
build	Setup Android SDK	2026-01-20T08:12:51.3364542Z 8. Using Google TV APIs
build	Setup Android SDK	2026-01-20T08:12:51.3364672Z 
build	Setup Android SDK	2026-01-20T08:12:51.3367298Z 8.1 If you use any Google TV API to retrieve data from Google, you acknowledge that the data (“Google TV API Content”) may be protected by intellectual property rights which are owned by Google or those parties that provide the data (or by other persons or companies on their behalf). Your use of any such API may be subject to additional Terms of Service. You may not modify, rent, lease, loan, sell, distribute or create derivative works based on this data (either in whole or in part) unless allowed by the relevant Terms of Service. Some portions of the Google TV API Content are licensed to Google by third parties, including but not limited to Tribune Media Services
build	Setup Android SDK	2026-01-20T08:12:51.3369621Z 
build	Setup Android SDK	2026-01-20T08:12:51.3370357Z 8.2 If you use any API to retrieve a user's data from Google, you acknowledge and agree that you shall retrieve data only with the user's explicit consent and only when, and for the limited purposes for which, the user has given you permission to do so.
build	Setup Android SDK	2026-01-20T08:12:51.3371172Z 
build	Setup Android SDK	2026-01-20T08:12:51.3371422Z 8.3 Except as explicitly permitted in Section 3 (Google TV Add-on License from Google), you must:
build	Setup Android SDK	2026-01-20T08:12:51.3371774Z 
build	Setup Android SDK	2026-01-20T08:12:51.3372489Z (a) not modify nor format the Google TV API Content except to the extent reasonably and technically necessary to optimize the display such Google TV API Content in your application;
build	Setup Android SDK	2026-01-20T08:12:51.3373119Z 
build	Setup Android SDK	2026-01-20T08:12:51.3373702Z (b) not edit the Google TV API Content in a manner that renders the Google TV API Content inaccurate of alters its inherent meaning (provided that displaying excerpts will not violate the foregoing); or
build	Setup Android SDK	2026-01-20T08:12:51.3374372Z 
build	Setup Android SDK	2026-01-20T08:12:51.3374630Z (c) not create any commercial audience measurement tool or service using the Google TV API Content
build	Setup Android SDK	2026-01-20T08:12:51.3374977Z 
build	Setup Android SDK	2026-01-20T08:12:51.3375069Z 9. Terminating this License Agreement
build	Setup Android SDK	2026-01-20T08:12:51.3375243Z 
build	Setup Android SDK	2026-01-20T08:12:51.3375664Z 9.1 This License Agreement will continue to apply until terminated by either you or Google as set out below.
build	Setup Android SDK	2026-01-20T08:12:51.3376043Z 
build	Setup Android SDK	2026-01-20T08:12:51.3376442Z 9.2 If you want to terminate this License Agreement, you may do so by ceasing your use of the Google TV Add-on and any relevant developer credentials.
build	Setup Android SDK	2026-01-20T08:12:51.3376935Z 
build	Setup Android SDK	2026-01-20T08:12:51.3377102Z 9.3 Google may at any time, terminate this License Agreement with you if:
build	Setup Android SDK	2026-01-20T08:12:51.3377359Z 
build	Setup Android SDK	2026-01-20T08:12:51.3377518Z (A) you have breached any provision of this License Agreement; or
build	Setup Android SDK	2026-01-20T08:12:51.3377755Z 
build	Setup Android SDK	2026-01-20T08:12:51.3377848Z (B) Google is required to do so by law; or
build	Setup Android SDK	2026-01-20T08:12:51.3378027Z 
build	Setup Android SDK	2026-01-20T08:12:51.3378618Z (C) the partner with whom Google offered certain parts of Google TV Add-on (such as APIs) to you has terminated its relationship with Google or ceased to offer certain parts of the Google TV Add-on to you; or
build	Setup Android SDK	2026-01-20T08:12:51.3379293Z 
build	Setup Android SDK	2026-01-20T08:12:51.3380290Z (D) Google decides to no longer providing the Google TV Add-on or certain parts of the Google TV Add-on to users in the country in which you are resident or from which you use the service, or the provision of the Google TV Add-on or certain Google TV Add-on services to you by Google is, in Google's sole discretion, no longer commercially viable.
build	Setup Android SDK	2026-01-20T08:12:51.3381377Z 
build	Setup Android SDK	2026-01-20T08:12:51.3382940Z 9.4 When this License Agreement comes to an end, all of the legal rights, obligations and liabilities that you and Google have benefited from, been subject to (or which have accrued over time whilst this License Agreement has been in force) or which are expressed to continue indefinitely, shall be unaffected by this cessation, and the provisions of paragraph 14.7 shall continue to apply to such rights, obligations and liabilities indefinitely.
build	Setup Android SDK	2026-01-20T08:12:51.3384511Z 
build	Setup Android SDK	2026-01-20T08:12:51.3384607Z 10. DISCLAIMER OF WARRANTIES
build	Setup Android SDK	2026-01-20T08:12:51.3384781Z 
build	Setup Android SDK	2026-01-20T08:12:51.3385343Z 10.1 YOU EXPRESSLY UNDERSTAND AND AGREE THAT YOUR USE OF THE GOOGLE TV ADD-ON IS AT YOUR SOLE RISK AND THAT THE GOOGLE TV ADD-ON IS PROVIDED "AS IS" AND "AS AVAILABLE" WITHOUT WARRANTY OF ANY KIND FROM GOOGLE.
build	Setup Android SDK	2026-01-20T08:12:51.3386010Z 
build	Setup Android SDK	2026-01-20T08:12:51.3386844Z 10.2 YOUR USE OF THE GOOGLE TV ADD-ON AND ANY MATERIAL DOWNLOADED OR OTHERWISE OBTAINED THROUGH THE USE OF THE GOOGLE TV ADD-ON IS AT YOUR OWN DISCRETION AND RISK AND YOU ARE SOLELY RESPONSIBLE FOR ANY DAMAGE TO YOUR COMPUTER SYSTEM OR OTHER DEVICE OR LOSS OF DATA THAT RESULTS FROM SUCH USE.
build	Setup Android SDK	2026-01-20T08:12:51.3387926Z 
build	Setup Android SDK	2026-01-20T08:12:51.3388710Z 10.3 GOOGLE FURTHER EXPRESSLY DISCLAIMS ALL WARRANTIES AND CONDITIONS OF ANY KIND, WHETHER EXPRESS OR IMPLIED, INCLUDING, BUT NOT LIMITED TO THE IMPLIED WARRANTIES AND CONDITIONS OF MERCHANTABILITY, FITNESS FOR A PARTICULAR PURPOSE AND NON-INFRINGEMENT.
build	Setup Android SDK	2026-01-20T08:12:51.3389561Z 
build	Setup Android SDK	2026-01-20T08:12:51.3389647Z 11. LIMITATION OF LIABILITY
build	Setup Android SDK	2026-01-20T08:12:51.3389789Z 
build	Setup Android SDK	2026-01-20T08:12:51.3391114Z 11.1 YOU EXPRESSLY UNDERSTAND AND AGREE THAT GOOGLE, ITS SUBSIDIARIES AND AFFILIATES, AND ITS LICENSORS SHALL NOT BE LIABLE TO YOU UNDER ANY THEORY OF LIABILITY FOR ANY DIRECT, INDIRECT, INCIDENTAL, SPECIAL CONSEQUENTIAL OR EXEMPLARY DAMAGES THAT MAY BE INCURRED BY YOU, INCLUDING ANY LOSS OF DATA, WHETHER OR NOT GOOGLE OR ITS REPRESENTATIVES HAVE BEEN ADVISED OF OR SHOULD HAVE BEEN AWARE OF THE POSSIBILITY OF ANY SUCH LOSSES ARISING.
build	Setup Android SDK	2026-01-20T08:12:51.3392942Z 
build	Setup Android SDK	2026-01-20T08:12:51.3393026Z 12. Indemnification
build	Setup Android SDK	2026-01-20T08:12:51.3393152Z 
build	Setup Android SDK	2026-01-20T08:12:51.3395462Z 12.1 To the maximum extent permitted by law, you agree to defend, indemnify and hold harmless Google, its affiliates and their respective directors, officers, employees and agents from and against any and all claims, actions, suits or proceedings, as well as any and all losses, liabilities, damages, costs and expenses (including reasonable attorneys fees) arising out of or accruing from (a) your use of the Google TV Add-on, (b) any application you develop on the Google TV Add-on that infringes any copyright, trademark, trade secret, trade dress, patent or other intellectual property right of any person or defames any person or violates their rights of publicity or privacy, and (c) any non-compliance by you with this License Agreement.
build	Setup Android SDK	2026-01-20T08:12:51.3398001Z 
build	Setup Android SDK	2026-01-20T08:12:51.3398098Z 13. Changes to the License Agreement
build	Setup Android SDK	2026-01-20T08:12:51.3398263Z 
build	Setup Android SDK	2026-01-20T08:12:51.3398547Z 13.1 Google may make changes to the License Agreement as it distributes new versions of the Google TV Add-on.
build	Setup Android SDK	2026-01-20T08:12:51.3398938Z 
build	Setup Android SDK	2026-01-20T08:12:51.3399012Z 14. General Legal Terms
build	Setup Android SDK	2026-01-20T08:12:51.3399139Z 
build	Setup Android SDK	2026-01-20T08:12:51.3400136Z 14.1 This License Agreement constitute the whole legal agreement between you and Google and govern your use of the Google TV Add-on (excluding any services which Google may provide to you under a separate written agreement), and completely replace any prior agreements between you and Google in relation to the Google TV Add-on.
build	Setup Android SDK	2026-01-20T08:12:51.3401214Z 
build	Setup Android SDK	2026-01-20T08:12:51.3402298Z 14.2 You agree that if Google does not exercise or enforce any legal right or remedy which is contained in this License Agreement (or which Google has the benefit of under any applicable law), this will not be taken to be a formal waiver of Google's rights and that those rights or remedies will still be available to Google.
build	Setup Android SDK	2026-01-20T08:12:51.3403337Z 
build	Setup Android SDK	2026-01-20T08:12:51.3404381Z 14.3 If any court of law, having the jurisdiction to decide on this matter, rules that any provision of this License Agreement is invalid, then that provision will be removed from this License Agreement without affecting the rest of this License Agreement. The remaining provisions of this License Agreement will continue to be valid and enforceable.
build	Setup Android SDK	2026-01-20T08:12:51.3405520Z 
build	Setup Android SDK	2026-01-20T08:12:51.3407323Z 14.4 You acknowledge and agree that Google’s API data licensors and each member of the group of companies of which Google is the parent shall be third party beneficiaries to this License Agreement and that such other companies shall be entitled to directly enforce, and rely upon, any provision of this License Agreement that confers a benefit on (or rights in favor of) them. Other than this, no other person or company shall be third party beneficiaries to this License Agreement.
build	Setup Android SDK	2026-01-20T08:12:51.3408908Z 
build	Setup Android SDK	2026-01-20T08:12:51.3410037Z 14.5 EXPORT RESTRICTIONS. THE GOOGLE TV ADD-ON IS SUBJECT TO UNITED STATES EXPORT LAWS AND REGULATIONS. YOU MUST COMPLY WITH ALL DOMESTIC AND INTERNATIONAL EXPORT LAWS AND REGULATIONS THAT APPLY TO THE GOOGLE TV ADD-ON. THESE LAWS INCLUDE RESTRICTIONS ON DESTINATIONS, END USERS AND END USE.
build	Setup Android SDK	2026-01-20T08:12:51.3411148Z 
build	Setup Android SDK	2026-01-20T08:12:51.3412297Z 14.6 The rights granted in this License Agreement may not be assigned or transferred by either you or Google without the prior written approval of the other party. Neither you nor Google shall be permitted to delegate their responsibilities or obligations under this License Agreement without the prior written approval of the other party.
build	Setup Android SDK	2026-01-20T08:12:51.3413428Z 
build	Setup Android SDK	2026-01-20T08:12:51.3415167Z 14.7 This License Agreement, and your relationship with Google under this License Agreement, shall be governed by the laws of the State of California without regard to its conflict of laws provisions. You and Google agree to submit to the exclusive jurisdiction of the courts located within the county of Santa Clara, California to resolve any legal matter arising from this License Agreement. Notwithstanding this, you agree that Google shall still be allowed to apply for injunctive remedies (or an equivalent type of urgent legal relief) in any jurisdiction.
build	Setup Android SDK	2026-01-20T08:12:51.3416978Z 
build	Setup Android SDK	2026-01-20T08:12:51.3416982Z 
build	Setup Android SDK	2026-01-20T08:12:51.3417060Z August 15, 2011
build	Setup Android SDK	2026-01-20T08:12:51.3417247Z ---------------------------------------
build	Setup Android SDK	2026-01-20T08:12:51.3417503Z Accept? (y/N): 
build	Setup Android SDK	2026-01-20T08:12:51.3417706Z 2/6: License android-googlexr-license:
build	Setup Android SDK	2026-01-20T08:12:51.3417958Z ---------------------------------------
build	Setup Android SDK	2026-01-20T08:12:51.3418994Z To get started with the Android XR Emulator System Image SDK, you must agree to the following terms and conditions. As described below, please note that this is a preview, emulated version of the Android XR OS, subject to change, that you use at your own risk.
build	Setup Android SDK	2026-01-20T08:12:51.3419849Z 
build	Setup Android SDK	2026-01-20T08:12:51.3420004Z This is the Android XR Emulator System Image SDK License Agreement
build	Setup Android SDK	2026-01-20T08:12:51.3420251Z 
build	Setup Android SDK	2026-01-20T08:12:51.3420330Z 1. Introduction
build	Setup Android SDK	2026-01-20T08:12:51.3420433Z 
build	Setup Android SDK	2026-01-20T08:12:51.3421796Z 1.1 The Android Android XR Emulator System Image SDK (referred to in the License Agreement as the "SDK" and specifically including the Android system files,, packaged APIs, library files (if and when they are made available), and Google applications and APIs add-ons) is licensed to you subject to the terms of the License Agreement. The License Agreement forms a legally binding contract between you and Google in relation to your use of the SDK.
build	Setup Android SDK	2026-01-20T08:12:51.3423335Z 
build	Setup Android SDK	2026-01-20T08:12:51.3423993Z 1.2 "Android" means the Android software stack for devices, as made available under the Android Open Source Project, which is located at the following URL: https://source.android.com/, as updated from time to time.
build	Setup Android SDK	2026-01-20T08:12:51.3424713Z 
build	Setup Android SDK	2026-01-20T08:12:51.3425333Z 1.3 "Google" means Google LLC, organized under the laws of the State of Delaware, USA, and operating under the laws of the USA with principal place of business at 1600 Amphitheatre Parkway, Mountain View, CA 94043, USA.
build	Setup Android SDK	2026-01-20T08:12:51.3426044Z 
build	Setup Android SDK	2026-01-20T08:12:51.3426136Z 2. Accepting this License Agreement
build	Setup Android SDK	2026-01-20T08:12:51.3426297Z 
build	Setup Android SDK	2026-01-20T08:12:51.3426670Z 2.1 In order to use the SDK, you must first agree to the License Agreement. You may not use the SDK if you do not accept the License Agreement.
build	Setup Android SDK	2026-01-20T08:12:51.3427140Z 
build	Setup Android SDK	2026-01-20T08:12:51.3427403Z 2.2 By clicking to accept and/or using this SDK, you hereby agree to the terms of the License Agreement.
build	Setup Android SDK	2026-01-20T08:12:51.3427751Z 
build	Setup Android SDK	2026-01-20T08:12:51.3428483Z 2.3 You may not use the SDK and may not accept the License Agreement if you are a person barred from receiving the SDK under the laws of the United States or other countries, including the country in which you are resident or from which you use the SDK.
build	Setup Android SDK	2026-01-20T08:12:51.3429295Z 
build	Setup Android SDK	2026-01-20T08:12:51.3430380Z 2.4 If you are agreeing to be bound by the License Agreement on behalf of your employer or other entity, you represent and warrant that you have full legal authority to bind your employer or such entity to the License Agreement. If you do not have the requisite authority, you may not accept the License Agreement or use the SDK on behalf of your employer or other entity.
build	Setup Android SDK	2026-01-20T08:12:51.3431710Z 
build	Setup Android SDK	2026-01-20T08:12:51.3431793Z 3. SDK License from Google
build	Setup Android SDK	2026-01-20T08:12:51.3431936Z 
build	Setup Android SDK	2026-01-20T08:12:51.3432721Z 3.1 Subject to the terms of the License Agreement, Google grants you a limited, worldwide, royalty-free, non-assignable, non-exclusive, and non-sublicensable license to use the SDK solely to develop applications for Android XR.
build	Setup Android SDK	2026-01-20T08:12:51.3433499Z 
build	Setup Android SDK	2026-01-20T08:12:51.3434143Z 3.2 You may not use this SDK to develop applications for other platforms or to develop another SDK. You are of course free to develop applications for other platforms provided that this SDK is not used for that purpose.
build	Setup Android SDK	2026-01-20T08:12:51.3434867Z 
build	Setup Android SDK	2026-01-20T08:12:51.3436046Z 3.3 You agree that Google or third parties own all legal right, title and interest in and to the SDK, including any Intellectual Property Rights that subsist in the SDK. "Intellectual Property Rights" means any and all rights under patent law, copyright law, trade secret law, trademark law, and any and all other proprietary rights. Google reserves all rights not expressly granted to you.
build	Setup Android SDK	2026-01-20T08:12:51.3437317Z 
build	Setup Android SDK	2026-01-20T08:12:51.3439067Z 3.4 You may not use the SDK for any purpose not expressly permitted by the License Agreement. Except to the extent required by applicable third party licenses, you may not (a) copy (except for backup purposes), modify, adapt, redistribute, decompile, reverse engineer, disassemble, or create derivative works of the SDK or any part of the SDK; or (b) load any part of the SDK onto a mobile handset or any other hardware device except a personal computer, combine any part of the SDK with other software, or distribute any software or device incorporating a part of the SDK.
build	Setup Android SDK	2026-01-20T08:12:51.3440999Z 
build	Setup Android SDK	2026-01-20T08:12:51.3442368Z 3.5 Use, reproduction and distribution of components of the SDK licensed under an open source software license are governed solely by the terms of that open source software license and not the License Agreement. You agree to remain a licensee in good standing in regard to such open source software licenses under all the rights granted and to refrain from any actions that may terminate, suspend, or breach such rights.
build	Setup Android SDK	2026-01-20T08:12:51.3443732Z 
build	Setup Android SDK	2026-01-20T08:12:51.3445003Z 3.6 You agree that the form and nature of the SDK that Google provides may change without prior notice to you and that future versions of the SDK may be incompatible with applications developed on previous versions of the SDK. You agree that Google may stop (permanently or temporarily) providing the SDK (or any features within the SDK) to you or to users generally at Google's sole discretion, without prior notice to you.
build	Setup Android SDK	2026-01-20T08:12:51.3446376Z 
build	Setup Android SDK	2026-01-20T08:12:51.3446860Z 3.7 Nothing in the License Agreement gives you a right to use any of Google's trade names, trademarks, service marks, logos, domain names, or other distinctive brand features.
build	Setup Android SDK	2026-01-20T08:12:51.3447442Z 
build	Setup Android SDK	2026-01-20T08:12:51.3447969Z 3.8 You agree that you will not remove, obscure, or alter any proprietary rights notices (including copyright and trademark notices) that may be affixed to or contained within the SDK.
build	Setup Android SDK	2026-01-20T08:12:51.3448592Z 
build	Setup Android SDK	2026-01-20T08:12:51.3448669Z 4. Use of the SDK by You
build	Setup Android SDK	2026-01-20T08:12:51.3448806Z 
build	Setup Android SDK	2026-01-20T08:12:51.3449587Z 4.1 Google agrees that it obtains no right, title or interest from you (or your licensors) under the License Agreement in or to any software applications that you develop using the SDK, including any intellectual property rights that subsist in those applications.
build	Setup Android SDK	2026-01-20T08:12:51.3450449Z 
build	Setup Android SDK	2026-01-20T08:12:51.3451507Z 4.2 You agree to use the SDK and write applications only for purposes that are permitted by (a) the License Agreement and (b) any applicable law, regulation or generally accepted practices or guidelines in the relevant jurisdictions (including any laws regarding the export of data or software to and from the United States or other relevant countries).
build	Setup Android SDK	2026-01-20T08:12:51.3452985Z 
build	Setup Android SDK	2026-01-20T08:12:51.3455426Z 4.3 You agree that if you use the SDK to develop applications for general public users, you will protect the privacy and legal rights of those users. If the users provide you with user names, passwords, or other login information or personal information, you must make the users aware that the information will be available to your application, and you must provide legally adequate privacy notice and protection for those users. If your application stores personal or sensitive information provided by users, it must do so securely. If the user provides your application with Google Account information, your application may only use that information to access the user's Google Account when, and for the limited purposes for which, the user has given you permission to do so.
build	Setup Android SDK	2026-01-20T08:12:51.3457917Z 
build	Setup Android SDK	2026-01-20T08:12:51.3459016Z 4.4 You agree that you will not engage in any activity with the SDK, including the development or distribution of an application, that interferes with, disrupts, damages, or accesses in an unauthorized manner the servers, networks, or other properties or services of any third party including, but not limited to, Google or any mobile communications carrier.
build	Setup Android SDK	2026-01-20T08:12:51.3460190Z 
build	Setup Android SDK	2026-01-20T08:12:51.3461230Z 4.5 You agree that you are solely responsible for (and that Google has no responsibility to you or to any third party for) any data, content, or resources that you create, transmit or display through Android and/or applications for Android, and for the consequences of your actions (including any loss or damage which Google may suffer) by doing so.
build	Setup Android SDK	2026-01-20T08:12:51.3462584Z 
build	Setup Android SDK	2026-01-20T08:12:51.3463771Z 4.6 You agree that you are solely responsible for (and that Google has no responsibility to you or to any third party for) any breach of your obligations under the License Agreement, any applicable third party contract or Terms of Service, or any applicable law or regulation, and for the consequences (including any loss or damage which Google or any third party may suffer) of any such breach.
build	Setup Android SDK	2026-01-20T08:12:51.3465592Z 
build	Setup Android SDK	2026-01-20T08:12:51.3466490Z 4.7 The SDK is in development, and your testing and feedback are an important part of the development process. By using the SDK, you acknowledge that implementation of some features are still under development and that you should not rely on the SDK having the full functionality of a stable release.
build	Setup Android SDK	2026-01-20T08:12:51.3467479Z 
build	Setup Android SDK	2026-01-20T08:12:51.3467565Z 5. Your Developer Credentials
build	Setup Android SDK	2026-01-20T08:12:51.3467714Z 
build	Setup Android SDK	2026-01-20T08:12:51.3468568Z 5.1 You agree that you are responsible for maintaining the confidentiality of any developer credentials that may be issued to you by Google or which you may choose yourself and that you will be solely responsible for all applications that are developed under your developer credentials.
build	Setup Android SDK	2026-01-20T08:12:51.3469508Z 
build	Setup Android SDK	2026-01-20T08:12:51.3469591Z 6. Privacy and Information
build	Setup Android SDK	2026-01-20T08:12:51.3469737Z 
build	Setup Android SDK	2026-01-20T08:12:51.3471193Z 6.1 In order to continually innovate and improve the SDK, Google may collect certain usage statistics from the software including but not limited to a unique identifier, associated IP address, version number of the software, and information on which tools and/or services in the SDK are being used and how they are being used. Before any of this information is collected, the SDK will notify you and seek your consent. If you withhold consent, the information will not be collected.
build	Setup Android SDK	2026-01-20T08:12:51.3472939Z 
build	Setup Android SDK	2026-01-20T08:12:51.3473551Z 6.2 The data collected is examined in the aggregate to improve the SDK and is maintained in accordance with Google's Privacy Policy, which is located at the following URL: https://policies.google.com/privacy
build	Setup Android SDK	2026-01-20T08:12:51.3474248Z 
build	Setup Android SDK	2026-01-20T08:12:51.3474515Z 6.3 Anonymized and aggregated sets of the data may be shared with Google partners to improve the SDK.
build	Setup Android SDK	2026-01-20T08:12:51.3474872Z 
build	Setup Android SDK	2026-01-20T08:12:51.3474955Z 7. Third Party Applications
build	Setup Android SDK	2026-01-20T08:12:51.3475245Z 
build	Setup Android SDK	2026-01-20T08:12:51.3477050Z 7.1 If you use the SDK to run applications developed by a third party or that access data, content or resources provided by a third party, you agree that Google is not responsible for those applications, data, content, or resources. You understand that all data, content or resources which you may access through such third party applications are the sole responsibility of the person from which they originated and that Google is not liable for any loss or damage that you may experience as a result of the use or access of any of those third party applications, data, content, or resources.
build	Setup Android SDK	2026-01-20T08:12:51.3478939Z 
build	Setup Android SDK	2026-01-20T08:12:51.3480417Z 7.2 You should be aware that the data, content, and resources presented to you through such a third party application may be protected by intellectual property rights which are owned by the providers (or by other persons or companies on their behalf). You may not modify, rent, lease, loan, sell, distribute or create derivative works based on these data, content, or resources (either in whole or in part) unless you have been specifically given permission to do so by the relevant owners.
build	Setup Android SDK	2026-01-20T08:12:51.3481984Z 
build	Setup Android SDK	2026-01-20T08:12:51.3482958Z 7.3 You acknowledge that your use of such third party applications, data, content, or resources may be subject to separate terms between you and the relevant third party. In that case, the License Agreement does not affect your legal relationship with these third parties.
build	Setup Android SDK	2026-01-20T08:12:51.3483975Z 
build	Setup Android SDK	2026-01-20T08:12:51.3484058Z 8. Using Android APIs
build	Setup Android SDK	2026-01-20T08:12:51.3484180Z 
build	Setup Android SDK	2026-01-20T08:12:51.3484253Z 8.1 Google Data APIs
build	Setup Android SDK	2026-01-20T08:12:51.3484367Z 
build	Setup Android SDK	2026-01-20T08:12:51.3485872Z 8.1.1 If you use any API to retrieve data from Google, you acknowledge that the data may be protected by intellectual property rights which are owned by Google or those parties that provide the data (or by other persons or companies on their behalf). Your use of any such API may be subject to additional Terms of Service. You may not modify, rent, lease, loan, sell, distribute or create derivative works based on this data (either in whole or in part) unless allowed by the relevant Terms of Service.
build	Setup Android SDK	2026-01-20T08:12:51.3487457Z 
build	Setup Android SDK	2026-01-20T08:12:51.3490108Z 8.1.2 If you use any API to retrieve a user's data from Google, you acknowledge and agree that you shall retrieve data only with the user's explicit consent and only when, and for the limited purposes for which, the user has given you permission to do so. If you use the Android Recognition Service API, documented at the following URL: https://developer.android.com/reference/android/speech/RecognitionService, as updated from time to time, you acknowledge that the use of the API is subject to the Data Processing Addendum for Products where Google is a Data Processor, which is located at the following URL: https://privacy.google.com/businesses/gdprprocessorterms/, as updated from time to time. By clicking to accept, you hereby agree to the terms of the Data Processing Addendum for Products where Google is a Data Processor.
build	Setup Android SDK	2026-01-20T08:12:51.3492971Z 
build	Setup Android SDK	2026-01-20T08:12:51.3493070Z 9. Terminating this License Agreement
build	Setup Android SDK	2026-01-20T08:12:51.3493241Z 
build	Setup Android SDK	2026-01-20T08:12:51.3493527Z 9.1 The License Agreement will continue to apply until terminated by either you or Google as set out below.
build	Setup Android SDK	2026-01-20T08:12:51.3493911Z 
build	Setup Android SDK	2026-01-20T08:12:51.3494261Z 9.2 If you want to terminate the License Agreement, you may do so by ceasing your use of the SDK and any relevant developer credentials.
build	Setup Android SDK	2026-01-20T08:12:51.3494715Z 
build	Setup Android SDK	2026-01-20T08:12:51.3496681Z 9.3 Google may at any time, terminate the License Agreement with you if: (A) you have breached any provision of the License Agreement; or (B) Google is required to do so by law; or (C) the partner with whom Google offered certain parts of SDK (such as APIs) to you has terminated its relationship with Google or ceased to offer certain parts of the SDK to you; or (D) Google decides to no longer provide the SDK or certain parts of the SDK to users in the country in which you are resident or from which you use the service, or the provision of the SDK or certain SDK services to you by Google is, in Google's sole discretion, no longer commercially viable.
build	Setup Android SDK	2026-01-20T08:12:51.3498827Z 
build	Setup Android SDK	2026-01-20T08:12:51.3500179Z 9.4 When the License Agreement comes to an end, all of the legal rights, obligations and liabilities that you and Google have benefited from, been subject to (or which have accrued over time whilst the License Agreement has been in force) or which are expressed to continue indefinitely, shall be unaffected by this cessation, and the provisions of paragraph 14.7 shall continue to apply to such rights, obligations and liabilities indefinitely.
build	Setup Android SDK	2026-01-20T08:12:51.3501609Z 
build	Setup Android SDK	2026-01-20T08:12:51.3501700Z 10. DISCLAIMER OF WARRANTIES
build	Setup Android SDK	2026-01-20T08:12:51.3501844Z 
build	Setup Android SDK	2026-01-20T08:12:51.3502510Z 10.1 YOU EXPRESSLY UNDERSTAND AND AGREE THAT YOUR USE OF THE SDK IS AT YOUR SOLE RISK AND THAT THE SDK IS PROVIDED "AS IS" AND "AS AVAILABLE" WITHOUT WARRANTY OF ANY KIND FROM GOOGLE.
build	Setup Android SDK	2026-01-20T08:12:51.3503110Z 
build	Setup Android SDK	2026-01-20T08:12:51.3503877Z 10.2 YOUR USE OF THE SDK AND ANY MATERIAL DOWNLOADED OR OTHERWISE OBTAINED THROUGH THE USE OF THE SDK IS AT YOUR OWN DISCRETION AND RISK AND YOU ARE SOLELY RESPONSIBLE FOR ANY DAMAGE TO YOUR COMPUTER SYSTEM OR OTHER DEVICE OR LOSS OF DATA THAT RESULTS FROM SUCH USE.
build	Setup Android SDK	2026-01-20T08:12:51.3504728Z 
build	Setup Android SDK	2026-01-20T08:12:51.3505494Z 10.3 GOOGLE FURTHER EXPRESSLY DISCLAIMS ALL WARRANTIES AND CONDITIONS OF ANY KIND, WHETHER EXPRESS OR IMPLIED, INCLUDING, BUT NOT LIMITED TO THE IMPLIED WARRANTIES AND CONDITIONS OF MERCHANTABILITY, FITNESS FOR A PARTICULAR PURPOSE AND NON-INFRINGEMENT.
build	Setup Android SDK	2026-01-20T08:12:51.3506471Z 
build	Setup Android SDK	2026-01-20T08:12:51.3506558Z 11. LIMITATION OF LIABILITY
build	Setup Android SDK	2026-01-20T08:12:51.3506694Z 
build	Setup Android SDK	2026-01-20T08:12:51.3508021Z 11.1 YOU EXPRESSLY UNDERSTAND AND AGREE THAT GOOGLE, ITS SUBSIDIARIES AND AFFILIATES, AND ITS LICENSORS SHALL NOT BE LIABLE TO YOU UNDER ANY THEORY OF LIABILITY FOR ANY DIRECT, INDIRECT, INCIDENTAL, SPECIAL, CONSEQUENTIAL OR EXEMPLARY DAMAGES THAT MAY BE INCURRED BY YOU, INCLUDING ANY LOSS OF DATA, WHETHER OR NOT GOOGLE OR ITS REPRESENTATIVES HAVE BEEN ADVISED OF OR SHOULD HAVE BEEN AWARE OF THE POSSIBILITY OF ANY SUCH LOSSES ARISING.
build	Setup Android SDK	2026-01-20T08:12:51.3509461Z 
build	Setup Android SDK	2026-01-20T08:12:51.3509535Z 12. Indemnification
build	Setup Android SDK	2026-01-20T08:12:51.3509650Z 
build	Setup Android SDK	2026-01-20T08:12:51.3511870Z 12.1 To the maximum extent permitted by law, you agree to defend, indemnify and hold harmless Google, its affiliates and their respective directors, officers, employees and agents from and against any and all claims, actions, suits or proceedings, as well as any and all losses, liabilities, damages, costs and expenses (including reasonable attorneys fees) arising out of or accruing from (a) your use of the SDK, (b) any application you develop on the SDK that infringes any copyright, trademark, trade secret, trade dress, patent or other intellectual property right of any person or defames any person or violates their rights of publicity or privacy, and (c) any non-compliance by you with the License Agreement.
build	Setup Android SDK	2026-01-20T08:12:51.3514338Z 
build	Setup Android SDK	2026-01-20T08:12:51.3514439Z 13. Changes to the License Agreement
build	Setup Android SDK	2026-01-20T08:12:51.3514614Z 
build	Setup Android SDK	2026-01-20T08:12:51.3515303Z 13.1 Google may make changes to the License Agreement as it distributes new versions of the SDK. When these changes are made, Google will make a new version of the License Agreement available on the website where the SDK is made available.
build	Setup Android SDK	2026-01-20T08:12:51.3516089Z 
build	Setup Android SDK	2026-01-20T08:12:51.3516165Z 14. General Legal Terms
build	Setup Android SDK	2026-01-20T08:12:51.3516287Z 
build	Setup Android SDK	2026-01-20T08:12:51.3517211Z 14.1 The License Agreement constitutes the whole legal agreement between you and Google and governs your use of the SDK (excluding any services which Google may provide to you under a separate written agreement), and completely replaces any prior agreements between you and Google in relation to the SDK.
build	Setup Android SDK	2026-01-20T08:12:51.3518214Z 
build	Setup Android SDK	2026-01-20T08:12:51.3519158Z 14.2 You agree that if Google does not exercise or enforce any legal right or remedy which is contained in the License Agreement (or which Google has the benefit of under any applicable law), this will not be taken to be a formal waiver of Google's rights and that those rights or remedies will still be available to Google.
build	Setup Android SDK	2026-01-20T08:12:51.3520346Z 
build	Setup Android SDK	2026-01-20T08:12:51.3521378Z 14.3 If any court of law, having the jurisdiction to decide on this matter, rules that any provision of the License Agreement is invalid, then that provision will be removed from the License Agreement without affecting the rest of the License Agreement. The remaining provisions of the License Agreement will continue to be valid and enforceable.
build	Setup Android SDK	2026-01-20T08:12:51.3522666Z 
build	Setup Android SDK	2026-01-20T08:12:51.3524013Z 14.4 You acknowledge and agree that each member of the group of companies of which Google is the parent shall be third party beneficiaries to the License Agreement and that such other companies shall be entitled to directly enforce, and rely upon, any provision of the License Agreement that confers a benefit on (or rights in favor of) them. Other than this, no other person or company shall be third party beneficiaries to the License Agreement.
build	Setup Android SDK	2026-01-20T08:12:51.3525460Z 
build	Setup Android SDK	2026-01-20T08:12:51.3526250Z 14.5 EXPORT RESTRICTIONS. THE SDK IS SUBJECT TO UNITED STATES EXPORT LAWS AND REGULATIONS. YOU MUST COMPLY WITH ALL DOMESTIC AND INTERNATIONAL EXPORT LAWS AND REGULATIONS THAT APPLY TO THE SDK. THESE LAWS INCLUDE RESTRICTIONS ON DESTINATIONS, END USERS AND END USE.
build	Setup Android SDK	2026-01-20T08:12:51.3527239Z 
build	Setup Android SDK	2026-01-20T08:12:51.3528275Z 14.6 The rights granted in the License Agreement may not be assigned or transferred by either you or Google without the prior written approval of the other party. Neither you nor Google shall be permitted to delegate their responsibilities or obligations under the License Agreement without the prior written approval of the other party.
build	Setup Android SDK	2026-01-20T08:12:51.3529396Z 
build	Setup Android SDK	2026-01-20T08:12:51.3531129Z 14.7 The License Agreement, and your relationship with Google under the License Agreement, shall be governed by the laws of the State of California without regard to its conflict of laws provisions. You and Google agree to submit to the exclusive jurisdiction of the courts located within the county of Santa Clara, California to resolve any legal matter arising from the License Agreement. Notwithstanding this, you agree that Google shall still be allowed to apply for injunctive remedies (or an equivalent type of urgent legal relief) in any jurisdiction.
build	Setup Android SDK	2026-01-20T08:12:51.3533234Z ---------------------------------------
build	Setup Android SDK	2026-01-20T08:12:51.3533479Z Accept? (y/N): 
build	Setup Android SDK	2026-01-20T08:12:51.3533686Z 3/6: License android-sdk-arm-dbt-license:
build	Setup Android SDK	2026-01-20T08:12:51.3533937Z ---------------------------------------
build	Setup Android SDK	2026-01-20T08:12:51.3534169Z Terms and Conditions
build	Setup Android SDK	2026-01-20T08:12:51.3534293Z 
build	Setup Android SDK	2026-01-20T08:12:51.3534440Z This is the Android Software Development Kit License Agreement
build	Setup Android SDK	2026-01-20T08:12:51.3534682Z 
build	Setup Android SDK	2026-01-20T08:12:51.3534750Z 1. Introduction
build	Setup Android SDK	2026-01-20T08:12:51.3534858Z 
build	Setup Android SDK	2026-01-20T08:12:51.3535949Z 1.1 The Android Software Development Kit (referred to in the License Agreement as the "SDK" and specifically including the Android system files, packaged APIs, and Google APIs add-ons) is licensed to you subject to the terms of the License Agreement. The License Agreement forms a legally binding contract between you and Google in relation to your use of the SDK.
build	Setup Android SDK	2026-01-20T08:12:51.3537129Z 
build	Setup Android SDK	2026-01-20T08:12:51.3537750Z 1.2 "Android" means the Android software stack for devices, as made available under the Android Open Source Project, which is located at the following URL: http://source.android.com/, as updated from time to time.
build	Setup Android SDK	2026-01-20T08:12:51.3538471Z 
build	Setup Android SDK	2026-01-20T08:12:51.3539520Z 1.3 A "compatible implementation" means any Android device that (i) complies with the Android Compatibility Definition document, which can be found at the Android compatibility website (http://source.android.com/compatibility) and which may be updated from time to time; and (ii) successfully passes the Android Compatibility Test Suite (CTS).
build	Setup Android SDK	2026-01-20T08:12:51.3540791Z 
build	Setup Android SDK	2026-01-20T08:12:51.3541233Z 1.4 "Google" means Google Inc., a Delaware corporation with principal place of business at 1600 Amphitheatre Parkway, Mountain View, CA 94043, United States.
build	Setup Android SDK	2026-01-20T08:12:51.3541765Z 
build	Setup Android SDK	2026-01-20T08:12:51.3541770Z 
build	Setup Android SDK	2026-01-20T08:12:51.3541862Z 2. Accepting the License Agreement
build	Setup Android SDK	2026-01-20T08:12:51.3542018Z 
build	Setup Android SDK	2026-01-20T08:12:51.3542798Z 2.1 In order to use the SDK, you must first agree to the License Agreement. You may not use the SDK if you do not accept the License Agreement.
build	Setup Android SDK	2026-01-20T08:12:51.3543296Z 
build	Setup Android SDK	2026-01-20T08:12:51.3543492Z 2.2 By clicking to accept, you hereby agree to the terms of the License Agreement.
build	Setup Android SDK	2026-01-20T08:12:51.3543781Z 
build	Setup Android SDK	2026-01-20T08:12:51.3544506Z 2.3 You may not use the SDK and may not accept the License Agreement if you are a person barred from receiving the SDK under the laws of the United States or other countries, including the country in which you are resident or from which you use the SDK.
build	Setup Android SDK	2026-01-20T08:12:51.3545319Z 
build	Setup Android SDK	2026-01-20T08:12:51.3546406Z 2.4 If you are agreeing to be bound by the License Agreement on behalf of your employer or other entity, you represent and warrant that you have full legal authority to bind your employer or such entity to the License Agreement. If you do not have the requisite authority, you may not accept the License Agreement or use the SDK on behalf of your employer or other entity.
build	Setup Android SDK	2026-01-20T08:12:51.3547585Z 
build	Setup Android SDK	2026-01-20T08:12:51.3547718Z 
build	Setup Android SDK	2026-01-20T08:12:51.3547802Z 3. SDK License from Google
build	Setup Android SDK	2026-01-20T08:12:51.3547941Z 
build	Setup Android SDK	2026-01-20T08:12:51.3548723Z 3.1 Subject to the terms of the License Agreement, Google grants you a limited, worldwide, royalty-free, non-assignable, non-exclusive, and non-sublicensable license to use the SDK solely to develop applications for compatible implementations of Android.
build	Setup Android SDK	2026-01-20T08:12:51.3549581Z 
build	Setup Android SDK	2026-01-20T08:12:51.3550584Z 3.2 You may not use this SDK to develop applications for other platforms (including non-compatible implementations of Android) or to develop another SDK. You are of course free to develop applications for other platforms, including non-compatible implementations of Android, provided that this SDK is not used for that purpose.
build	Setup Android SDK	2026-01-20T08:12:51.3551678Z 
build	Setup Android SDK	2026-01-20T08:12:51.3553000Z 3.3 You agree that Google or third parties own all legal right, title and interest in and to the SDK, including any Intellectual Property Rights that subsist in the SDK. "Intellectual Property Rights" means any and all rights under patent law, copyright law, trade secret law, trademark law, and any and all other proprietary rights. Google reserves all rights not expressly granted to you.
build	Setup Android SDK	2026-01-20T08:12:51.3554275Z 
build	Setup Android SDK	2026-01-20T08:12:51.3555295Z 3.4 You may not use the SDK for any purpose not expressly permitted by the License Agreement. Except to the extent required by applicable third party licenses, you may not copy (except for backup purposes), modify, adapt, redistribute, decompile, reverse engineer, disassemble, or create derivative works of the SDK or any part of the SDK.
build	Setup Android SDK	2026-01-20T08:12:51.3556418Z 
build	Setup Android SDK	2026-01-20T08:12:51.3557030Z 3.5 Use, reproduction and distribution of components of the SDK licensed under an open source software license are governed solely by the terms of that open source software license and not the License Agreement.
build	Setup Android SDK	2026-01-20T08:12:51.3557728Z 
build	Setup Android SDK	2026-01-20T08:12:51.3559002Z 3.6 You agree that the form and nature of the SDK that Google provides may change without prior notice to you and that future versions of the SDK may be incompatible with applications developed on previous versions of the SDK. You agree that Google may stop (permanently or temporarily) providing the SDK (or any features within the SDK) to you or to users generally at Google's sole discretion, without prior notice to you.
build	Setup Android SDK	2026-01-20T08:12:51.3560361Z 
build	Setup Android SDK	2026-01-20T08:12:51.3560851Z 3.7 Nothing in the License Agreement gives you a right to use any of Google's trade names, trademarks, service marks, logos, domain names, or other distinctive brand features.
build	Setup Android SDK	2026-01-20T08:12:51.3561571Z 
build	Setup Android SDK	2026-01-20T08:12:51.3562227Z 3.8 You agree that you will not remove, obscure, or alter any proprietary rights notices (including copyright and trademark notices) that may be affixed to or contained within the SDK.
build	Setup Android SDK	2026-01-20T08:12:51.3563015Z 
build	Setup Android SDK	2026-01-20T08:12:51.3563021Z 
build	Setup Android SDK	2026-01-20T08:12:51.3563103Z 4. Use of the SDK by You
build	Setup Android SDK	2026-01-20T08:12:51.3563236Z 
build	Setup Android SDK	2026-01-20T08:12:51.3564106Z 4.1 Google agrees that it obtains no right, title or interest from you (or your licensors) under the License Agreement in or to any software applications that you develop using the SDK, including any intellectual property rights that subsist in those applications.
build	Setup Android SDK	2026-01-20T08:12:51.3564982Z 
build	Setup Android SDK	2026-01-20T08:12:51.3566037Z 4.2 You agree to use the SDK and write applications only for purposes that are permitted by (a) the License Agreement and (b) any applicable law, regulation or generally accepted practices or guidelines in the relevant jurisdictions (including any laws regarding the export of data or software to and from the United States or other relevant countries).
build	Setup Android SDK	2026-01-20T08:12:51.3567193Z 
build	Setup Android SDK	2026-01-20T08:12:51.3570085Z 4.3 You agree that if you use the SDK to develop applications for general public users, you will protect the privacy and legal rights of those users. If the users provide you with user names, passwords, or other login information or personal information, you must make the users aware that the information will be available to your application, and you must provide legally adequate privacy notice and protection for those users. If your application stores personal or sensitive information provided by users, it must do so securely. If the user provides your application with Google Account information, your application may only use that information to access the user's Google Account when, and for the limited purposes for which, the user has given you permission to do so.
build	Setup Android SDK	2026-01-20T08:12:51.3573138Z 
build	Setup Android SDK	2026-01-20T08:12:51.3574435Z 4.4 You agree that you will not engage in any activity with the SDK, including the development or distribution of an application, that interferes with, disrupts, damages, or accesses in an unauthorized manner the servers, networks, or other properties or services of any third party including, but not limited to, Google or any mobile communications carrier.
build	Setup Android SDK	2026-01-20T08:12:51.3576227Z 
build	Setup Android SDK	2026-01-20T08:12:51.3577265Z 4.5 You agree that you are solely responsible for (and that Google has no responsibility to you or to any third party for) any data, content, or resources that you create, transmit or display through Android and/or applications for Android, and for the consequences of your actions (including any loss or damage which Google may suffer) by doing so.
build	Setup Android SDK	2026-01-20T08:12:51.3578401Z 
build	Setup Android SDK	2026-01-20T08:12:51.3579582Z 4.6 You agree that you are solely responsible for (and that Google has no responsibility to you or to any third party for) any breach of your obligations under the License Agreement, any applicable third party contract or Terms of Service, or any applicable law or regulation, and for the consequences (including any loss or damage which Google or any third party may suffer) of any such breach.
build	Setup Android SDK	2026-01-20T08:12:51.3580858Z 
build	Setup Android SDK	2026-01-20T08:12:51.3582607Z 4.7 This software enables the execution of intellectual property owned by Arm Limited. You agree that your use of the software, that allows execution of ARM Instruction Set Architecture (“ISA”) compliant executables for application development and debug only on x86 desktop, laptop, customer on-premise servers, and customer-procured cloud-based environments.
build	Setup Android SDK	2026-01-20T08:12:51.3583846Z 
build	Setup Android SDK	2026-01-20T08:12:51.3583947Z 5. Your Developer Credentials
build	Setup Android SDK	2026-01-20T08:12:51.3584097Z 
build	Setup Android SDK	2026-01-20T08:12:51.3584948Z 5.1 You agree that you are responsible for maintaining the confidentiality of any developer credentials that may be issued to you by Google or which you may choose yourself and that you will be solely responsible for all applications that are developed under your developer credentials.
build	Setup Android SDK	2026-01-20T08:12:51.3586486Z 
build	Setup Android SDK	2026-01-20T08:12:51.3586580Z 6. Privacy and Information
build	Setup Android SDK	2026-01-20T08:12:51.3586722Z 
build	Setup Android SDK	2026-01-20T08:12:51.3588190Z 6.1 In order to continually innovate and improve the SDK, Google may collect certain usage statistics from the software including but not limited to a unique identifier, associated IP address, version number of the software, and information on which tools and/or services in the SDK are being used and how they are being used. Before any of this information is collected, the SDK will notify you and seek your consent. If you withhold consent, the information will not be collected.
build	Setup Android SDK	2026-01-20T08:12:51.3589842Z 
build	Setup Android SDK	2026-01-20T08:12:51.3590214Z 6.2 The data collected is examined in the aggregate to improve the SDK and is maintained in accordance with Google's Privacy Policy.
build	Setup Android SDK	2026-01-20T08:12:51.3590862Z 
build	Setup Android SDK	2026-01-20T08:12:51.3590868Z 
build	Setup Android SDK	2026-01-20T08:12:51.3590960Z 7. Third Party Applications
build	Setup Android SDK	2026-01-20T08:12:51.3591180Z 
build	Setup Android SDK	2026-01-20T08:12:51.3593510Z 7.1 If you use the SDK to run applications developed by a third party or that access data, content or resources provided by a third party, you agree that Google is not responsible for those applications, data, content, or resources. You understand that all data, content or resources which you may access through such third party applications are the sole responsibility of the person from which they originated and that Google is not liable for any loss or damage that you may experience as a result of the use or access of any of those third party applications, data, content, or resources.
build	Setup Android SDK	2026-01-20T08:12:51.3595611Z 
build	Setup Android SDK	2026-01-20T08:12:51.3597122Z 7.2 You should be aware the data, content, and resources presented to you through such a third party application may be protected by intellectual property rights which are owned by the providers (or by other persons or companies on their behalf). You may not modify, rent, lease, loan, sell, distribute or create derivative works based on these data, content, or resources (either in whole or in part) unless you have been specifically given permission to do so by the relevant owners.
build	Setup Android SDK	2026-01-20T08:12:51.3598687Z 
build	Setup Android SDK	2026-01-20T08:12:51.3599493Z 7.3 You acknowledge that your use of such third party applications, data, content, or resources may be subject to separate terms between you and the relevant third party. In that case, the License Agreement does not affect your legal relationship with these third parties.
build	Setup Android SDK	2026-01-20T08:12:51.3600391Z 
build	Setup Android SDK	2026-01-20T08:12:51.3600396Z 
build	Setup Android SDK	2026-01-20T08:12:51.3600478Z 8. Using Android APIs
build	Setup Android SDK	2026-01-20T08:12:51.3600609Z 
build	Setup Android SDK	2026-01-20T08:12:51.3600681Z 8.1 Google Data APIs
build	Setup Android SDK	2026-01-20T08:12:51.3600798Z 
build	Setup Android SDK	2026-01-20T08:12:51.3602461Z 8.1.1 If you use any API to retrieve data from Google, you acknowledge that the data may be protected by intellectual property rights which are owned by Google or those parties that provide the data (or by other persons or companies on their behalf). Your use of any such API may be subject to additional Terms of Service. You may not modify, rent, lease, loan, sell, distribute or create derivative works based on this data (either in whole or in part) unless allowed by the relevant Terms of Service.
build	Setup Android SDK	2026-01-20T08:12:51.3604068Z 
build	Setup Android SDK	2026-01-20T08:12:51.3606682Z 8.1.2 If you use any API to retrieve a user's data from Google, you acknowledge and agree that you shall retrieve data only with the user's explicit consent and only when, and for the limited purposes for which, the user has given you permission to do so. If you use the Android Recognition Service API, documented at the following URL: https://developer.android.com/reference/android/speech/RecognitionService, as updated from time to time, you acknowledge that the use of the API is subject to the Data Processing Addendum for Products where Google is a Data Processor, which is located at the following URL: https://privacy.google.com/businesses/gdprprocessorterms/, as updated from time to time. By clicking to accept, you hereby agree to the terms of the Data Processing Addendum for Products where Google is a Data Processor.
build	Setup Android SDK	2026-01-20T08:12:51.3609475Z 
build	Setup Android SDK	2026-01-20T08:12:51.3609480Z 
build	Setup Android SDK	2026-01-20T08:12:51.3609574Z 9. Terminating the License Agreement
build	Setup Android SDK	2026-01-20T08:12:51.3609742Z 
build	Setup Android SDK	2026-01-20T08:12:51.3610025Z 9.1 The License Agreement will continue to apply until terminated by either you or Google as set out below.
build	Setup Android SDK	2026-01-20T08:12:51.3610410Z 
build	Setup Android SDK	2026-01-20T08:12:51.3610759Z 9.2 If you want to terminate the License Agreement, you may do so by ceasing your use of the SDK and any relevant developer credentials.
build	Setup Android SDK	2026-01-20T08:12:51.3611212Z 
build	Setup Android SDK	2026-01-20T08:12:51.3613400Z 9.3 Google may at any time, terminate the License Agreement with you if: (A) you have breached any provision of the License Agreement; or (B) Google is required to do so by law; or (C) the partner with whom Google offered certain parts of SDK (such as APIs) to you has terminated its relationship with Google or ceased to offer certain parts of the SDK to you; or (D) Google decides to no longer provide the SDK or certain parts of the SDK to users in the country in which you are resident or from which you use the service, or the provision of the SDK or certain SDK services to you by Google is, in Google's sole discretion, no longer commercially viable.
build	Setup Android SDK	2026-01-20T08:12:51.3615420Z 
build	Setup Android SDK	2026-01-20T08:12:51.3616769Z 9.4 When the License Agreement comes to an end, all of the legal rights, obligations and liabilities that you and Google have benefited from, been subject to (or which have accrued over time whilst the License Agreement has been in force) or which are expressed to continue indefinitely, shall be unaffected by this cessation, and the provisions of paragraph 14.7 shall continue to apply to such rights, obligations and liabilities indefinitely.
build	Setup Android SDK	2026-01-20T08:12:51.3618325Z 
build	Setup Android SDK	2026-01-20T08:12:51.3618329Z 
build	Setup Android SDK	2026-01-20T08:12:51.3618414Z 10. DISCLAIMER OF WARRANTIES
build	Setup Android SDK	2026-01-20T08:12:51.3618565Z 
build	Setup Android SDK	2026-01-20T08:12:51.3619052Z 10.1 YOU EXPRESSLY UNDERSTAND AND AGREE THAT YOUR USE OF THE SDK IS AT YOUR SOLE RISK AND THAT THE SDK IS PROVIDED "AS IS" AND "AS AVAILABLE" WITHOUT WARRANTY OF ANY KIND FROM GOOGLE.
build	Setup Android SDK	2026-01-20T08:12:51.3619639Z 
build	Setup Android SDK	2026-01-20T08:12:51.3620400Z 10.2 YOUR USE OF THE SDK AND ANY MATERIAL DOWNLOADED OR OTHERWISE OBTAINED THROUGH THE USE OF THE SDK IS AT YOUR OWN DISCRETION AND RISK AND YOU ARE SOLELY RESPONSIBLE FOR ANY DAMAGE TO YOUR COMPUTER SYSTEM OR OTHER DEVICE OR LOSS OF DATA THAT RESULTS FROM SUCH USE.
build	Setup Android SDK	2026-01-20T08:12:51.3621253Z 
build	Setup Android SDK	2026-01-20T08:12:51.3622018Z 10.3 GOOGLE FURTHER EXPRESSLY DISCLAIMS ALL WARRANTIES AND CONDITIONS OF ANY KIND, WHETHER EXPRESS OR IMPLIED, INCLUDING, BUT NOT LIMITED TO THE IMPLIED WARRANTIES AND CONDITIONS OF MERCHANTABILITY, FITNESS FOR A PARTICULAR PURPOSE AND NON-INFRINGEMENT.
build	Setup Android SDK	2026-01-20T08:12:51.3623197Z 
build	Setup Android SDK	2026-01-20T08:12:51.3623205Z 
build	Setup Android SDK	2026-01-20T08:12:51.3623290Z 11. LIMITATION OF LIABILITY
build	Setup Android SDK	2026-01-20T08:12:51.3623437Z 
build	Setup Android SDK	2026-01-20T08:12:51.3624765Z 11.1 YOU EXPRESSLY UNDERSTAND AND AGREE THAT GOOGLE, ITS SUBSIDIARIES AND AFFILIATES, AND ITS LICENSORS SHALL NOT BE LIABLE TO YOU UNDER ANY THEORY OF LIABILITY FOR ANY DIRECT, INDIRECT, INCIDENTAL, SPECIAL, CONSEQUENTIAL OR EXEMPLARY DAMAGES THAT MAY BE INCURRED BY YOU, INCLUDING ANY LOSS OF DATA, WHETHER OR NOT GOOGLE OR ITS REPRESENTATIVES HAVE BEEN ADVISED OF OR SHOULD HAVE BEEN AWARE OF THE POSSIBILITY OF ANY SUCH LOSSES ARISING.
build	Setup Android SDK	2026-01-20T08:12:51.3626182Z 
build	Setup Android SDK	2026-01-20T08:12:51.3626187Z 
build	Setup Android SDK	2026-01-20T08:12:51.3626258Z 12. Indemnification
build	Setup Android SDK	2026-01-20T08:12:51.3626372Z 
build	Setup Android SDK	2026-01-20T08:12:51.3628580Z 12.1 To the maximum extent permitted by law, you agree to defend, indemnify and hold harmless Google, its affiliates and their respective directors, officers, employees and agents from and against any and all claims, actions, suits or proceedings, as well as any and all losses, liabilities, damages, costs and expenses (including reasonable attorneys fees) arising out of or accruing from (a) your use of the SDK, (b) any application you develop on the SDK that infringes any copyright, trademark, trade secret, trade dress, patent or other intellectual property right of any person or defames any person or violates their rights of publicity or privacy, and (c) any non-compliance by you with the License Agreement.
build	Setup Android SDK	2026-01-20T08:12:51.3631000Z 
build	Setup Android SDK	2026-01-20T08:12:51.3631005Z 
build	Setup Android SDK	2026-01-20T08:12:51.3631099Z 13. Changes to the License Agreement
build	Setup Android SDK	2026-01-20T08:12:51.3631262Z 
build	Setup Android SDK	2026-01-20T08:12:51.3631947Z 13.1 Google may make changes to the License Agreement as it distributes new versions of the SDK. When these changes are made, Google will make a new version of the License Agreement available on the website where the SDK is made available.
build	Setup Android SDK	2026-01-20T08:12:51.3632971Z 
build	Setup Android SDK	2026-01-20T08:12:51.3632978Z 
build	Setup Android SDK	2026-01-20T08:12:51.3633057Z 14. General Legal Terms
build	Setup Android SDK	2026-01-20T08:12:51.3633184Z 
build	Setup Android SDK	2026-01-20T08:12:51.3634100Z 14.1 The License Agreement constitutes the whole legal agreement between you and Google and governs your use of the SDK (excluding any services which Google may provide to you under a separate written agreement), and completely replaces any prior agreements between you and Google in relation to the SDK.
build	Setup Android SDK	2026-01-20T08:12:51.3635107Z 
build	Setup Android SDK	2026-01-20T08:12:51.3636045Z 14.2 You agree that if Google does not exercise or enforce any legal right or remedy which is contained in the License Agreement (or which Google has the benefit of under any applicable law), this will not be taken to be a formal waiver of Google's rights and that those rights or remedies will still be available to Google.
build	Setup Android SDK	2026-01-20T08:12:51.3637075Z 
build	Setup Android SDK	2026-01-20T08:12:51.3638102Z 14.3 If any court of law, having the jurisdiction to decide on this matter, rules that any provision of the License Agreement is invalid, then that provision will be removed from the License Agreement without affecting the rest of the License Agreement. The remaining provisions of the License Agreement will continue to be valid and enforceable.
build	Setup Android SDK	2026-01-20T08:12:51.3639349Z 
build	Setup Android SDK	2026-01-20T08:12:51.3640700Z 14.4 You acknowledge and agree that each member of the group of companies of which Google is the parent shall be third party beneficiaries to the License Agreement and that such other companies shall be entitled to directly enforce, and rely upon, any provision of the License Agreement that confers a benefit on (or rights in favor of) them. Other than this, no other person or company shall be third party beneficiaries to the License Agreement.
build	Setup Android SDK	2026-01-20T08:12:51.3642358Z 
build	Setup Android SDK	2026-01-20T08:12:51.3643156Z 14.5 EXPORT RESTRICTIONS. THE SDK IS SUBJECT TO UNITED STATES EXPORT LAWS AND REGULATIONS. YOU MUST COMPLY WITH ALL DOMESTIC AND INTERNATIONAL EXPORT LAWS AND REGULATIONS THAT APPLY TO THE SDK. THESE LAWS INCLUDE RESTRICTIONS ON DESTINATIONS, END USERS AND END USE.
build	Setup Android SDK	2026-01-20T08:12:51.3644042Z 
build	Setup Android SDK	2026-01-20T08:12:51.3645075Z 14.6 The rights granted in the License Agreement may not be assigned or transferred by either you or Google without the prior written approval of the other party. Neither you nor Google shall be permitted to delegate their responsibilities or obligations under the License Agreement without the prior written approval of the other party.
build	Setup Android SDK	2026-01-20T08:12:51.3646192Z 
build	Setup Android SDK	2026-01-20T08:12:51.3647912Z 14.7 The License Agreement, and your relationship with Google under the License Agreement, shall be governed by the laws of the State of California without regard to its conflict of laws provisions. You and Google agree to submit to the exclusive jurisdiction of the courts located within the county of Santa Clara, California to resolve any legal matter arising from the License Agreement. Notwithstanding this, you agree that Google shall still be allowed to apply for injunctive remedies (or an equivalent type of urgent legal relief) in any jurisdiction.
build	Setup Android SDK	2026-01-20T08:12:51.3650490Z 
build	Setup Android SDK	2026-01-20T08:12:51.3650503Z 
build	Setup Android SDK	2026-01-20T08:12:51.3650589Z January 16, 2019
build	Setup Android SDK	2026-01-20T08:12:51.3650784Z ---------------------------------------
build	Setup Android SDK	2026-01-20T08:12:51.3651027Z Accept? (y/N): 
build	Setup Android SDK	2026-01-20T08:12:51.3651234Z 4/6: License android-sdk-preview-license:
build	Setup Android SDK	2026-01-20T08:12:51.3651495Z ---------------------------------------
build	Setup Android SDK	2026-01-20T08:12:51.3653002Z To get started with the Android SDK Preview, you must agree to the following terms and conditions. As described below, please note that this is a preview version of the Android SDK, subject to change, that you use at your own risk. The Android SDK Preview is not a stable release, and may contain errors and defects that can result in serious damage to your computer systems, devices and data.
build	Setup Android SDK	2026-01-20T08:12:51.3654442Z 
build	Setup Android SDK	2026-01-20T08:12:51.3654634Z This is the Android SDK Preview License Agreement (the "License Agreement").
build	Setup Android SDK	2026-01-20T08:12:51.3654935Z 
build	Setup Android SDK	2026-01-20T08:12:51.3655008Z 1. Introduction
build	Setup Android SDK	2026-01-20T08:12:51.3655117Z 
build	Setup Android SDK	2026-01-20T08:12:51.3656646Z 1.1 The Android SDK Preview (referred to in the License Agreement as the “Preview” and specifically including the Android system files, packaged APIs, and Preview library files, if and when they are made available) is licensed to you subject to the terms of the License Agreement. The License Agreement forms a legally binding contract between you and Google in relation to your use of the Preview.
build	Setup Android SDK	2026-01-20T08:12:51.3657961Z 
build	Setup Android SDK	2026-01-20T08:12:51.3658595Z 1.2 "Android" means the Android software stack for devices, as made available under the Android Open Source Project, which is located at the following URL: http://source.android.com/, as updated from time to time.
build	Setup Android SDK	2026-01-20T08:12:51.3659310Z 
build	Setup Android SDK	2026-01-20T08:12:51.3659747Z 1.3 "Google" means Google Inc., a Delaware corporation with principal place of business at 1600 Amphitheatre Parkway, Mountain View, CA 94043, United States.
build	Setup Android SDK	2026-01-20T08:12:51.3660399Z 
build	Setup Android SDK	2026-01-20T08:12:51.3660492Z 2. Accepting the License Agreement
build	Setup Android SDK	2026-01-20T08:12:51.3660651Z 
build	Setup Android SDK	2026-01-20T08:12:51.3661051Z 2.1 In order to use the Preview, you must first agree to the License Agreement. You may not use the Preview if you do not accept the License Agreement.
build	Setup Android SDK	2026-01-20T08:12:51.3661550Z 
build	Setup Android SDK	2026-01-20T08:12:51.3661820Z 2.2 By clicking to accept and/or using the Preview, you hereby agree to the terms of the License Agreement.
build	Setup Android SDK	2026-01-20T08:12:51.3662429Z 
build	Setup Android SDK	2026-01-20T08:12:51.3663217Z 2.3 You may not use the Preview and may not accept the License Agreement if you are a person barred from receiving the Preview under the laws of the United States or other countries including the country in which you are resident or from which you use the Preview.
build	Setup Android SDK	2026-01-20T08:12:51.3664073Z 
build	Setup Android SDK	2026-01-20T08:12:51.3665401Z 2.4 If you will use the Preview internally within your company or organization you agree to be bound by the License Agreement on behalf of your employer or other entity, and you represent and warrant that you have full legal authority to bind your employer or such entity to the License Agreement. If you do not have the requisite authority, you may not accept the License Agreement or use the Preview on behalf of your employer or other entity.
build	Setup Android SDK	2026-01-20T08:12:51.3666820Z 
build	Setup Android SDK	2026-01-20T08:12:51.3666904Z 3. Preview License from Google
build	Setup Android SDK	2026-01-20T08:12:51.3667059Z 
build	Setup Android SDK	2026-01-20T08:12:51.3668008Z 3.1 Subject to the terms of the License Agreement, Google grants you a royalty-free, non-assignable, non-exclusive, non-sublicensable, limited, revocable license to use the Preview, personally or internally within your company or organization, solely to develop applications to run on the Android platform.
build	Setup Android SDK	2026-01-20T08:12:51.3669045Z 
build	Setup Android SDK	2026-01-20T08:12:51.3670265Z 3.2 You agree that Google or third parties owns all legal right, title and interest in and to the Preview, including any Intellectual Property Rights that subsist in the Preview. "Intellectual Property Rights" means any and all rights under patent law, copyright law, trade secret law, trademark law, and any and all other proprietary rights. Google reserves all rights not expressly granted to you.
build	Setup Android SDK	2026-01-20T08:12:51.3671575Z 
build	Setup Android SDK	2026-01-20T08:12:51.3673638Z 3.3 You may not use the Preview for any purpose not expressly permitted by the License Agreement. Except to the extent required by applicable third party licenses, you may not: (a) copy (except for backup purposes), modify, adapt, redistribute, decompile, reverse engineer, disassemble, or create derivative works of the Preview or any part of the Preview; or (b) load any part of the Preview onto a mobile handset or any other hardware device except a personal computer, combine any part of the Preview with other software, or distribute any software or device incorporating a part of the Preview.
build	Setup Android SDK	2026-01-20T08:12:51.3676505Z 
build	Setup Android SDK	2026-01-20T08:12:51.3677892Z 3.4 You agree that you will not take any actions that may cause or result in the fragmentation of Android, including but not limited to distributing, participating in the creation of, or promoting in any way a software development kit derived from the Preview.
build	Setup Android SDK	2026-01-20T08:12:51.3679563Z 
build	Setup Android SDK	2026-01-20T08:12:51.3681831Z 3.5 Use, reproduction and distribution of components of the Preview licensed under an open source software license are governed solely by the terms of that open source software license and not the License Agreement. You agree to remain a licensee in good standing in regard to such open source software licenses under all the rights granted and to refrain from any actions that may terminate, suspend, or breach such rights.
build	Setup Android SDK	2026-01-20T08:12:51.3684627Z 
build	Setup Android SDK	2026-01-20T08:12:51.3687064Z 3.6 You agree that the form and nature of the Preview that Google provides may change without prior notice to you and that future versions of the Preview may be incompatible with applications developed on previous versions of the Preview. You agree that Google may stop (permanently or temporarily) providing the Preview (or any features within the Preview) to you or to users generally at Google's sole discretion, without prior notice to you.
build	Setup Android SDK	2026-01-20T08:12:51.3689924Z 
build	Setup Android SDK	2026-01-20T08:12:51.3690805Z 3.7 Nothing in the License Agreement gives you a right to use any of Google's trade names, trademarks, service marks, logos, domain names, or other distinctive brand features.
build	Setup Android SDK	2026-01-20T08:12:51.3691829Z 
build	Setup Android SDK	2026-01-20T08:12:51.3692977Z 3.8 You agree that you will not remove, obscure, or alter any proprietary rights notices (including copyright and trademark notices) that may be affixed to or contained within the Preview.
build	Setup Android SDK	2026-01-20T08:12:51.3694117Z 
build	Setup Android SDK	2026-01-20T08:12:51.3694279Z 4. Use of the Preview by You
build	Setup Android SDK	2026-01-20T08:12:51.3694558Z 
build	Setup Android SDK	2026-01-20T08:12:51.3695987Z 4.1 Google agrees that nothing in the License Agreement gives Google any right, title or interest from you (or your licensors) under the License Agreement in or to any software applications that you develop using the Preview, including any intellectual property rights that subsist in those applications.
build	Setup Android SDK	2026-01-20T08:12:51.3697045Z 
build	Setup Android SDK	2026-01-20T08:12:51.3698136Z 4.2 You agree to use the Preview and write applications only for purposes that are permitted by (a) the License Agreement, and (b) any applicable law, regulation or generally accepted practices or guidelines in the relevant jurisdictions (including any laws regarding the export of data or software to and from the United States or other relevant countries).
build	Setup Android SDK	2026-01-20T08:12:51.3699313Z 
build	Setup Android SDK	2026-01-20T08:12:51.3701589Z 4.3 You agree that if you use the Preview to develop applications, you will protect the privacy and legal rights of users. If users provide you with user names, passwords, or other login information or personal information, you must make the users aware that the information will be available to your application, and you must provide legally adequate privacy notice and protection for those users. If your application stores personal or sensitive information provided by users, it must do so securely. If users provide you with Google Account information, your application may only use that information to access the user's Google Account when, and for the limited purposes for which, each user has given you permission to do so.
build	Setup Android SDK	2026-01-20T08:12:51.3704150Z 
build	Setup Android SDK	2026-01-20T08:12:51.3705045Z 4.4 You agree that you will not engage in any activity with the Preview, including the development or distribution of an application, that interferes with, disrupts, damages, or accesses in an unauthorized manner the servers, networks, or other properties or services of Google or any third party.
build	Setup Android SDK	2026-01-20T08:12:51.3706186Z 
build	Setup Android SDK	2026-01-20T08:12:51.3707228Z 4.5 You agree that you are solely responsible for (and that Google has no responsibility to you or to any third party for) any data, content, or resources that you create, transmit or display through Android and/or applications for Android, and for the consequences of your actions (including any loss or damage which Google may suffer) by doing so.
build	Setup Android SDK	2026-01-20T08:12:51.3708347Z 
build	Setup Android SDK	2026-01-20T08:12:51.3709526Z 4.6 You agree that you are solely responsible for (and that Google has no responsibility to you or to any third party for) any breach of your obligations under the License Agreement, any applicable third party contract or Terms of Service, or any applicable law or regulation, and for the consequences (including any loss or damage which Google or any third party may suffer) of any such breach.
build	Setup Android SDK	2026-01-20T08:12:51.3710811Z 
build	Setup Android SDK	2026-01-20T08:12:51.3712454Z 4.7 The Preview is in development, and your testing and feedback are an important part of the development process. By using the Preview, you acknowledge that implementation of some features are still under development and that you should not rely on the Preview having the full functionality of a stable release. You agree not to publicly distribute or ship any application using this Preview as this Preview will no longer be supported after the official Android SDK is released.
build	Setup Android SDK	2026-01-20T08:12:51.3714024Z 
build	Setup Android SDK	2026-01-20T08:12:51.3714112Z 5. Your Developer Credentials
build	Setup Android SDK	2026-01-20T08:12:51.3714387Z 
build	Setup Android SDK	2026-01-20T08:12:51.3715233Z 5.1 You agree that you are responsible for maintaining the confidentiality of any developer credentials that may be issued to you by Google or which you may choose yourself and that you will be solely responsible for all applications that are developed under your developer credentials.
build	Setup Android SDK	2026-01-20T08:12:51.3716170Z 
build	Setup Android SDK	2026-01-20T08:12:51.3716255Z 6. Privacy and Information
build	Setup Android SDK	2026-01-20T08:12:51.3716393Z 
build	Setup Android SDK	2026-01-20T08:12:51.3717900Z 6.1 In order to continually innovate and improve the Preview, Google may collect certain usage statistics from the software including but not limited to a unique identifier, associated IP address, version number of the software, and information on which tools and/or services in the Preview are being used and how they are being used. Before any of this information is collected, the Preview will notify you and seek your consent. If you withhold consent, the information will not be collected.
build	Setup Android SDK	2026-01-20T08:12:51.3719657Z 
build	Setup Android SDK	2026-01-20T08:12:51.3720247Z 6.2 The data collected is examined in the aggregate to improve the Preview and is maintained in accordance with Google's Privacy Policy located at http://www.google.com/policies/privacy/.
build	Setup Android SDK	2026-01-20T08:12:51.3720896Z 
build	Setup Android SDK	2026-01-20T08:12:51.3720984Z 7. Third Party Applications
build	Setup Android SDK	2026-01-20T08:12:51.3721126Z 
build	Setup Android SDK	2026-01-20T08:12:51.3723307Z 7.1 If you use the Preview to run applications developed by a third party or that access data, content or resources provided by a third party, you agree that Google is not responsible for those applications, data, content, or resources. You understand that all data, content or resources which you may access through such third party applications are the sole responsibility of the person from which they originated and that Google is not liable for any loss or damage that you may experience as a result of the use or access of any of those third party applications, data, content, or resources.
build	Setup Android SDK	2026-01-20T08:12:51.3725819Z 
build	Setup Android SDK	2026-01-20T08:12:51.3727592Z 7.2 You should be aware the data, content, and resources presented to you through such a third party application may be protected by intellectual property rights which are owned by the providers (or by other persons or companies on their behalf). You may not modify, rent, lease, loan, sell, distribute or create derivative works based on these data, content, or resources (either in whole or in part) unless you have been specifically given permission to do so by the relevant owners.
build	Setup Android SDK	2026-01-20T08:12:51.3729358Z 
build	Setup Android SDK	2026-01-20T08:12:51.3730303Z 7.3 You acknowledge that your use of such third party applications, data, content, or resources may be subject to separate terms between you and the relevant third party.
build	Setup Android SDK	2026-01-20T08:12:51.3731303Z 
build	Setup Android SDK	2026-01-20T08:12:51.3731442Z 8. Using Google APIs
build	Setup Android SDK	2026-01-20T08:12:51.3731664Z 
build	Setup Android SDK	2026-01-20T08:12:51.3731798Z 8.1 Google APIs
build	Setup Android SDK	2026-01-20T08:12:51.3731987Z 
build	Setup Android SDK	2026-01-20T08:12:51.3734730Z 8.1.1 If you use any API to retrieve data from Google, you acknowledge that the data may be protected by intellectual property rights which are owned by Google or those parties that provide the data (or by other persons or companies on their behalf). Your use of any such API may be subject to additional Terms of Service. You may not modify, rent, lease, loan, sell, distribute or create derivative works based on this data (either in whole or in part) unless allowed by the relevant Terms of Service.
build	Setup Android SDK	2026-01-20T08:12:51.3736888Z 
build	Setup Android SDK	2026-01-20T08:12:51.3737629Z 8.1.2 If you use any API to retrieve a user's data from Google, you acknowledge and agree that you shall retrieve data only with the user's explicit consent and only when, and for the limited purposes for which, the user has given you permission to do so.
build	Setup Android SDK	2026-01-20T08:12:51.3738465Z 
build	Setup Android SDK	2026-01-20T08:12:51.3738558Z 9. Terminating the License Agreement
build	Setup Android SDK	2026-01-20T08:12:51.3738732Z 
build	Setup Android SDK	2026-01-20T08:12:51.3739018Z 9.1 the License Agreement will continue to apply until terminated by either you or Google as set out below.
build	Setup Android SDK	2026-01-20T08:12:51.3739404Z 
build	Setup Android SDK	2026-01-20T08:12:51.3739942Z 9.2 If you want to terminate the License Agreement, you may do so by ceasing your use of the Preview and any relevant developer credentials.
build	Setup Android SDK	2026-01-20T08:12:51.3740413Z 
build	Setup Android SDK	2026-01-20T08:12:51.3740675Z 9.3 Google may at any time, terminate the License Agreement, with or without cause, upon notice to you.
build	Setup Android SDK	2026-01-20T08:12:51.3741038Z 
build	Setup Android SDK	2026-01-20T08:12:51.3742020Z 9.4 The License Agreement will automatically terminate without notice or other action upon the earlier of: (A) when Google ceases to provide the Preview or certain parts of the Preview to users in the country in which you are resident or from which you use the service; and (B) Google issues a final release version of the Android SDK.
build	Setup Android SDK	2026-01-20T08:12:51.3743432Z 
build	Setup Android SDK	2026-01-20T08:12:51.3744140Z 9.5 When the License Agreement is terminated, the license granted to you in the License Agreement will terminate, you will immediately cease all use of the Preview, and the provisions of paragraphs 10, 11, 12 and 14 shall survive indefinitely.
build	Setup Android SDK	2026-01-20T08:12:51.3744945Z 
build	Setup Android SDK	2026-01-20T08:12:51.3745016Z 10. DISCLAIMERS
build	Setup Android SDK	2026-01-20T08:12:51.3745127Z 
build	Setup Android SDK	2026-01-20T08:12:51.3745653Z 10.1 YOU EXPRESSLY UNDERSTAND AND AGREE THAT YOUR USE OF THE PREVIEW IS AT YOUR SOLE RISK AND THAT THE PREVIEW IS PROVIDED "AS IS" AND "AS AVAILABLE" WITHOUT WARRANTY OF ANY KIND FROM GOOGLE.
build	Setup Android SDK	2026-01-20T08:12:51.3746264Z 
build	Setup Android SDK	2026-01-20T08:12:51.3747960Z 10.2 YOUR USE OF THE PREVIEW AND ANY MATERIAL DOWNLOADED OR OTHERWISE OBTAINED THROUGH THE USE OF THE PREVIEW IS AT YOUR OWN DISCRETION AND RISK AND YOU ARE SOLELY RESPONSIBLE FOR ANY DAMAGE TO YOUR COMPUTER SYSTEM OR OTHER DEVICE OR LOSS OF DATA THAT RESULTS FROM SUCH USE. WITHOUT LIMITING THE FOREGOING, YOU UNDERSTAND THAT THE PREVIEW IS NOT A STABLE RELEASE AND MAY CONTAIN ERRORS, DEFECTS AND SECURITY VULNERABILITIES THAT CAN RESULT IN SIGNIFICANT DAMAGE, INCLUDING THE COMPLETE, IRRECOVERABLE LOSS OF USE OF YOUR COMPUTER SYSTEM OR OTHER DEVICE.
build	Setup Android SDK	2026-01-20T08:12:51.3749753Z 
build	Setup Android SDK	2026-01-20T08:12:51.3750517Z 10.3 GOOGLE FURTHER EXPRESSLY DISCLAIMS ALL WARRANTIES AND CONDITIONS OF ANY KIND, WHETHER EXPRESS OR IMPLIED, INCLUDING, BUT NOT LIMITED TO THE IMPLIED WARRANTIES AND CONDITIONS OF MERCHANTABILITY, FITNESS FOR A PARTICULAR PURPOSE AND NON-INFRINGEMENT.
build	Setup Android SDK	2026-01-20T08:12:51.3751378Z 
build	Setup Android SDK	2026-01-20T08:12:51.3751460Z 11. LIMITATION OF LIABILITY
build	Setup Android SDK	2026-01-20T08:12:51.3751603Z 
build	Setup Android SDK	2026-01-20T08:12:51.3753153Z 11.1 YOU EXPRESSLY UNDERSTAND AND AGREE THAT GOOGLE, ITS SUBSIDIARIES AND AFFILIATES, AND ITS LICENSORS SHALL NOT BE LIABLE TO YOU UNDER ANY THEORY OF LIABILITY FOR ANY DIRECT, INDIRECT, INCIDENTAL, SPECIAL, CONSEQUENTIAL OR EXEMPLARY DAMAGES THAT MAY BE INCURRED BY YOU, INCLUDING ANY LOSS OF DATA, WHETHER OR NOT GOOGLE OR ITS REPRESENTATIVES HAVE BEEN ADVISED OF OR SHOULD HAVE BEEN AWARE OF THE POSSIBILITY OF ANY SUCH LOSSES ARISING.
build	Setup Android SDK	2026-01-20T08:12:51.3754714Z 
build	Setup Android SDK	2026-01-20T08:12:51.3754798Z 12. Indemnification
build	Setup Android SDK	2026-01-20T08:12:51.3754915Z 
build	Setup Android SDK	2026-01-20T08:12:51.3757494Z 12.1 To the maximum extent permitted by law, you agree to defend, indemnify and hold harmless Google, its affiliates and their respective directors, officers, employees and agents from and against any and all claims, actions, suits or proceedings, as well as any and all losses, liabilities, damages, costs and expenses (including reasonable attorneys’ fees) arising out of or accruing from (a) your use of the Preview, (b) any application you develop on the Preview that infringes any Intellectual Property Rights of any person or defames any person or violates their rights of publicity or privacy, and (c) any non-compliance by you of the License Agreement.
build	Setup Android SDK	2026-01-20T08:12:51.3759647Z 
build	Setup Android SDK	2026-01-20T08:12:51.3759739Z 13. Changes to the License Agreement
build	Setup Android SDK	2026-01-20T08:12:51.3759911Z 
build	Setup Android SDK	2026-01-20T08:12:51.3760626Z 13.1 Google may make changes to the License Agreement as it distributes new versions of the Preview. When these changes are made, Google will make a new version of the License Agreement available on the website where the Preview is made available.
build	Setup Android SDK	2026-01-20T08:12:51.3761432Z 
build	Setup Android SDK	2026-01-20T08:12:51.3761633Z 14. General Legal Terms
build	Setup Android SDK	2026-01-20T08:12:51.3761759Z 
build	Setup Android SDK	2026-01-20T08:12:51.3762829Z 14.1 the License Agreement constitutes the whole legal agreement between you and Google and governs your use of the Preview (excluding any services which Google may provide to you under a separate written agreement), and completely replaces any prior agreements between you and Google in relation to the Preview.
build	Setup Android SDK	2026-01-20T08:12:51.3763868Z 
build	Setup Android SDK	2026-01-20T08:12:51.3764803Z 14.2 You agree that if Google does not exercise or enforce any legal right or remedy which is contained in the License Agreement (or which Google has the benefit of under any applicable law), this will not be taken to be a formal waiver of Google's rights and that those rights or remedies will still be available to Google.
build	Setup Android SDK	2026-01-20T08:12:51.3765830Z 
build	Setup Android SDK	2026-01-20T08:12:51.3766867Z 14.3 If any court of law, having the jurisdiction to decide on this matter, rules that any provision of the License Agreement is invalid, then that provision will be removed from the License Agreement without affecting the rest of the License Agreement. The remaining provisions of the License Agreement will continue to be valid and enforceable.
build	Setup Android SDK	2026-01-20T08:12:51.3767990Z 
build	Setup Android SDK	2026-01-20T08:12:51.3769335Z 14.4 You acknowledge and agree that each member of the group of companies of which Google is the parent shall be third party beneficiaries to the License Agreement and that such other companies shall be entitled to directly enforce, and rely upon, any provision of the License Agreement that confers a benefit on (or rights in favor of) them. Other than this, no other person or company shall be third party beneficiaries to the License Agreement.
build	Setup Android SDK	2026-01-20T08:12:51.3770764Z 
build	Setup Android SDK	2026-01-20T08:12:51.3771578Z 14.5 EXPORT RESTRICTIONS. THE PREVIEW IS SUBJECT TO UNITED STATES EXPORT LAWS AND REGULATIONS. YOU MUST COMPLY WITH ALL DOMESTIC AND INTERNATIONAL EXPORT LAWS AND REGULATIONS THAT APPLY TO THE PREVIEW. THESE LAWS INCLUDE RESTRICTIONS ON DESTINATIONS, END USERS AND END USE.
build	Setup Android SDK	2026-01-20T08:12:51.3772593Z 
build	Setup Android SDK	2026-01-20T08:12:51.3773538Z 14.6 The License Agreement may not be assigned or transferred by you without the prior written approval of Google, and any attempted assignment without such approval will be void. You shall not delegate your responsibilities or obligations under the License Agreement without the prior written approval of Google.
build	Setup Android SDK	2026-01-20T08:12:51.3774598Z 
build	Setup Android SDK	2026-01-20T08:12:51.3776321Z 14.7 The License Agreement, and your relationship with Google under the License Agreement, shall be governed by the laws of the State of California without regard to its conflict of laws provisions. You and Google agree to submit to the exclusive jurisdiction of the courts located within the county of Santa Clara, California to resolve any legal matter arising from the License Agreement. Notwithstanding this, you agree that Google shall still be allowed to apply for injunctive remedies (or an equivalent type of urgent legal relief) in any jurisdiction.
build	Setup Android SDK	2026-01-20T08:12:51.3778237Z 
build	Setup Android SDK	2026-01-20T08:12:51.3778309Z June 2014.
build	Setup Android SDK	2026-01-20T08:12:51.3778487Z ---------------------------------------
build	Setup Android SDK	2026-01-20T08:12:51.3778724Z Accept? (y/N): 
build	Setup Android SDK	2026-01-20T08:12:51.3778927Z 5/6: License google-gdk-license:
build	Setup Android SDK	2026-01-20T08:12:51.3779159Z ---------------------------------------
build	Setup Android SDK	2026-01-20T08:12:51.3779472Z This is a Developer Preview of the GDK that is subject to change.
build	Setup Android SDK	2026-01-20T08:12:51.3779718Z 
build	Setup Android SDK	2026-01-20T08:12:51.3779792Z Terms and Conditions
build	Setup Android SDK	2026-01-20T08:12:51.3779918Z 
build	Setup Android SDK	2026-01-20T08:12:51.3780039Z This is the Glass Development Kit License Agreement.
build	Setup Android SDK	2026-01-20T08:12:51.3780251Z 
build	Setup Android SDK	2026-01-20T08:12:51.3780326Z 1. Introduction
build	Setup Android SDK	2026-01-20T08:12:51.3780430Z 
build	Setup Android SDK	2026-01-20T08:12:51.3781603Z 1.1 The Glass Development Kit (referred to in this License Agreement as the "GDK" and specifically including the Android system files, packaged APIs, and GDK library files, if and when they are made available) is licensed to you subject to the terms of this License Agreement. This License Agreement forms a legally binding contract between you and Google in relation to your use of the GDK.
build	Setup Android SDK	2026-01-20T08:12:51.3783267Z 
build	Setup Android SDK	2026-01-20T08:12:51.3783485Z 1.2 "Glass" means Glass devices and the Glass software stack for use on Glass devices.
build	Setup Android SDK	2026-01-20T08:12:51.3783795Z 
build	Setup Android SDK	2026-01-20T08:12:51.3783800Z 
build	Setup Android SDK	2026-01-20T08:12:51.3784431Z 1.3 "Android" means the Android software stack for devices, as made available under the Android Open Source Project, which is located at the following URL: http://source.android.com/, as updated from time to time.
build	Setup Android SDK	2026-01-20T08:12:51.3785149Z 
build	Setup Android SDK	2026-01-20T08:12:51.3785590Z 1.4 "Google" means Google Inc., a Delaware corporation with principal place of business at 1600 Amphitheatre Parkway, Mountain View, CA 94043, United States.
build	Setup Android SDK	2026-01-20T08:12:51.3786127Z 
build	Setup Android SDK	2026-01-20T08:12:51.3786217Z 2. Accepting this License Agreement
build	Setup Android SDK	2026-01-20T08:12:51.3786378Z 
build	Setup Android SDK	2026-01-20T08:12:51.3786757Z 2.1 In order to use the GDK, you must first agree to this License Agreement. You may not use the GDK if you do not accept this License Agreement.
build	Setup Android SDK	2026-01-20T08:12:51.3787230Z 
build	Setup Android SDK	2026-01-20T08:12:51.3787431Z 2.2 By clicking to accept, you hereby agree to the terms of this License Agreement.
build	Setup Android SDK	2026-01-20T08:12:51.3787732Z 
build	Setup Android SDK	2026-01-20T08:12:51.3788446Z 2.3 You may not use the GDK and may not accept the License Agreement if you are a person barred from receiving the GDK under the laws of the United States or other countries including the country in which you are resident or from which you use the GDK.
build	Setup Android SDK	2026-01-20T08:12:51.3789262Z 
build	Setup Android SDK	2026-01-20T08:12:51.3790353Z 2.4 If you are agreeing to be bound by this License Agreement on behalf of your employer or other entity, you represent and warrant that you have full legal authority to bind your employer or such entity to this License Agreement. If you do not have the requisite authority, you may not accept the License Agreement or use the GDK on behalf of your employer or other entity.
build	Setup Android SDK	2026-01-20T08:12:51.3791537Z 
build	Setup Android SDK	2026-01-20T08:12:51.3791624Z 3. GDK License from Google
build	Setup Android SDK	2026-01-20T08:12:51.3791760Z 
build	Setup Android SDK	2026-01-20T08:12:51.3792667Z 3.1 Subject to the terms of this License Agreement, Google grants you a limited, worldwide, royalty-free, non-assignable and non-exclusive license to use the GDK solely to develop applications to run on the Glass platform for Glass devices.
build	Setup Android SDK	2026-01-20T08:12:51.3793481Z 
build	Setup Android SDK	2026-01-20T08:12:51.3794665Z 3.2 You agree that Google or third parties own all legal right, title and interest in and to the GDK, including any Intellectual Property Rights that subsist in the GDK. "Intellectual Property Rights" means any and all rights under patent law, copyright law, trade secret law, trademark law, and any and all other proprietary rights. Google reserves all rights not expressly granted to you.
build	Setup Android SDK	2026-01-20T08:12:51.3796129Z 
build	Setup Android SDK	2026-01-20T08:12:51.3798003Z 3.3 You may not use the GDK for any purpose not expressly permitted by this License Agreement. Except to the extent required by applicable third party licenses, you may not: (a) copy (except for backup purposes), modify, adapt, redistribute, decompile, reverse engineer, disassemble, or create derivative works of the GDK or any part of the GDK; or (b) load any part of the GDK onto a mobile handset or wearable computing device or any other hardware device except a Glass device personal computer, combine any part of the GDK with other software, or distribute any software or device incorporating a part of the GDK.
build	Setup Android SDK	2026-01-20T08:12:51.3799973Z 
build	Setup Android SDK	2026-01-20T08:12:51.3800705Z 3.4 You agree that you will not take any actions that may cause or result in the fragmentation of Glass, including but not limited to distributing, participating in the creation of, or promoting in any way a software development kit derived from the GDK.
build	Setup Android SDK	2026-01-20T08:12:51.3801534Z 
build	Setup Android SDK	2026-01-20T08:12:51.3802246Z 3.5 Use, reproduction and distribution of components of the GDK licensed under an open source software license are governed solely by the terms of that open source software license and not this License Agreement.
build	Setup Android SDK	2026-01-20T08:12:51.3802947Z 
build	Setup Android SDK	2026-01-20T08:12:51.3804214Z 3.6 You agree that the form and nature of the GDK that Google provides may change without prior notice to you and that future versions of the GDK may be incompatible with applications developed on previous versions of the GDK. You agree that Google may stop (permanently or temporarily) providing the GDK (or any features within the GDK) to you or to users generally at Google's sole discretion, without prior notice to you.
build	Setup Android SDK	2026-01-20T08:12:51.3805685Z 
build	Setup Android SDK	2026-01-20T08:12:51.3806177Z 3.7 Nothing in this License Agreement gives you a right to use any of Google's trade names, trademarks, service marks, logos, domain names, or other distinctive brand features.
build	Setup Android SDK	2026-01-20T08:12:51.3806766Z 
build	Setup Android SDK	2026-01-20T08:12:51.3807287Z 3.8 You agree that you will not remove, obscure, or alter any proprietary rights notices (including copyright and trademark notices) that may be affixed to or contained within the GDK.
build	Setup Android SDK	2026-01-20T08:12:51.3807905Z 
build	Setup Android SDK	2026-01-20T08:12:51.3807909Z 
build	Setup Android SDK	2026-01-20T08:12:51.3809013Z 3.9 Your use of any Android system files, packaged APIs, or other components of the GDK which are part of the Android Software Development Kit is subject to the terms of the Android Software Development Kit License Agreement located at http://developer.android.com/sdk/terms.html. These terms are hereby incorporated by reference into this License Agreement.
build	Setup Android SDK	2026-01-20T08:12:51.3810192Z 
build	Setup Android SDK	2026-01-20T08:12:51.3810275Z 4. Use of the GDK by You
build	Setup Android SDK	2026-01-20T08:12:51.3810404Z 
build	Setup Android SDK	2026-01-20T08:12:51.3811182Z 4.1 Google agrees that it obtains no right, title or interest from you (or your licensors) under this License Agreement in or to any software applications that you develop using the GDK, including any intellectual property rights that subsist in those applications.
build	Setup Android SDK	2026-01-20T08:12:51.3812160Z 
build	Setup Android SDK	2026-01-20T08:12:51.3813778Z 4.2 You agree to use the GDK and write applications only for purposes that are permitted by (a) this License Agreement, (b) the Glass Platform Developer Policies (located at https://developers.google.com/glass/policies, and hereby incorporated into this License Agreement by reference), and (c) any applicable law, regulation or generally accepted practices or guidelines in the relevant jurisdictions (including any laws regarding the export of data or software to and from the United States or other relevant countries).
build	Setup Android SDK	2026-01-20T08:12:51.3815493Z 
build	Setup Android SDK	2026-01-20T08:12:51.3817914Z 4.3 You agree that if you use the GDK to develop applications for general public users, you will protect the privacy and legal rights of those users. If the users provide you with user names, passwords, or other login information or personal information, you must make the users aware that the information will be available to your application, and you must provide legally adequate privacy notice and protection for those users. If your application stores personal or sensitive information provided by users, it must do so securely. If the user provides your application with Google Account information, your application may only use that information to access the user's Google Account when, and for the limited purposes for which, the user has given you permission to do so.
build	Setup Android SDK	2026-01-20T08:12:51.3820526Z 
build	Setup Android SDK	2026-01-20T08:12:51.3821476Z 4.4 You agree that you will not engage in any activity with the GDK, including the development or distribution of an application, that interferes with, disrupts, damages, or accesses in an unauthorized manner the servers, networks, or other properties or services of any third party including, but not limited to, Google.
build	Setup Android SDK	2026-01-20T08:12:51.3822777Z 
build	Setup Android SDK	2026-01-20T08:12:51.3823820Z 4.5 You agree that you are solely responsible for (and that Google has no responsibility to you or to any third party for) any data, content, or resources that you create, transmit or display through Glass and/or applications for Glass, and for the consequences of your actions (including any loss or damage which Google may suffer) by doing so.
build	Setup Android SDK	2026-01-20T08:12:51.3824941Z 
build	Setup Android SDK	2026-01-20T08:12:51.3826130Z 4.6 You agree that you are solely responsible for (and that Google has no responsibility to you or to any third party for) any breach of your obligations under this License Agreement, any applicable third party contract or Terms of Service, or any applicable law or regulation, and for the consequences (including any loss or damage which Google or any third party may suffer) of any such breach.
build	Setup Android SDK	2026-01-20T08:12:51.3827536Z 
build	Setup Android SDK	2026-01-20T08:12:51.3827541Z 
build	Setup Android SDK	2026-01-20T08:12:51.3828664Z 4.7 The GDK is in development, and your testing and feedback are an important part of the development process. By using the GDK, you acknowledge that implementation of some features are still under development and that you should not rely on the GDK, Glass devices, Glass system software, Google Mirror API, or Glass services having the full functionality of a stable release.
build	Setup Android SDK	2026-01-20T08:12:51.3829881Z 
build	Setup Android SDK	2026-01-20T08:12:51.3829966Z 5. Your Developer Credentials
build	Setup Android SDK	2026-01-20T08:12:51.3830119Z 
build	Setup Android SDK	2026-01-20T08:12:51.3830960Z 5.1 You agree that you are responsible for maintaining the confidentiality of any developer credentials that may be issued to you by Google or which you may choose yourself and that you will be solely responsible for all applications that are developed under your developer credentials.
build	Setup Android SDK	2026-01-20T08:12:51.3831901Z 
build	Setup Android SDK	2026-01-20T08:12:51.3831989Z 6. Privacy and Information
build	Setup Android SDK	2026-01-20T08:12:51.3832325Z 
build	Setup Android SDK	2026-01-20T08:12:51.3832332Z 
build	Setup Android SDK	2026-01-20T08:12:51.3833787Z 6.1 In order to continually innovate and improve the GDK, Google may collect certain usage statistics from the software including but not limited to a unique identifier, associated IP address, version number of the software, and information on which tools and/or services in the GDK are being used and how they are being used. Before any of this information is collected, the GDK will notify you and seek your consent. If you withhold consent, the information will not be collected.
build	Setup Android SDK	2026-01-20T08:12:51.3835335Z 
build	Setup Android SDK	2026-01-20T08:12:51.3835688Z 6.2 The data collected is examined in the aggregate to improve the GDK and is maintained in accordance with Google's Privacy Policy.
build	Setup Android SDK	2026-01-20T08:12:51.3836146Z 
build	Setup Android SDK	2026-01-20T08:12:51.3836228Z 7. Third Party Applications
build	Setup Android SDK	2026-01-20T08:12:51.3836365Z 
build	Setup Android SDK	2026-01-20T08:12:51.3838166Z 7.1 If you use the GDK to run applications developed by a third party or that access data, content or resources provided by a third party, you agree that Google is not responsible for those applications, data, content, or resources. You understand that all data, content or resources which you may access through such third party applications are the sole responsibility of the person from which they originated and that Google is not liable for any loss or damage that you may experience as a result of the use or access of any of those third party applications, data, content, or resources.
build	Setup Android SDK	2026-01-20T08:12:51.3840159Z 
build	Setup Android SDK	2026-01-20T08:12:51.3841629Z 7.2 You should be aware the data, content, and resources presented to you through such a third party application may be protected by intellectual property rights which are owned by the providers (or by other persons or companies on their behalf). You may not modify, rent, lease, loan, sell, distribute or create derivative works based on these data, content, or resources (either in whole or in part) unless you have been specifically given permission to do so by the relevant owners.
build	Setup Android SDK	2026-01-20T08:12:51.3843294Z 
build	Setup Android SDK	2026-01-20T08:12:51.3844095Z 7.3 You acknowledge that your use of such third party applications, data, content, or resources may be subject to separate terms between you and the relevant third party. In that case, this License Agreement does not affect your legal relationship with these third parties.
build	Setup Android SDK	2026-01-20T08:12:51.3844998Z 
build	Setup Android SDK	2026-01-20T08:12:51.3845070Z 8. Using Google APIs
build	Setup Android SDK	2026-01-20T08:12:51.3845192Z 
build	Setup Android SDK	2026-01-20T08:12:51.3845260Z 8.1 Google APIs
build	Setup Android SDK	2026-01-20T08:12:51.3845367Z 
build	Setup Android SDK	2026-01-20T08:12:51.3846860Z 8.1.1 If you use any API to retrieve data from Google, you acknowledge that the data may be protected by intellectual property rights which are owned by Google or those parties that provide the data (or by other persons or companies on their behalf). Your use of any such API may be subject to additional Terms of Service. You may not modify, rent, lease, loan, sell, distribute or create derivative works based on this data (either in whole or in part) unless allowed by the relevant Terms of Service.
build	Setup Android SDK	2026-01-20T08:12:51.3848553Z 
build	Setup Android SDK	2026-01-20T08:12:51.3849284Z 8.1.2 If you use any API to retrieve a user's data from Google, you acknowledge and agree that you shall retrieve data only with the user's explicit consent and only when, and for the limited purposes for which, the user has given you permission to do so.
build	Setup Android SDK	2026-01-20T08:12:51.3850109Z 
build	Setup Android SDK	2026-01-20T08:12:51.3850199Z 9. Terminating this License Agreement
build	Setup Android SDK	2026-01-20T08:12:51.3850366Z 
build	Setup Android SDK	2026-01-20T08:12:51.3850662Z 9.1 This License Agreement will continue to apply until terminated by either you or Google as set out below.
build	Setup Android SDK	2026-01-20T08:12:51.3851040Z 
build	Setup Android SDK	2026-01-20T08:12:51.3851394Z 9.2 If you want to terminate this License Agreement, you may do so by ceasing your use of the GDK and any relevant developer credentials.
build	Setup Android SDK	2026-01-20T08:12:51.3851854Z 
build	Setup Android SDK	2026-01-20T08:12:51.3853882Z 9.3 Google may at any time, terminate this License Agreement with you if: (A) you have breached any provision of this License Agreement; or (B) Google is required to do so by law; or (C) the partner with whom Google offered certain parts of GDK (such as APIs) to you has terminated its relationship with Google or ceased to offer certain parts of the GDK to you; or (D) Google decides to no longer provide the GDK or certain parts of the GDK to users in the country in which you are resident or from which you use the service, or the provision of the GDK or certain GDK services to you by Google is, in Google's sole discretion, no longer commercially viable.
build	Setup Android SDK	2026-01-20T08:12:51.3855899Z 
build	Setup Android SDK	2026-01-20T08:12:51.3857250Z 9.4 When this License Agreement comes to an end, all of the legal rights, obligations and liabilities that you and Google have benefited from, been subject to (or which have accrued over time whilst this License Agreement has been in force) or which are expressed to continue indefinitely, shall be unaffected by this cessation, and the provisions of paragraph 14.7 shall continue to apply to such rights, obligations and liabilities indefinitely.
build	Setup Android SDK	2026-01-20T08:12:51.3858686Z 
build	Setup Android SDK	2026-01-20T08:12:51.3858767Z 10. DISCLAIMER OF WARRANTIES
build	Setup Android SDK	2026-01-20T08:12:51.3858908Z 
build	Setup Android SDK	2026-01-20T08:12:51.3859407Z 10.1 YOU EXPRESSLY UNDERSTAND AND AGREE THAT YOUR USE OF THE GDK IS AT YOUR SOLE RISK AND THAT THE GDK IS PROVIDED "AS IS" AND "AS AVAILABLE" WITHOUT WARRANTY OF ANY KIND FROM GOOGLE.
build	Setup Android SDK	2026-01-20T08:12:51.3860138Z 
build	Setup Android SDK	2026-01-20T08:12:51.3860891Z 10.2 YOUR USE OF THE GDK AND ANY MATERIAL DOWNLOADED OR OTHERWISE OBTAINED THROUGH THE USE OF THE GDK IS AT YOUR OWN DISCRETION AND RISK AND YOU ARE SOLELY RESPONSIBLE FOR ANY DAMAGE TO YOUR COMPUTER SYSTEM OR OTHER DEVICE OR LOSS OF DATA THAT RESULTS FROM SUCH USE.
build	Setup Android SDK	2026-01-20T08:12:51.3861744Z 
build	Setup Android SDK	2026-01-20T08:12:51.3862761Z 10.3 GOOGLE FURTHER EXPRESSLY DISCLAIMS ALL WARRANTIES AND CONDITIONS OF ANY KIND, WHETHER EXPRESS OR IMPLIED, INCLUDING, BUT NOT LIMITED TO THE IMPLIED WARRANTIES AND CONDITIONS OF MERCHANTABILITY, FITNESS FOR A PARTICULAR PURPOSE AND NON-INFRINGEMENT.
build	Setup Android SDK	2026-01-20T08:12:51.3863635Z 
build	Setup Android SDK	2026-01-20T08:12:51.3863716Z 11. LIMITATION OF LIABILITY
build	Setup Android SDK	2026-01-20T08:12:51.3863855Z 
build	Setup Android SDK	2026-01-20T08:12:51.3865183Z 11.1 YOU EXPRESSLY UNDERSTAND AND AGREE THAT GOOGLE, ITS SUBSIDIARIES AND AFFILIATES, AND ITS LICENSORS SHALL NOT BE LIABLE TO YOU UNDER ANY THEORY OF LIABILITY FOR ANY DIRECT, INDIRECT, INCIDENTAL, SPECIAL, CONSEQUENTIAL OR EXEMPLARY DAMAGES THAT MAY BE INCURRED BY YOU, INCLUDING ANY LOSS OF DATA, WHETHER OR NOT GOOGLE OR ITS REPRESENTATIVES HAVE BEEN ADVISED OF OR SHOULD HAVE BEEN AWARE OF THE POSSIBILITY OF ANY SUCH LOSSES ARISING.
build	Setup Android SDK	2026-01-20T08:12:51.3866600Z 
build	Setup Android SDK	2026-01-20T08:12:51.3866672Z 12. Indemnification
build	Setup Android SDK	2026-01-20T08:12:51.3866789Z 
build	Setup Android SDK	2026-01-20T08:12:51.3868991Z 12.1 To the maximum extent permitted by law, you agree to defend, indemnify and hold harmless Google, its affiliates and their respective directors, officers, employees and agents from and against any and all claims, actions, suits or proceedings, as well as any and all losses, liabilities, damages, costs and expenses (including reasonable attorneys fees) arising out of or accruing from (a) your use of the GDK, (b) any application you develop on the GDK that infringes any copyright, trademark, trade secret, trade dress, patent or other intellectual property right of any person or defames any person or violates their rights of publicity or privacy, and (c) any non-compliance by you with this License Agreement.
build	Setup Android SDK	2026-01-20T08:12:51.3871411Z 
build	Setup Android SDK	2026-01-20T08:12:51.3871497Z 13. Changes to the License Agreement
build	Setup Android SDK	2026-01-20T08:12:51.3871662Z 
build	Setup Android SDK	2026-01-20T08:12:51.3872554Z 13.1 Google may make changes to the License Agreement as it distributes new versions of the GDK. When these changes are made, Google will make a new version of the License Agreement available on the website where the GDK is made available.
build	Setup Android SDK	2026-01-20T08:12:51.3873347Z 
build	Setup Android SDK	2026-01-20T08:12:51.3873422Z 14. General Legal Terms
build	Setup Android SDK	2026-01-20T08:12:51.3873552Z 
build	Setup Android SDK	2026-01-20T08:12:51.3874462Z 14.1 This License Agreement constitutes the whole legal agreement between you and Google and governs your use of the GDK (excluding any services which Google may provide to you under a separate written agreement), and completely replaces any prior agreements between you and Google in relation to the GDK.
build	Setup Android SDK	2026-01-20T08:12:51.3875462Z 
build	Setup Android SDK	2026-01-20T08:12:51.3876406Z 14.2 You agree that if Google does not exercise or enforce any legal right or remedy which is contained in this License Agreement (or which Google has the benefit of under any applicable law), this will not be taken to be a formal waiver of Google's rights and that those rights or remedies will still be available to Google.
build	Setup Android SDK	2026-01-20T08:12:51.3877436Z 
build	Setup Android SDK	2026-01-20T08:12:51.3878485Z 14.3 If any court of law, having the jurisdiction to decide on this matter, rules that any provision of this License Agreement is invalid, then that provision will be removed from this License Agreement without affecting the rest of this License Agreement. The remaining provisions of this License Agreement will continue to be valid and enforceable.
build	Setup Android SDK	2026-01-20T08:12:51.3879857Z 
build	Setup Android SDK	2026-01-20T08:12:51.3882010Z 14.4 You acknowledge and agree that each member of the group of companies of which Google is the parent shall be third party beneficiaries to this License Agreement and that such other companies shall be entitled to directly enforce, and rely upon, any provision of this License Agreement that confers a benefit on (or rights in favor of) them. Other than this, no other person or company shall be third party beneficiaries to this License Agreement.
build	Setup Android SDK	2026-01-20T08:12:51.3885043Z 
build	Setup Android SDK	2026-01-20T08:12:51.3886126Z 14.5 EXPORT RESTRICTIONS. THE GDK IS SUBJECT TO UNITED STATES EXPORT LAWS AND REGULATIONS. YOU MUST COMPLY WITH ALL DOMESTIC AND INTERNATIONAL EXPORT LAWS AND REGULATIONS THAT APPLY TO THE GDK. THESE LAWS INCLUDE RESTRICTIONS ON DESTINATIONS, END USERS AND END USE.
build	Setup Android SDK	2026-01-20T08:12:51.3887039Z 
build	Setup Android SDK	2026-01-20T08:12:51.3888629Z 14.6 The rights granted in this License Agreement may not be assigned or transferred by either you or Google without the prior written approval of the other party. Neither you nor Google shall be permitted to delegate their responsibilities or obligations under this License Agreement without the prior written approval of the other party.
build	Setup Android SDK	2026-01-20T08:12:51.3890637Z 
build	Setup Android SDK	2026-01-20T08:12:51.3893003Z 14.7 This License Agreement, and your relationship with Google under this License Agreement, shall be governed by the laws of the State of California without regard to its conflict of laws provisions. You and Google agree to submit to the exclusive jurisdiction of the courts located within the county of Santa Clara, California to resolve any legal matter arising from this License Agreement. Notwithstanding this, you agree that Google shall still be allowed to apply for injunctive remedies (or an equivalent type of urgent legal relief) in any jurisdiction.
build	Setup Android SDK	2026-01-20T08:12:51.3895052Z 
build	Setup Android SDK	2026-01-20T08:12:51.3895136Z November 19, 2013
build	Setup Android SDK	2026-01-20T08:12:51.3895336Z ---------------------------------------
build	Setup Android SDK	2026-01-20T08:12:51.3895581Z Accept? (y/N): 
build	Setup Android SDK	2026-01-20T08:12:51.3919512Z 6/6: License mips-android-sysimage-license:
build	Setup Android SDK	2026-01-20T08:12:51.3919943Z ---------------------------------------
build	Setup Android SDK	2026-01-20T08:12:51.3922252Z MIPS Technologies, Inc. (“MIPS”) Internal Evaluation License Agreement for MIPS Android™ System Images for Android Software Development Kit (SDK): This Internal Evaluation License Agreement (this "Agreement") is entered into by and between MIPS and you (as an individual developer or a legal entity -- identified below as “Recipient”). MIPS shall make the Evaluation Software available to Recipient as described in accordance with the terms and conditions set forth below.
build	Setup Android SDK	2026-01-20T08:12:51.3923880Z 
build	Setup Android SDK	2026-01-20T08:12:51.3925919Z By clicking on the “Accept” button, downloading, installing, or otherwise using the Evaluation Materials (defined below), you agree to be bound by the terms of this Agreement effective as of the date you click “Accept” (the “Effective Date”), and if doing so on behalf of an entity, you represent that you are authorized to bind the entity to the terms and conditions of this Agreement. If you do not agree to be bound by the terms and conditions of this Agreement, do not download, install, or use the Evaluation Materials.
build	Setup Android SDK	2026-01-20T08:12:51.3927655Z 
build	Setup Android SDK	2026-01-20T08:12:51.3927821Z 1. DEFINITIONS. These terms shall have the following meanings:
build	Setup Android SDK	2026-01-20T08:12:51.3928085Z 
build	Setup Android SDK	2026-01-20T08:12:51.3928643Z 1.1 “MIPS” shall mean MIPS Technologies, Inc., a Delaware corporation having a principal place of business at: 955 East Arques Ave., Sunnyvale, CA 94085
build	Setup Android SDK	2026-01-20T08:12:51.3929182Z 
build	Setup Android SDK	2026-01-20T08:12:51.3929728Z 1.2 “Evaluation Software” shall mean MIPS Android™ emulator system images for Android Software Development Kit (SDK), as made available to Recipient.
build	Setup Android SDK	2026-01-20T08:12:51.3930255Z 
build	Setup Android SDK	2026-01-20T08:12:51.3931381Z 1.3 “Evaluation Materials" means, collectively, the Evaluation Software (in source and/or object code form) and documentation (including, without limitation, any design documents, specifications, reference manuals, and other related materials) related to the Evaluation Software as made available to Recipient.
build	Setup Android SDK	2026-01-20T08:12:51.3932834Z 
build	Setup Android SDK	2026-01-20T08:12:51.3939272Z 1.4 “Open Source Software” means any software that requires (as a condition of use, modification and/or distribution of such software) that such software or other software incorporated into, derived from or distributed with such software (a) be disclosed or distributed in source code form; or (b) be licensed by the user to third parties for the purpose of making and/or distributing derivative works; or (c) be redistributable at no charge. Open Source Software includes, without limitation, software licensed or distributed under any of the following licenses or distribution models, or licenses or distribution models substantially similar to any of the following: (a) GNU’s General Public License (GPL) or Lesser/Library GPL (LGPL), (b) the Artistic License (e.g., PERL), (c) the Mozilla Public License, (d) the Netscape Public License, (e) the Sun Community Source License (SCSL), (f) the Sun Industry Source License (SISL), (g) the Apache Software license and (h) the Common Public License (CPL).
build	Setup Android SDK	2026-01-20T08:12:51.3945214Z 
build	Setup Android SDK	2026-01-20T08:12:51.3947160Z 1.5 “Pre-Release Materials” means “alpha” or “beta” designated pre-release features, which may not be fully functional, which MIPS may substantially modify in producing any production version of the Evaluation Materials, and/or which is still under development by MIPS and/or MIPS’ suppliers.
build	Setup Android SDK	2026-01-20T08:12:51.3948913Z 
build	Setup Android SDK	2026-01-20T08:12:51.3952227Z 2. PURPOSE. MIPS desires to make the Evaluation Materials available to Recipient solely for Recipient's internal evaluation of the Evaluation Software to evaluate the desirability of cooperating with MIPS in developing products that are compatible with the Evaluation Software and/or to advise MIPS as to possible modifications to the Evaluation Software. Recipient may not disclose, distribute, modify (except to facilitate the above-mentioned internal evaluation), or make commercial use of the Evaluation Materials or any modifications of the Evaluation Materials.
build	Setup Android SDK	2026-01-20T08:12:51.3955789Z 
build	Setup Android SDK	2026-01-20T08:12:51.3958204Z THE EVALUATION MATERIALS ARE PROVIDED FOR EVALUATION PURPOSES ONLY AND MAY NOT BE MODIFIED (EXCEPT TO FACILITATE THE INTERNAL EVALUATION) OR DISTRIBUTED BY RECIPIENT OR INCORPORATED INTO RECIPIENT’S PRODUCTS OR SOFTWARE. PLEASE CONTACT A MIPS SALES REPRESENTATIVE TO LEARN ABOUT THE AVAILABILITY AND COST OF A COMMERCIAL VERSION OF THE EVALUATION SOFTWARE.
build	Setup Android SDK	2026-01-20T08:12:51.3960355Z 
build	Setup Android SDK	2026-01-20T08:12:51.3961895Z 3. TITLE. Title to the Evaluation Materials remains with MIPS or its suppliers. Recipient shall not mortgage, pledge or encumber the Evaluation Materials in any way. Recipient shall return all Evaluation Materials, keeping no copies, upon termination or expiration of this Agreement.
build	Setup Android SDK	2026-01-20T08:12:51.3963638Z 
build	Setup Android SDK	2026-01-20T08:12:51.3968618Z 4. LICENSE. MIPS grants Recipient a royalty-free, personal, nontransferable, nonexclusive license under its copyrights to use the Evaluation Software only for the purposes described in paragraph 2 above and only for a period beginning on the Effective Date and extending to the first anniversary of the Effective Date (the “Evaluation Period”). Unless otherwise communicated in writing by MIPS to Recipient, to the extent the Evaluation Software is provided in more than one delivery or release (each, a “Release”) the license grant in this Section 4 and the Evaluation Period shall apply to each Release, in which case the Evaluation Period shall begin on the date that the Release is made generally available and continue to the first anniversary of such date. Recipient may not make modifications to the Evaluation Software. Recipient shall not disassemble, reverse-engineer, or decompile any software that is not provided to Recipient in source code form.
build	Setup Android SDK	2026-01-20T08:12:51.3972726Z 
build	Setup Android SDK	2026-01-20T08:12:51.3972742Z 
build	Setup Android SDK	2026-01-20T08:12:51.3973800Z EXCEPT AS PROVIDED HEREIN, NO OTHER LICENSE, EXPRESS OR IMPLIED, BY ESTOPPEL OR OTHERWISE, TO ANY OTHER MIPS INTELLECTUAL PROPERTY RIGHTS IS GRANTED TO THE RECIPIENT. OTHER THAN AS EXPLICITLY SET FORTH IN PARAGRAPH 2 ABOVE, NO RIGHT TO COPY, TO REPRODUCE, TO MODIFY, OR TO CREATE DERIVATIVE WORKS OF, THE EVALUATION MATERIALS IS GRANTED HEREIN.
build	Setup Android SDK	2026-01-20T08:12:51.3974926Z 
build	Setup Android SDK	2026-01-20T08:12:51.3975704Z 5. NO OBLIGATION. Recipient shall have no duty to purchase or license any product from MIPS. MIPS and its suppliers shall have no obligation to provide support for, or develop a non-evaluation version of, the Evaluation Software or to license any version of it.
build	Setup Android SDK	2026-01-20T08:12:51.3976748Z 
build	Setup Android SDK	2026-01-20T08:12:51.3980425Z 6. MODIFICATIONS. This Agreement does not obligate Recipient to provide MIPS with comments or suggestions regarding Evaluation Materials. However, should Recipient provide MIPS with comments or suggestions for the modification, correction, improvement or enhancement of (a) the Evaluation Materials or (b) MIPS products or processes which may embody the Evaluation Materials, then Recipient agrees to grant and hereby grants to MIPS a non-exclusive, irrevocable, worldwide, fully paid-up, royalty-free license, with the right to sublicense MIPS’ licensees and customers, under Recipient’s Intellectual property rights, to use and disclose such comments and suggestions in any manner MIPS chooses and to display, perform, copy, make, have made, use, sell, offer to sell, import, and otherwise dispose of MIPS’ and its sublicensee’s products embodying such comments and suggestions in any manner and via any media MIPS chooses, without reference to the source.
build	Setup Android SDK	2026-01-20T08:12:51.3983962Z 
build	Setup Android SDK	2026-01-20T08:12:51.3985621Z 7. WARRANTY DISCLAIMER. MIPS AND ITS SUPPLIERS MAKE NO WARRANTIES WITH RESPECT TO EVALUATION MATERIALS, EITHER EXPRESS OR IMPLIED, INCLUDING ANY IMPLIED WARRANTIES OF MERCHANTABILITY OR FITNESS FOR A PARTICULAR PURPOSE, OR ANY IMPLIED WARRANTY OF NONINFRINGEMENT WITH RESPECT TO THIRD PARTY INTELLECTUAL PROPERTY. RECIPIENT ACKNOWLEDGES AND AGREES THAT THE EVALUATION MATERIALS ARE PROVIDED “AS IS,” WITHOUT WARRANTY OF ANY KIND.
build	Setup Android SDK	2026-01-20T08:12:51.3987233Z 
build	Setup Android SDK	2026-01-20T08:12:51.3989039Z 8. LIMITATION OF LIABILITY. MIPS AND ITS SUPPLIERS SHALL NOT BE LIABLE FOR ANY PROPERTY DAMAGE, PERSONAL INJURY, LOSS OF PROFITS, INTERRUPTION OF BUSINESS OR FOR ANY DIRECT, INDIRECT, SPECIAL, CONSEQUENTIAL OR INCIDENTAL DAMAGES, HOWEVER CAUSED OR ALLEGED, WHETHER FOR BREACH OF WARRANTY, CONTRACT, STRICT LIABILITY OR OTHERWISE, INCLUDING WITHOUT LIMITATION, UNDER TORT OR OTHER LEGAL THEORY. MIPS AND ITS SUPPLIERS DISCLAIM ANY AND ALL LIABILITY, INCLUDING LIABILITY FOR INFRINGEMENT OF ANY INTELLECTUAL PROPERTY RIGHTS OF ANY KIND RELATING TO THE EVALUATION MATERIALS.
build	Setup Android SDK	2026-01-20T08:12:51.3990927Z 
build	Setup Android SDK	2026-01-20T08:12:51.3991605Z 9. EXPIRATION. MIPS may terminate this Agreement immediately after a breach by Recipient or otherwise at MIPS’ reasonable discretion and upon five (5) business days’ notice to Recipient.
build	Setup Android SDK	2026-01-20T08:12:51.3992573Z 
build	Setup Android SDK	2026-01-20T08:12:51.3992652Z 10. GENERAL.
build	Setup Android SDK	2026-01-20T08:12:51.3992763Z 
build	Setup Android SDK	2026-01-20T08:12:51.3995938Z 10.1 Controlling Law. This Agreement shall be governed by California law excluding its choice of law rules. With the exception of MIPS’ rights to enforce its intellectual property rights and any confidentiality obligations under this Agreement or any licenses distributed with the Evaluation Materials, all disputes and any claims arising under or relating to this Agreement shall be subject to the exclusive jurisdiction and venue of the state and federal courts located in Santa Clara County, California. Each party hereby agrees to jurisdiction and venue in the courts set forth in the preceding sentence. The parties agree that the United Nations Convention on Contracts for the International Sale of Goods is specifically excluded from application to this Agreement. The parties consent to the personal jurisdiction of the above courts.
build	Setup Android SDK	2026-01-20T08:12:51.3998689Z 
build	Setup Android SDK	2026-01-20T08:12:51.4000194Z 10.2 Remedies. Recipient acknowledges and agrees that any breach of confidentiality obligations under this Agreement or any licenses distributed with the Evaluation Materials, as well as any disclosure, commercialization, or public use of the Evaluation Materials, would cause irreparable injury to MIPS, and therefore Recipient agrees to consent to, and hereby consents to, the grant of an injunction by any court of competent jurisdiction in the event of an actual or threatened breach.
build	Setup Android SDK	2026-01-20T08:12:51.4001954Z 
build	Setup Android SDK	2026-01-20T08:12:51.4004336Z 10.3 Assignment. Recipient may not delegate, assign or transfer this Agreement, the license granted or any of Recipient’s rights, obligations, or duties hereunder, expressly, by implication, by operation of law, by way of merger (regardless of whether Recipient is the surviving entity) or acquisition, or otherwise and any attempt to do so, without MIPS’ express prior written consent, shall be ineffective, null and void. MIPS may freely assign this Agreement, and its rights and obligations hereunder, in its sole discretion.
build	Setup Android SDK	2026-01-20T08:12:51.4006097Z 
build	Setup Android SDK	2026-01-20T08:12:51.4007534Z 10.4 Entire Agreement. This Agreement constitutes the entire agreement between Recipient and MIPS and supersedes in their entirety any and all oral or written agreements previously existing between Recipient and MIPS with respect to the subject matter hereof. This Agreement may only be amended or supplemented by a writing that refers explicitly to this Agreement and that is signed or otherwise accepted by duly authorized representatives of Recipient and MIPS.
build	Setup Android SDK	2026-01-20T08:12:51.4009058Z 
build	Setup Android SDK	2026-01-20T08:12:51.4010485Z 10.5 Severability. In the event that any provision of this Agreement is finally adjudicated to be unenforceable or invalid under any applicable law, such unenforceability or invalidity shall not render this Agreement unenforceable or invalid as a whole, and, in such event, such unenforceable or invalid provision shall be interpreted so as to best accomplish the objectives of such provision within the limits of applicable law or applicable court decisions.
build	Setup Android SDK	2026-01-20T08:12:51.4012328Z 
build	Setup Android SDK	2026-01-20T08:12:51.4016935Z 10.6 Export Regulations / Export Control. Recipient shall not export, either directly or indirectly, any product, service or technical data or system incorporating the Evaluation Materials without first obtaining any required license or other necessary approval from the U.S. Department of Commerce or any other governing agency or department of the United States Government. In the event any product is exported from the United States or re-exported from a foreign destination by Recipient, Recipient shall ensure that the distribution and export/re-export or import of the product is in compliance with all applicable laws, regulations, orders, or other restrictions of the U.S. Export Administration Regulations and the appropriate foreign government. Recipient agrees that neither it nor any of its subsidiaries will export/re-export any technical data, process, product, or service, directly or indirectly, to any country for which the United States government or any agency thereof or the foreign government from where it is shipping requires an export license, or other governmental approval, without first obtaining such license or approval. Recipient also agrees to implement measures to ensure that foreign national employees are authorized to receive any information controlled by U.S. export control laws. An export is "deemed" to take place when information is released to a foreign national wherever located.
build	Setup Android SDK	2026-01-20T08:12:51.4021726Z 
build	Setup Android SDK	2026-01-20T08:12:51.4025687Z 10.7 Special Terms for Pre-Release Materials. If so indicated in the description of the Evaluation Software, the Evaluation Software may contain Pre-Release Materials. Recipient hereby understands, acknowledges and agrees that: (i) Pre-Release Materials may not be fully tested and may contain bugs or errors; (ii) Pre-Release materials are not suitable for commercial release in their current state; (iii) regulatory approvals for Pre-Release Materials (such as UL or FCC) have not been obtained, and Pre-Release Materials may therefore not be certified for use in certain countries or environments or may not be suitable for certain applications and (iv) MIPS can provide no assurance that it will ever produce or make generally available a production version of the Pre-Release Materials . MIPS is not under any obligation to develop and/or release or offer for sale or license a final product based upon the Pre-Release Materials and may unilaterally elect to abandon the Pre-Release Materials or any such development platform at any time and without any obligation or liability whatsoever to Recipient or any other person.
build	Setup Android SDK	2026-01-20T08:12:51.4029622Z 
build	Setup Android SDK	2026-01-20T08:12:51.4030276Z ANY PRE-RELEASE MATERIALS ARE NON-QUALIFIED AND, AS SUCH, ARE PROVIDED “AS IS” AND “AS AVAILABLE”, POSSIBLY WITH FAULTS, AND WITHOUT REPRESENTATION OR WARRANTY OF ANY KIND.
build	Setup Android SDK	2026-01-20T08:12:51.4030884Z 
build	Setup Android SDK	2026-01-20T08:12:51.4033122Z 10.8 Open Source Software. In the event Open Source software is included with Evaluation Software, such Open Source software is licensed pursuant to the applicable Open Source software license agreement identified in the Open Source software comments in the applicable source code file(s) and/or file header as indicated in the Evaluation Software. Additional detail may be available (where applicable) in the accompanying on-line documentation. With respect to the Open Source software, nothing in this Agreement limits any rights under, or grants rights that supersede, the terms of any applicable Open Source software license agreement.
build	Setup Android SDK	2026-01-20T08:12:51.4035324Z ---------------------------------------
build	Setup Android SDK	2026-01-20T08:12:51.4035601Z Accept? (y/N): All SDK package licenses accepted
build	Setup Android SDK	2026-01-20T08:12:51.4035805Z 
build	Setup Android SDK	2026-01-20T08:12:51.4036025Z [command]/usr/local/lib/android/sdk/cmdline-tools/16.0/bin/sdkmanager tools
build	Setup Android SDK	2026-01-20T08:12:52.0839654Z Loading package information...                                                  
build	Setup Android SDK	2026-01-20T08:12:52.1920430Z Loading local repository...                                                     
build	Setup Android SDK	2026-01-20T08:12:52.1933918Z [                                       ] 3% Loading local repository...        
build	Setup Android SDK	2026-01-20T08:12:52.2018436Z [                                       ] 3% Fetch remote repository...         
build	Setup Android SDK	2026-01-20T08:12:52.4895015Z [=                                      ] 3% Fetch remote repository...         
build	Setup Android SDK	2026-01-20T08:12:52.6265118Z [=                                      ] 4% Fetch remote repository...         
build	Setup Android SDK	2026-01-20T08:12:52.6609963Z [=                                      ] 5% Fetch remote repository...         
build	Setup Android SDK	2026-01-20T08:12:52.7124348Z [==                                     ] 5% Fetch remote repository...         
build	Setup Android SDK	2026-01-20T08:12:52.7887071Z [==                                     ] 6% Fetch remote repository...         
build	Setup Android SDK	2026-01-20T08:12:52.8848681Z [==                                     ] 7% Fetch remote repository...         
build	Setup Android SDK	2026-01-20T08:12:52.8872960Z [==                                     ] 7% Computing updates...               
build	Setup Android SDK	2026-01-20T08:12:52.8976193Z [===                                    ] 8% Computing updates...               
build	Setup Android SDK	2026-01-20T08:12:52.9179754Z [===                                    ] 10% Computing updates...              
build	Setup Android SDK	2026-01-20T08:12:53.4368900Z [===                                    ] 10% Installing Android Emulator       
build	Setup Android SDK	2026-01-20T08:12:53.5763636Z [===                                    ] 10% Downloading emulator-linux_x64-144
build	Setup Android SDK	2026-01-20T08:12:53.7675804Z [====                                   ] 10% Downloading emulator-linux_x64-144
build	Setup Android SDK	2026-01-20T08:12:53.8961458Z [====                                   ] 11% Downloading emulator-linux_x64-144
build	Setup Android SDK	2026-01-20T08:12:53.9787358Z [====                                   ] 12% Downloading emulator-linux_x64-144
build	Setup Android SDK	2026-01-20T08:12:54.0571375Z [=====                                  ] 13% Downloading emulator-linux_x64-144
build	Setup Android SDK	2026-01-20T08:12:54.1227621Z [=====                                  ] 14% Downloading emulator-linux_x64-144
build	Setup Android SDK	2026-01-20T08:12:54.1637063Z [=====                                  ] 15% Downloading emulator-linux_x64-144
build	Setup Android SDK	2026-01-20T08:12:54.1884088Z [======                                 ] 15% Downloading emulator-linux_x64-144
build	Setup Android SDK	2026-01-20T08:12:54.2603002Z [======                                 ] 16% Downloading emulator-linux_x64-144
build	Setup Android SDK	2026-01-20T08:12:54.3401689Z [======                                 ] 17% Downloading emulator-linux_x64-144
build	Setup Android SDK	2026-01-20T08:12:54.4111611Z [=======                                ] 18% Downloading emulator-linux_x64-144
build	Setup Android SDK	2026-01-20T08:12:54.4835507Z [=======                                ] 19% Downloading emulator-linux_x64-144
build	Setup Android SDK	2026-01-20T08:12:54.5156579Z [=======                                ] 20% Downloading emulator-linux_x64-144
build	Setup Android SDK	2026-01-20T08:12:54.5564628Z [========                               ] 20% Downloading emulator-linux_x64-144
build	Setup Android SDK	2026-01-20T08:12:54.6056306Z [========                               ] 21% Downloading emulator-linux_x64-144
build	Setup Android SDK	2026-01-20T08:12:54.6834399Z [========                               ] 21% Unzipping...                      
build	Setup Android SDK	2026-01-20T08:12:54.6838738Z [========                               ] 21% Unzipping... emulator/            
build	Setup Android SDK	2026-01-20T08:12:54.6839606Z [========                               ] 21% Unzipping... emulator/resources/  
build	Setup Android SDK	2026-01-20T08:12:54.7266580Z [========                               ] 21% Unzipping... emulator/qsn         
build	Setup Android SDK	2026-01-20T08:12:54.7395299Z [========                               ] 21% Unzipping... emulator/emulator    
build	Setup Android SDK	2026-01-20T08:12:54.8115671Z [========                               ] 21% Unzipping... emulator/netsimd     
build	Setup Android SDK	2026-01-20T08:12:54.8812350Z [========                               ] 22% Unzipping... emulator/netsimd     
build	Setup Android SDK	2026-01-20T08:12:54.8813111Z [========                               ] 22% Unzipping... emulator/bin64/      
build	Setup Android SDK	2026-01-20T08:12:54.8817467Z [========                               ] 22% Unzipping... emulator/android-info
build	Setup Android SDK	2026-01-20T08:12:54.8818679Z [========                               ] 22% Unzipping... emulator/qemu/       
build	Setup Android SDK	2026-01-20T08:12:54.8834957Z [========                               ] 22% Unzipping... emulator/NOTICE.txt  
build	Setup Android SDK	2026-01-20T08:12:54.9015929Z [========                               ] 22% Unzipping... emulator/crashpad_han
build	Setup Android SDK	2026-01-20T08:12:54.9018611Z [========                               ] 22% Unzipping... emulator/source.prope
build	Setup Android SDK	2026-01-20T08:12:54.9496623Z [========                               ] 22% Unzipping... emulator/nimble_bridg
build	Setup Android SDK	2026-01-20T08:12:54.9500390Z [========                               ] 22% Unzipping... emulator/LICENSE     
build	Setup Android SDK	2026-01-20T08:12:54.9501322Z [========                               ] 22% Unzipping... emulator/lib/        
build	Setup Android SDK	2026-01-20T08:12:54.9586704Z [========                               ] 22% Unzipping... emulator/qemu-img    
build	Setup Android SDK	2026-01-20T08:12:54.9587321Z [========                               ] 22% Unzipping... emulator/include/    
build	Setup Android SDK	2026-01-20T08:12:54.9591137Z [========                               ] 22% Unzipping... emulator/NOTICE.csv  
build	Setup Android SDK	2026-01-20T08:12:54.9592729Z [========                               ] 22% Unzipping... emulator/lib64/      
build	Setup Android SDK	2026-01-20T08:12:54.9760012Z [========                               ] 22% Unzipping... emulator/emulator-che
build	Setup Android SDK	2026-01-20T08:12:54.9954595Z [========                               ] 22% Unzipping... emulator/crashreport 
build	Setup Android SDK	2026-01-20T08:12:54.9958607Z [========                               ] 22% Unzipping... emulator/mksdcard    
build	Setup Android SDK	2026-01-20T08:12:55.0295879Z [========                               ] 22% Unzipping... emulator/resources/To
build	Setup Android SDK	2026-01-20T08:12:55.0297770Z [========                               ] 22% Unzipping... emulator/resources/ma
build	Setup Android SDK	2026-01-20T08:12:55.0309951Z [========                               ] 22% Unzipping... emulator/resources/po
build	Setup Android SDK	2026-01-20T08:12:55.0412253Z [========                               ] 22% Unzipping... emulator/resources/ma
build	Setup Android SDK	2026-01-20T08:12:55.0448494Z [========                               ] 22% Unzipping... emulator/bin64/e2fsck
build	Setup Android SDK	2026-01-20T08:12:55.0484713Z [========                               ] 22% Unzipping... emulator/bin64/fsck.e
build	Setup Android SDK	2026-01-20T08:12:55.0509169Z [========                               ] 22% Unzipping... emulator/bin64/tune2f
build	Setup Android SDK	2026-01-20T08:12:55.0523505Z [========                               ] 22% Unzipping... emulator/bin64/resize
build	Setup Android SDK	2026-01-20T08:12:55.0551244Z [========                               ] 22% Unzipping... emulator/bin64/mkfs.e
build	Setup Android SDK	2026-01-20T08:12:55.0940815Z [========                               ] 22% Unzipping... emulator/qemu/linux-x
build	Setup Android SDK	2026-01-20T08:12:55.4489471Z [=========                              ] 23% Unzipping... emulator/qemu/linux-x
build	Setup Android SDK	2026-01-20T08:12:55.7790781Z [=========                              ] 24% Unzipping... emulator/qemu/linux-x
build	Setup Android SDK	2026-01-20T08:12:55.9433911Z [=========                              ] 25% Unzipping... emulator/qemu/linux-x
build	Setup Android SDK	2026-01-20T08:12:56.1245198Z [==========                             ] 25% Unzipping... emulator/qemu/linux-x
build	Setup Android SDK	2026-01-20T08:12:56.1248884Z [==========                             ] 25% Unzipping... emulator/lib/emulator
build	Setup Android SDK	2026-01-20T08:12:56.1251666Z [==========                             ] 25% Unzipping... emulator/lib/rtc_serv
build	Setup Android SDK	2026-01-20T08:12:56.1255924Z [==========                             ] 25% Unzipping... emulator/lib/advanced
build	Setup Android SDK	2026-01-20T08:12:56.1256890Z [==========                             ] 25% Unzipping... emulator/lib/cmake/  
build	Setup Android SDK	2026-01-20T08:12:56.1259656Z [==========                             ] 25% Unzipping... emulator/lib/emulator
build	Setup Android SDK	2026-01-20T08:12:56.1262375Z [==========                             ] 25% Unzipping... emulator/lib/control_
build	Setup Android SDK	2026-01-20T08:12:56.1264945Z [==========                             ] 25% Unzipping... emulator/lib/emulated
build	Setup Android SDK	2026-01-20T08:12:56.1267965Z [==========                             ] 25% Unzipping... emulator/lib/rtc_serv
build	Setup Android SDK	2026-01-20T08:12:56.1271454Z [==========                             ] 25% Unzipping... emulator/lib/emu-orig
build	Setup Android SDK	2026-01-20T08:12:56.1273913Z [==========                             ] 25% Unzipping... emulator/lib/hardware
build	Setup Android SDK	2026-01-20T08:12:56.1275865Z [==========                             ] 26% Unzipping... emulator/lib/hardware
build	Setup Android SDK	2026-01-20T08:12:56.1277179Z [==========                             ] 26% Unzipping... emulator/lib/pkgconfi
build	Setup Android SDK	2026-01-20T08:12:56.1283459Z [==========                             ] 26% Unzipping... emulator/lib/pc-bios/
build	Setup Android SDK	2026-01-20T08:12:56.1284084Z [==========                             ] 26% Unzipping... emulator/lib/snapshot
build	Setup Android SDK	2026-01-20T08:12:56.1286695Z [==========                             ] 26% Unzipping... emulator/lib/adb_serv
build	Setup Android SDK	2026-01-20T08:12:56.1292659Z [==========                             ] 26% Unzipping... emulator/lib/hostapd.
build	Setup Android SDK	2026-01-20T08:12:56.1297381Z [==========                             ] 26% Unzipping... emulator/lib/grpc_end
build	Setup Android SDK	2026-01-20T08:12:56.1313506Z [==========                             ] 26% Unzipping... emulator/lib/ca-bundl
build	Setup Android SDK	2026-01-20T08:12:56.1317062Z [==========                             ] 26% Unzipping... emulator/lib/ui_contr
build	Setup Android SDK	2026-01-20T08:12:56.1320689Z [==========                             ] 26% Unzipping... emulator/lib/snapshot
build	Setup Android SDK	2026-01-20T08:12:56.1324214Z [==========                             ] 26% Unzipping... emulator/lib/ice_conf
build	Setup Android SDK	2026-01-20T08:12:56.1645713Z [==========                             ] 26% Unzipping... emulator/lib/libflatb
build	Setup Android SDK	2026-01-20T08:12:56.1653324Z [==========                             ] 26% Unzipping... emulator/lib/emulator
build	Setup Android SDK	2026-01-20T08:12:56.1657135Z [==========                             ] 26% Unzipping... emulator/lib/waterfal
build	Setup Android SDK	2026-01-20T08:12:56.1660362Z [==========                             ] 26% Unzipping... emulator/lib/emulated
build	Setup Android SDK	2026-01-20T08:12:56.1675593Z [==========                             ] 26% Unzipping... emulator/lib/cmake/fl
build	Setup Android SDK	2026-01-20T08:12:56.1677229Z [==========                             ] 26% Unzipping... emulator/lib/pkgconfi
build	Setup Android SDK	2026-01-20T08:12:56.1869823Z [==========                             ] 26% Unzipping... emulator/lib/pc-bios/
build	Setup Android SDK	2026-01-20T08:12:56.1959671Z [==========                             ] 26% Unzipping... emulator/include/flat
build	Setup Android SDK	2026-01-20T08:12:56.2030493Z [==========                             ] 26% Unzipping... emulator/lib64/libgli
build	Setup Android SDK	2026-01-20T08:12:56.2150861Z [==========                             ] 26% Unzipping... emulator/lib64/libpro
build	Setup Android SDK	2026-01-20T08:12:56.2153240Z [==========                             ] 26% Unzipping... emulator/lib64/qt/   
build	Setup Android SDK	2026-01-20T08:12:56.2541040Z [==========                             ] 26% Unzipping... emulator/lib64/liband
build	Setup Android SDK	2026-01-20T08:12:56.3243445Z [==========                             ] 26% Unzipping... emulator/lib64/libgfx
build	Setup Android SDK	2026-01-20T08:12:56.3251109Z [==========                             ] 26% Unzipping... emulator/lib64/liband
build	Setup Android SDK	2026-01-20T08:12:56.3252279Z [==========                             ] 26% Unzipping... emulator/lib64/vulkan
build	Setup Android SDK	2026-01-20T08:12:56.3253992Z [==========                             ] 26% Unzipping... emulator/lib64/gles_s
build	Setup Android SDK	2026-01-20T08:12:56.3257090Z [==========                             ] 26% Unzipping... emulator/lib64/libemu
build	Setup Android SDK	2026-01-20T08:12:56.3378853Z [==========                             ] 26% Unzipping... emulator/lib64/libpro
build	Setup Android SDK	2026-01-20T08:12:56.3379814Z [==========                             ] 26% Unzipping... emulator/lib64/gles_m
build	Setup Android SDK	2026-01-20T08:12:56.3433368Z [==========                             ] 26% Unzipping... emulator/lib64/libzst
build	Setup Android SDK	2026-01-20T08:12:56.4824920Z [==========                             ] 26% Unzipping... emulator/lib64/liband
build	Setup Android SDK	2026-01-20T08:12:56.4843245Z [==========                             ] 26% Unzipping... emulator/lib64/libtcm
build	Setup Android SDK	2026-01-20T08:12:56.4847659Z [==========                             ] 26% Unzipping... emulator/lib64/libima
build	Setup Android SDK	2026-01-20T08:12:56.4919891Z [==========                             ] 26% Unzipping... emulator/lib64/libc++
build	Setup Android SDK	2026-01-20T08:12:56.4955826Z [==========                             ] 26% Unzipping... emulator/lib64/liband
build	Setup Android SDK	2026-01-20T08:12:56.4963790Z [==========                             ] 26% Unzipping... emulator/lib64/libdrm
build	Setup Android SDK	2026-01-20T08:12:56.5178187Z [==========                             ] 26% Unzipping... emulator/lib64/liband
build	Setup Android SDK	2026-01-20T08:12:56.5223664Z [==========                             ] 26% Unzipping... emulator/lib64/libabs
build	Setup Android SDK	2026-01-20T08:12:56.5224370Z [==========                             ] 26% Unzipping... emulator/lib64/gles_a
build	Setup Android SDK	2026-01-20T08:12:56.5294779Z [==========                             ] 26% Unzipping... emulator/lib64/libsha
build	Setup Android SDK	2026-01-20T08:12:56.5298525Z [==========                             ] 26% Unzipping... emulator/lib64/libc++
build	Setup Android SDK	2026-01-20T08:12:56.5356859Z [==========                             ] 27% Unzipping... emulator/lib64/libc++
build	Setup Android SDK	2026-01-20T08:12:56.5358029Z [==========                             ] 27% Unzipping... emulator/lib64/qt/res
build	Setup Android SDK	2026-01-20T08:12:56.5359290Z [==========                             ] 27% Unzipping... emulator/lib64/qt/lib
build	Setup Android SDK	2026-01-20T08:12:56.5360121Z [==========                             ] 27% Unzipping... emulator/lib64/qt/tra
build	Setup Android SDK	2026-01-20T08:12:56.5360948Z [==========                             ] 27% Unzipping... emulator/lib64/qt/plu
build	Setup Android SDK	2026-01-20T08:12:56.6127429Z [==========                             ] 27% Unzipping... emulator/lib64/qt/res
build	Setup Android SDK	2026-01-20T08:12:56.6817145Z [==========                             ] 27% Unzipping... emulator/lib64/qt/lib
build	Setup Android SDK	2026-01-20T08:12:57.0429589Z [===========                            ] 28% Unzipping... emulator/lib64/qt/lib
build	Setup Android SDK	2026-01-20T08:12:57.4205254Z [===========                            ] 29% Unzipping... emulator/lib64/qt/lib
build	Setup Android SDK	2026-01-20T08:12:57.5847905Z [===========                            ] 30% Unzipping... emulator/lib64/qt/lib
build	Setup Android SDK	2026-01-20T08:12:57.8006507Z [============                           ] 30% Unzipping... emulator/lib64/qt/lib
build	Setup Android SDK	2026-01-20T08:12:57.8373158Z [============                           ] 31% Unzipping... emulator/lib64/qt/lib
build	Setup Android SDK	2026-01-20T08:12:57.9522318Z [============                           ] 31% Unzipping... emulator/lib64/qt/tra
build	Setup Android SDK	2026-01-20T08:12:57.9644376Z [============                           ] 31% Unzipping... emulator/lib64/qt/plu
build	Setup Android SDK	2026-01-20T08:12:58.2121804Z [============                           ] 31% Unzipping... emulator/lib64/vulkan
build	Setup Android SDK	2026-01-20T08:12:58.2942646Z [============                           ] 32% Unzipping... emulator/lib64/vulkan
build	Setup Android SDK	2026-01-20T08:12:58.3628304Z [============                           ] 32% Unzipping... emulator/lib64/gles_s
build	Setup Android SDK	2026-01-20T08:12:58.5603306Z [============                           ] 32% Unzipping... emulator/lib64/gles_m
build	Setup Android SDK	2026-01-20T08:12:58.6261411Z [============                           ] 32% Unzipping... emulator/lib64/gles_a
build	Setup Android SDK	2026-01-20T08:12:58.6895450Z [=============                          ] 33% Unzipping... emulator/lib64/gles_a
build	Setup Android SDK	2026-01-20T08:12:59.3276501Z [=====================                  ] 55% Unzipping... emulator/lib64/gles_a
build	Setup Android SDK	2026-01-20T08:12:59.5163275Z [=====================                  ] 55% Installing Android SDK Tools emula
build	Setup Android SDK	2026-01-20T08:12:59.5232598Z [=====================                  ] 55% Downloading sdk-tools-linux-433379
build	Setup Android SDK	2026-01-20T08:12:59.5379551Z [======================                 ] 55% Downloading sdk-tools-linux-433379
build	Setup Android SDK	2026-01-20T08:12:59.5734553Z [======================                 ] 56% Downloading sdk-tools-linux-433379
build	Setup Android SDK	2026-01-20T08:12:59.6076203Z [======================                 ] 57% Downloading sdk-tools-linux-433379
build	Setup Android SDK	2026-01-20T08:12:59.6431830Z [=======================                ] 58% Downloading sdk-tools-linux-433379
build	Setup Android SDK	2026-01-20T08:12:59.6741026Z [=======================                ] 59% Downloading sdk-tools-linux-433379
build	Setup Android SDK	2026-01-20T08:12:59.6928262Z [=======================                ] 60% Downloading sdk-tools-linux-433379
build	Setup Android SDK	2026-01-20T08:12:59.7084886Z [========================               ] 60% Downloading sdk-tools-linux-433379
build	Setup Android SDK	2026-01-20T08:12:59.7427333Z [========================               ] 61% Downloading sdk-tools-linux-433379
build	Setup Android SDK	2026-01-20T08:12:59.7816845Z [========================               ] 62% Downloading sdk-tools-linux-433379
build	Setup Android SDK	2026-01-20T08:12:59.8161310Z [=========================              ] 63% Downloading sdk-tools-linux-433379
build	Setup Android SDK	2026-01-20T08:12:59.8503454Z [=========================              ] 64% Downloading sdk-tools-linux-433379
build	Setup Android SDK	2026-01-20T08:12:59.8657519Z [=========================              ] 65% Downloading sdk-tools-linux-433379
build	Setup Android SDK	2026-01-20T08:12:59.8861716Z [==========================             ] 65% Downloading sdk-tools-linux-433379
build	Setup Android SDK	2026-01-20T08:12:59.9092835Z [==========================             ] 66% Downloading sdk-tools-linux-433379
build	Setup Android SDK	2026-01-20T08:12:59.9627611Z [==========================             ] 66% Unzipping... emulator/lib64/gles_a
build	Setup Android SDK	2026-01-20T08:12:59.9631595Z [==========================             ] 66% Unzipping... tools/               
build	Setup Android SDK	2026-01-20T08:12:59.9642477Z [==========================             ] 66% Unzipping... tools/proguard/      
build	Setup Android SDK	2026-01-20T08:12:59.9643510Z [==========================             ] 66% Unzipping... tools/proguard/licens
build	Setup Android SDK	2026-01-20T08:12:59.9653412Z [==========================             ] 66% Unzipping... tools/proguard/lib/  
build	Setup Android SDK	2026-01-20T08:12:59.9683621Z [==========================             ] 66% Unzipping... tools/proguard/lib/pr
build	Setup Android SDK	2026-01-20T08:12:59.9688718Z [==========================             ] 66% Unzipping... tools/proguard/lib/re
build	Setup Android SDK	2026-01-20T08:12:59.9695371Z [==========================             ] 66% Unzipping... tools/proguard/lib/pr
build	Setup Android SDK	2026-01-20T08:12:59.9697003Z [==========================             ] 66% Unzipping... tools/proguard/ant/  
build	Setup Android SDK	2026-01-20T08:12:59.9698570Z [==========================             ] 66% Unzipping... tools/proguard/ant/ta
build	Setup Android SDK	2026-01-20T08:12:59.9699453Z [==========================             ] 66% Unzipping... tools/proguard/docs/ 
build	Setup Android SDK	2026-01-20T08:12:59.9700755Z [==========================             ] 66% Unzipping... tools/proguard/docs/f
build	Setup Android SDK	2026-01-20T08:12:59.9707647Z [==========================             ] 66% Unzipping... tools/proguard/docs/s
build	Setup Android SDK	2026-01-20T08:12:59.9713477Z [==========================             ] 66% Unzipping... tools/proguard/docs/d
build	Setup Android SDK	2026-01-20T08:12:59.9716481Z [==========================             ] 66% Unzipping... tools/proguard/docs/s
build	Setup Android SDK	2026-01-20T08:12:59.9717137Z [==========================             ] 66% Unzipping... tools/proguard/docs/F
build	Setup Android SDK	2026-01-20T08:12:59.9719392Z [==========================             ] 66% Unzipping... tools/proguard/docs/s
build	Setup Android SDK	2026-01-20T08:12:59.9722431Z [==========================             ] 66% Unzipping... tools/proguard/docs/l
build	Setup Android SDK	2026-01-20T08:12:59.9725810Z [==========================             ] 66% Unzipping... tools/proguard/docs/s
build	Setup Android SDK	2026-01-20T08:12:59.9729610Z [==========================             ] 66% Unzipping... tools/proguard/docs/d
build	Setup Android SDK	2026-01-20T08:12:59.9735781Z [==========================             ] 66% Unzipping... tools/proguard/docs/s
build	Setup Android SDK	2026-01-20T08:12:59.9738934Z [==========================             ] 66% Unzipping... tools/proguard/docs/r
build	Setup Android SDK	2026-01-20T08:12:59.9740478Z [==========================             ] 66% Unzipping... tools/proguard/docs/d
build	Setup Android SDK	2026-01-20T08:12:59.9742416Z [==========================             ] 66% Unzipping... tools/proguard/docs/t
build	Setup Android SDK	2026-01-20T08:12:59.9744364Z [==========================             ] 66% Unzipping... tools/proguard/docs/f
build	Setup Android SDK	2026-01-20T08:12:59.9748178Z [==========================             ] 66% Unzipping... tools/proguard/docs/s
build	Setup Android SDK	2026-01-20T08:12:59.9750561Z [==========================             ] 66% Unzipping... tools/proguard/docs/t
build	Setup Android SDK	2026-01-20T08:12:59.9752935Z [==========================             ] 66% Unzipping... tools/proguard/docs/i
build	Setup Android SDK	2026-01-20T08:12:59.9757526Z [==========================             ] 66% Unzipping... tools/proguard/docs/s
build	Setup Android SDK	2026-01-20T08:12:59.9759936Z [==========================             ] 66% Unzipping... tools/proguard/docs/m
build	Setup Android SDK	2026-01-20T08:12:59.9761991Z [==========================             ] 66% Unzipping... tools/proguard/docs/s
build	Setup Android SDK	2026-01-20T08:12:59.9763769Z [==========================             ] 66% Unzipping... tools/proguard/docs/q
build	Setup Android SDK	2026-01-20T08:12:59.9767718Z [==========================             ] 66% Unzipping... tools/proguard/docs/G
build	Setup Android SDK	2026-01-20T08:12:59.9769296Z [==========================             ] 66% Unzipping... tools/proguard/docs/t
build	Setup Android SDK	2026-01-20T08:12:59.9780894Z [==========================             ] 66% Unzipping... tools/proguard/docs/s
build	Setup Android SDK	2026-01-20T08:12:59.9820124Z [==========================             ] 66% Unzipping... tools/proguard/docs/m
build	Setup Android SDK	2026-01-20T08:12:59.9821966Z [==========================             ] 66% Unzipping... tools/proguard/docs/s
build	Setup Android SDK	2026-01-20T08:12:59.9824012Z [==========================             ] 66% Unzipping... tools/proguard/docs/G
build	Setup Android SDK	2026-01-20T08:12:59.9827239Z [==========================             ] 66% Unzipping... tools/proguard/docs/c
build	Setup Android SDK	2026-01-20T08:12:59.9831133Z [==========================             ] 66% Unzipping... tools/proguard/docs/a
build	Setup Android SDK	2026-01-20T08:12:59.9838236Z [==========================             ] 66% Unzipping... tools/proguard/docs/s
build	Setup Android SDK	2026-01-20T08:12:59.9840414Z [==========================             ] 66% Unzipping... tools/proguard/docs/d
build	Setup Android SDK	2026-01-20T08:12:59.9902961Z [==========================             ] 66% Unzipping... tools/proguard/exampl
build	Setup Android SDK	2026-01-20T08:12:59.9903590Z [==========================             ] 66% Unzipping... tools/proguard/bin/  
build	Setup Android SDK	2026-01-20T08:12:59.9908012Z [==========================             ] 66% Unzipping... tools/proguard/bin/pr
build	Setup Android SDK	2026-01-20T08:12:59.9910294Z [==========================             ] 66% Unzipping... tools/proguard/bin/re
build	Setup Android SDK	2026-01-20T08:12:59.9912665Z [==========================             ] 66% Unzipping... tools/proguard/README
build	Setup Android SDK	2026-01-20T08:12:59.9918677Z [==========================             ] 66% Unzipping... tools/proguard/progua
build	Setup Android SDK	2026-01-20T08:12:59.9919375Z [==========================             ] 66% Unzipping... tools/lib/           
build	Setup Android SDK	2026-01-20T08:12:59.9952853Z [==========================             ] 66% Unzipping... tools/lib/bcpkix-jdk1
build	Setup Android SDK	2026-01-20T08:12:59.9959648Z [==========================             ] 66% Unzipping... tools/lib/org-eclipse
build	Setup Android SDK	2026-01-20T08:12:59.9969168Z [==========================             ] 66% Unzipping... tools/lib/manifest-me
build	Setup Android SDK	2026-01-20T08:12:59.9974561Z [==========================             ] 66% Unzipping... tools/lib/jcommander-
build	Setup Android SDK	2026-01-20T08:12:59.9986683Z [==========================             ] 66% Unzipping... tools/lib/gson-2.3.ja
build	Setup Android SDK	2026-01-20T08:12:59.9988653Z [==========================             ] 66% Unzipping... tools/lib/ddms-26.0.0
build	Setup Android SDK	2026-01-20T08:12:59.9991954Z [==========================             ] 66% Unzipping... tools/lib/asm-tree-5.
build	Setup Android SDK	2026-01-20T08:13:00.0037353Z [==========================             ] 66% Unzipping... tools/lib/uast-26.0.0
build	Setup Android SDK	2026-01-20T08:13:00.0046023Z [==========================             ] 66% Unzipping... tools/lib/dexlib2-2.2
build	Setup Android SDK	2026-01-20T08:13:00.0084749Z [==========================             ] 67% Unzipping... tools/lib/dexlib2-2.2
build	Setup Android SDK	2026-01-20T08:13:00.0087107Z [==========================             ] 67% Unzipping... tools/lib/android.el 
build	Setup Android SDK	2026-01-20T08:13:00.0092279Z [==========================             ] 67% Unzipping... tools/lib/apkanalyzer
build	Setup Android SDK	2026-01-20T08:13:00.0215898Z [==========================             ] 67% Unzipping... tools/lib/guava-22.0.
build	Setup Android SDK	2026-01-20T08:13:00.0245718Z [==========================             ] 67% Unzipping... tools/lib/lint-api-26
build	Setup Android SDK	2026-01-20T08:13:00.0254535Z [==========================             ] 67% Unzipping... tools/lib/baksmali-2.
build	Setup Android SDK	2026-01-20T08:13:00.0258117Z [==========================             ] 67% Unzipping... tools/lib/shared.jar 
build	Setup Android SDK	2026-01-20T08:13:00.0261913Z [==========================             ] 67% Unzipping... tools/lib/jsr305-1.3.
build	Setup Android SDK	2026-01-20T08:13:00.0286328Z [==========================             ] 67% Unzipping... tools/lib/httpclient-
build	Setup Android SDK	2026-01-20T08:13:00.0394936Z [==========================             ] 67% Unzipping... tools/lib/ecj-4.6.1.j
build	Setup Android SDK	2026-01-20T08:13:00.0398857Z [==========================             ] 67% Unzipping... tools/lib/jobb-26.0.0
build	Setup Android SDK	2026-01-20T08:13:00.0416966Z [==========================             ] 67% Unzipping... tools/lib/jcommon-1.0
build	Setup Android SDK	2026-01-20T08:13:00.0421351Z [==========================             ] 67% Unzipping... tools/lib/kxml2-2.3.0
build	Setup Android SDK	2026-01-20T08:13:00.0485136Z [==========================             ] 67% Unzipping... tools/lib/jfreechart-
build	Setup Android SDK	2026-01-20T08:13:00.0495299Z [==========================             ] 67% Unzipping... tools/lib/common-26.0
build	Setup Android SDK	2026-01-20T08:13:00.0549099Z [==========================             ] 67% Unzipping... tools/lib/lint-checks
build	Setup Android SDK	2026-01-20T08:13:00.0661317Z [==========================             ] 67% Unzipping... tools/lib/kotlin-refl
build	Setup Android SDK	2026-01-20T08:13:00.0666549Z [==========================             ] 67% Unzipping... tools/lib/builder-mod
build	Setup Android SDK	2026-01-20T08:13:00.0702562Z [==========================             ] 67% Unzipping... tools/lib/sdklib-26.0
build	Setup Android SDK	2026-01-20T08:13:00.0709322Z [==========================             ] 67% Unzipping... tools/lib/layoutlib-a
build	Setup Android SDK	2026-01-20T08:13:00.0711938Z [==========================             ] 67% Unzipping... tools/lib/annotations
build	Setup Android SDK	2026-01-20T08:13:00.0717910Z [==========================             ] 67% Unzipping... tools/lib/fat32lib.ja
build	Setup Android SDK	2026-01-20T08:13:00.0721665Z [==========================             ] 67% Unzipping... tools/lib/jsr305-3.0.
build	Setup Android SDK	2026-01-20T08:13:00.0773108Z [==========================             ] 67% Unzipping... tools/lib/org-eclipse
build	Setup Android SDK	2026-01-20T08:13:00.0776683Z [==========================             ] 67% Unzipping... tools/lib/error_prone
build	Setup Android SDK	2026-01-20T08:13:00.0784041Z [==========================             ] 67% Unzipping... tools/lib/org-eclipse
build	Setup Android SDK	2026-01-20T08:13:00.0786858Z [==========================             ] 67% Unzipping... tools/lib/animal-snif
build	Setup Android SDK	2026-01-20T08:13:00.0821026Z [==========================             ] 67% Unzipping... tools/lib/asset-studi
build	Setup Android SDK	2026-01-20T08:13:00.0850693Z [===========================            ] 68% Unzipping... tools/lib/asset-studi
build	Setup Android SDK	2026-01-20T08:13:00.0864450Z [===========================            ] 68% Unzipping... tools/lib/repository-
build	Setup Android SDK	2026-01-20T08:13:00.0868774Z [===========================            ] 68% Unzipping... tools/lib/dvlib-26.0.
build	Setup Android SDK	2026-01-20T08:13:00.0900790Z [===========================            ] 68% Unzipping... tools/lib/jsilver-1.0
build	Setup Android SDK	2026-01-20T08:13:00.0907677Z [===========================            ] 68% Unzipping... tools/lib/asm-5.1.jar
build	Setup Android SDK	2026-01-20T08:13:00.0910568Z [===========================            ] 68% Unzipping... tools/lib/devices.xml
build	Setup Android SDK	2026-01-20T08:13:00.0914026Z [===========================            ] 68% Unzipping... tools/lib/asm-analysi
build	Setup Android SDK	2026-01-20T08:13:00.0936620Z [===========================            ] 68% Unzipping... tools/lib/hierarchyvi
build	Setup Android SDK	2026-01-20T08:13:00.0943254Z [===========================            ] 68% Unzipping... tools/lib/monkeyrunne
build	Setup Android SDK	2026-01-20T08:13:00.0948385Z [===========================            ] 68% Unzipping... tools/lib/uiautomator
build	Setup Android SDK	2026-01-20T08:13:00.0950641Z [===========================            ] 68% Unzipping... tools/lib/archquery-2
build	Setup Android SDK	2026-01-20T08:13:00.0956087Z [===========================            ] 68% Unzipping... tools/lib/chimpchat-2
build	Setup Android SDK	2026-01-20T08:13:00.0957266Z [===========================            ] 68% Unzipping... tools/lib/explainer.j
build	Setup Android SDK	2026-01-20T08:13:00.0976443Z [===========================            ] 68% Unzipping... tools/lib/ddmlib-26.0
build	Setup Android SDK	2026-01-20T08:13:00.0979381Z [===========================            ] 68% Unzipping... tools/lib/swtmenubar-
build	Setup Android SDK	2026-01-20T08:13:00.1049602Z [===========================            ] 68% Unzipping... tools/lib/osgi-4.0.0.
build	Setup Android SDK	2026-01-20T08:13:00.1050326Z [===========================            ] 68% Unzipping... tools/lib/x86_64/    
build	Setup Android SDK	2026-01-20T08:13:00.1124054Z [===========================            ] 68% Unzipping... tools/lib/x86_64/swt.
build	Setup Android SDK	2026-01-20T08:13:00.1558395Z [===========================            ] 68% Unzipping... tools/lib/monitor-x86
build	Setup Android SDK	2026-01-20T08:13:00.2378356Z [===========================            ] 69% Unzipping... tools/lib/monitor-x86
build	Setup Android SDK	2026-01-20T08:13:00.2822638Z [===========================            ] 70% Unzipping... tools/lib/monitor-x86
build	Setup Android SDK	2026-01-20T08:13:00.3204303Z [============================           ] 70% Unzipping... tools/lib/monitor-x86
build	Setup Android SDK	2026-01-20T08:13:00.4670665Z [============================           ] 71% Unzipping... tools/lib/monitor-x86
build	Setup Android SDK	2026-01-20T08:13:00.4672831Z [============================           ] 71% Unzipping... tools/lib/httpmime-4.
build	Setup Android SDK	2026-01-20T08:13:00.4674864Z [============================           ] 71% Unzipping... tools/lib/annotations
build	Setup Android SDK	2026-01-20T08:13:00.4689013Z [============================           ] 71% Unzipping... tools/lib/lint-26.0.0
build	Setup Android SDK	2026-01-20T08:13:00.4695200Z [============================           ] 71% Unzipping... tools/lib/apkanalyzer
build	Setup Android SDK	2026-01-20T08:13:00.4701147Z [============================           ] 71% Unzipping... tools/lib/binary-reso
build	Setup Android SDK	2026-01-20T08:13:00.4706625Z [============================           ] 71% Unzipping... tools/lib/jopt-simple
build	Setup Android SDK	2026-01-20T08:13:00.4711903Z [============================           ] 71% Unzipping... tools/lib/util-2.2.1.
build	Setup Android SDK	2026-01-20T08:13:00.4729552Z [============================           ] 71% Unzipping... tools/lib/ddmuilib-26
build	Setup Android SDK	2026-01-20T08:13:00.4744665Z [============================           ] 72% Unzipping... tools/lib/ddmuilib-26
build	Setup Android SDK	2026-01-20T08:13:00.4792341Z [============================           ] 72% Unzipping... tools/lib/sdk-common-
build	Setup Android SDK	2026-01-20T08:13:00.4801687Z [============================           ] 72% Unzipping... tools/lib/traceview-2
build	Setup Android SDK	2026-01-20T08:13:00.4815038Z [============================           ] 72% Unzipping... tools/lib/httpcore-4.
build	Setup Android SDK	2026-01-20T08:13:00.4818869Z [============================           ] 72% Unzipping... tools/lib/screenshot2
build	Setup Android SDK	2026-01-20T08:13:00.4830957Z [============================           ] 72% Unzipping... tools/lib/commons-cod
build	Setup Android SDK	2026-01-20T08:13:00.4836357Z [============================           ] 72% Unzipping... tools/lib/proguard-pr
build	Setup Android SDK	2026-01-20T08:13:00.5388100Z [============================           ] 72% Unzipping... tools/lib/jython-stan
build	Setup Android SDK	2026-01-20T08:13:00.5446698Z [=============================          ] 73% Unzipping... tools/lib/jython-stan
build	Setup Android SDK	2026-01-20T08:13:00.5450348Z [=============================          ] 73% Unzipping... tools/lib/annotations
build	Setup Android SDK	2026-01-20T08:13:00.5455314Z [=============================          ] 73% Unzipping... tools/lib/commons-log
build	Setup Android SDK	2026-01-20T08:13:00.5524124Z [=============================          ] 73% Unzipping... tools/lib/protobuf-ja
build	Setup Android SDK	2026-01-20T08:13:00.5528646Z [=============================          ] 73% Unzipping... tools/lib/fakeadbserv
build	Setup Android SDK	2026-01-20T08:13:00.5679917Z [=============================          ] 73% Unzipping... tools/lib/bcprov-jdk1
build	Setup Android SDK	2026-01-20T08:13:00.5681521Z [=============================          ] 73% Unzipping... tools/lib/x86/       
build	Setup Android SDK	2026-01-20T08:13:00.5749180Z [=============================          ] 73% Unzipping... tools/lib/x86/swt.jar
build	Setup Android SDK	2026-01-20T08:13:00.5792619Z [=============================          ] 73% Unzipping... tools/lib/kotlin-stdl
build	Setup Android SDK	2026-01-20T08:13:00.5816846Z [=============================          ] 73% Unzipping... tools/lib/commons-com
build	Setup Android SDK	2026-01-20T08:13:00.5853246Z [=============================          ] 73% Unzipping... tools/lib/lombok-ast-
build	Setup Android SDK	2026-01-20T08:13:00.5883210Z [=============================          ] 73% Unzipping... tools/lib/trove4j-201
build	Setup Android SDK	2026-01-20T08:13:00.6115684Z [=============================          ] 73% Unzipping... tools/lib/intellij-co
build	Setup Android SDK	2026-01-20T08:13:00.6266854Z [=============================          ] 74% Unzipping... tools/lib/intellij-co
build	Setup Android SDK	2026-01-20T08:13:00.6280684Z [=============================          ] 74% Unzipping... tools/lib/jimfs-1.1.j
build	Setup Android SDK	2026-01-20T08:13:00.6283911Z [=============================          ] 74% Unzipping... tools/lib/j2objc-anno
build	Setup Android SDK	2026-01-20T08:13:00.6289784Z [=============================          ] 74% Unzipping... tools/lib/jfreechart-
build	Setup Android SDK	2026-01-20T08:13:00.6748076Z [=============================          ] 74% Unzipping... tools/lib/monitor-x86
build	Setup Android SDK	2026-01-20T08:13:00.7148625Z [=============================          ] 75% Unzipping... tools/lib/monitor-x86
build	Setup Android SDK	2026-01-20T08:13:00.7518384Z [==============================         ] 75% Unzipping... tools/lib/monitor-x86
build	Setup Android SDK	2026-01-20T08:13:00.8380413Z [==============================         ] 76% Unzipping... tools/lib/monitor-x86
build	Setup Android SDK	2026-01-20T08:13:00.9788926Z [==============================         ] 77% Unzipping... tools/lib/monitor-x86
build	Setup Android SDK	2026-01-20T08:13:00.9793274Z [==============================         ] 77% Unzipping... tools/lib/generator.j
build	Setup Android SDK	2026-01-20T08:13:00.9794957Z [==============================         ] 77% Unzipping... tools/source.properti
build	Setup Android SDK	2026-01-20T08:13:00.9796192Z [==============================         ] 77% Unzipping... tools/bin/           
build	Setup Android SDK	2026-01-20T08:13:00.9798630Z [==============================         ] 77% Unzipping... tools/bin/avdmanager 
build	Setup Android SDK	2026-01-20T08:13:00.9801141Z [==============================         ] 77% Unzipping... tools/bin/jobb       
build	Setup Android SDK	2026-01-20T08:13:00.9803484Z [==============================         ] 77% Unzipping... tools/bin/uiautomator
build	Setup Android SDK	2026-01-20T08:13:00.9806341Z [==============================         ] 77% Unzipping... tools/bin/apkanalyzer
build	Setup Android SDK	2026-01-20T08:13:00.9808405Z [==============================         ] 77% Unzipping... tools/bin/monkeyrunne
build	Setup Android SDK	2026-01-20T08:13:00.9811217Z [==============================         ] 77% Unzipping... tools/bin/archquery  
build	Setup Android SDK	2026-01-20T08:13:00.9813677Z [==============================         ] 77% Unzipping... tools/bin/sdkmanager 
build	Setup Android SDK	2026-01-20T08:13:00.9816049Z [==============================         ] 77% Unzipping... tools/bin/lint       
build	Setup Android SDK	2026-01-20T08:13:00.9818811Z [==============================         ] 77% Unzipping... tools/bin/screenshot2
build	Setup Android SDK	2026-01-20T08:13:00.9842633Z [==============================         ] 77% Unzipping... tools/NOTICE.txt     
build	Setup Android SDK	2026-01-20T08:13:00.9880261Z [==============================         ] 77% Unzipping... tools/emulator       
build	Setup Android SDK	2026-01-20T08:13:00.9905760Z [==============================         ] 77% Unzipping... tools/emulator-check 
build	Setup Android SDK	2026-01-20T08:13:00.9907782Z [==============================         ] 77% Unzipping... tools/monitor        
build	Setup Android SDK	2026-01-20T08:13:00.9910193Z [==============================         ] 77% Unzipping... tools/android        
build	Setup Android SDK	2026-01-20T08:13:00.9913239Z [==============================         ] 77% Unzipping... tools/mksdcard       
build	Setup Android SDK	2026-01-20T08:13:00.9914040Z [==============================         ] 77% Unzipping... tools/support/       
build	Setup Android SDK	2026-01-20T08:13:00.9919434Z [==============================         ] 77% Unzipping... tools/support/typos-d
build	Setup Android SDK	2026-01-20T08:13:00.9923090Z [==============================         ] 77% Unzipping... tools/support/typos-e
build	Setup Android SDK	2026-01-20T08:13:00.9926425Z [==============================         ] 77% Unzipping... tools/support/annotat
build	Setup Android SDK	2026-01-20T08:13:00.9933403Z [==============================         ] 77% Unzipping... tools/support/typos-e
build	Setup Android SDK	2026-01-20T08:13:00.9936773Z [==============================         ] 77% Unzipping... tools/support/typos-t
build	Setup Android SDK	2026-01-20T08:13:00.9941247Z [==============================         ] 77% Unzipping... tools/support/typos-p
build	Setup Android SDK	2026-01-20T08:13:00.9944889Z [==============================         ] 77% Unzipping... tools/support/typos-i
build	Setup Android SDK	2026-01-20T08:13:00.9947976Z [==============================         ] 77% Unzipping... tools/support/typos-n
build	Setup Android SDK	2026-01-20T08:13:00.9951357Z [==============================         ] 77% Unzipping... tools/support/typos-h
build	Setup Android SDK	2026-01-20T08:13:01.0253776Z [==============================         ] 78% Unzipping... tools/support/typos-h
build	Setup Android SDK	2026-01-20T08:13:01.0254523Z [=======================================] 100% Unzipping... tools/support/typos-
build	Setup Android SDK	2026-01-20T08:13:01.0318269Z 
build	Setup Android SDK	2026-01-20T08:13:01.0554240Z [command]/usr/local/lib/android/sdk/cmdline-tools/16.0/bin/sdkmanager platform-tools
build	Setup Android SDK	2026-01-20T08:13:01.8016072Z Loading package information...                                                  
build	Setup Android SDK	2026-01-20T08:13:01.8796496Z Loading local repository...                                                     
build	Setup Android SDK	2026-01-20T08:13:01.8799590Z [                                       ] 3% Loading local repository...        
build	Setup Android SDK	2026-01-20T08:13:01.8895573Z [                                       ] 3% Fetch remote repository...         
build	Setup Android SDK	2026-01-20T08:13:02.1736498Z [=                                      ] 3% Fetch remote repository...         
build	Setup Android SDK	2026-01-20T08:13:02.2325332Z [=                                      ] 4% Fetch remote repository...         
build	Setup Android SDK	2026-01-20T08:13:02.2619961Z [=                                      ] 5% Fetch remote repository...         
build	Setup Android SDK	2026-01-20T08:13:02.3176785Z [==                                     ] 5% Fetch remote repository...         
build	Setup Android SDK	2026-01-20T08:13:02.3871108Z [==                                     ] 6% Fetch remote repository...         
build	Setup Android SDK	2026-01-20T08:13:02.4659047Z [==                                     ] 7% Fetch remote repository...         
build	Setup Android SDK	2026-01-20T08:13:02.4684489Z [==                                     ] 7% Computing updates...               
build	Setup Android SDK	2026-01-20T08:13:02.4789585Z [===                                    ] 8% Computing updates...               
build	Setup Android SDK	2026-01-20T08:13:02.4845489Z [===                                    ] 10% Computing updates...              
build	Setup Android SDK	2026-01-20T08:13:02.4846662Z [=======================================] 100% Computing updates...             
build	Setup Android SDK	2026-01-20T08:13:02.4848924Z 
build	Setup Gradle	﻿2026-01-20T08:13:02.5324011Z ##[group]Run gradle/actions/setup-gradle@v4
build	Setup Gradle	2026-01-20T08:13:02.5324323Z with:
build	Setup Gradle	2026-01-20T08:13:02.5324508Z   gradle-version: 8.4
build	Setup Gradle	2026-01-20T08:13:02.5324712Z   cache-disabled: false
build	Setup Gradle	2026-01-20T08:13:02.5324936Z   cache-read-only: true
build	Setup Gradle	2026-01-20T08:13:02.5325132Z   cache-write-only: false
build	Setup Gradle	2026-01-20T08:13:02.5325360Z   cache-overwrite-existing: false
build	Setup Gradle	2026-01-20T08:13:02.5325596Z   cache-cleanup: on-success
build	Setup Gradle	2026-01-20T08:13:02.5325866Z   gradle-home-cache-includes: caches
build	Setup Gradle	notifications
build	Setup Gradle	
build	Setup Gradle	2026-01-20T08:13:02.5326161Z   add-job-summary: always
build	Setup Gradle	2026-01-20T08:13:02.5326396Z   add-job-summary-as-pr-comment: never
build	Setup Gradle	2026-01-20T08:13:02.5326662Z   dependency-graph: disabled
build	Setup Gradle	2026-01-20T08:13:02.5326940Z   dependency-graph-report-dir: dependency-graph-reports
build	Setup Gradle	2026-01-20T08:13:02.5327274Z   dependency-graph-continue-on-failure: true
build	Setup Gradle	2026-01-20T08:13:02.5327543Z   build-scan-publish: false
build	Setup Gradle	2026-01-20T08:13:02.5327775Z   validate-wrappers: true
build	Setup Gradle	2026-01-20T08:13:02.5328003Z   allow-snapshot-wrappers: false
build	Setup Gradle	2026-01-20T08:13:02.5328305Z   gradle-home-cache-strict-match: false
build	Setup Gradle	2026-01-20T08:13:02.5328572Z   workflow-job-context: null
build	Setup Gradle	2026-01-20T08:13:02.5328931Z   github-token: ***
build	Setup Gradle	2026-01-20T08:13:02.5329119Z env:
build	Setup Gradle	2026-01-20T08:13:02.5329586Z   JAVA_HOME: /opt/hostedtoolcache/Java_Temurin-Hotspot_jdk/17.0.17-10/x64
build	Setup Gradle	2026-01-20T08:13:02.5330051Z   JAVA_HOME_17_X64: /opt/hostedtoolcache/Java_Temurin-Hotspot_jdk/17.0.17-10/x64
build	Setup Gradle	2026-01-20T08:13:02.5330436Z   ANDROID_HOME: /usr/local/lib/android/sdk
build	Setup Gradle	2026-01-20T08:13:02.5330712Z   ANDROID_SDK_ROOT: /usr/local/lib/android/sdk
build	Setup Gradle	2026-01-20T08:13:02.5330965Z ##[endgroup]
build	Setup Gradle	2026-01-20T08:13:02.9388458Z Merged default JDK locations into /home/runner/.m2/toolchains.xml
build	Setup Gradle	2026-01-20T08:13:02.9392681Z ##[group]Restore Gradle state from cache
build	Setup Gradle	2026-01-20T08:13:03.0673008Z Gradle User Home cache not found. Will initialize empty.
build	Setup Gradle	2026-01-20T08:13:03.0673909Z ##[endgroup]
build	Setup Gradle	2026-01-20T08:13:03.0739585Z ##[group]All Gradle Wrapper jars are valid
build	Setup Gradle	2026-01-20T08:13:03.0740975Z 
build	Setup Gradle	2026-01-20T08:13:03.0741628Z ##[endgroup]
build	Setup Gradle	2026-01-20T08:13:03.1160495Z ##[group]Provision Gradle 8.4
build	Setup Gradle	2026-01-20T08:13:05.8841722Z Gradle distribution 8.4 not found in cache. Will download.
build	Setup Gradle	2026-01-20T08:13:06.8221733Z Downloaded https://services.gradle.org/distributions/gradle-8.4-bin.zip to /home/runner/work/_temp/.gradle-actions/gradle-installations/downloads/gradle-8.4-bin.zip (size 130979468)
build	Setup Gradle	2026-01-20T08:13:06.8251278Z [command]/usr/bin/unzip -o -q /home/runner/work/_temp/.gradle-actions/gradle-installations/downloads/gradle-8.4-bin.zip
build	Setup Gradle	2026-01-20T08:13:07.7962665Z Extracted Gradle 8.4 to /home/runner/work/_temp/.gradle-actions/gradle-installations/installs/gradle-8.4
build	Setup Gradle	2026-01-20T08:13:07.7965883Z Provisioned Gradle executable /home/runner/work/_temp/.gradle-actions/gradle-installations/installs/gradle-8.4/bin/gradle
build	Setup Gradle	2026-01-20T08:13:07.7968554Z ##[endgroup]
build	Build Debug APK	﻿2026-01-20T08:13:07.8124053Z ##[group]Run gradle assembleDebug --no-daemon
build	Build Debug APK	2026-01-20T08:13:07.8124544Z [36;1mgradle assembleDebug --no-daemon[0m
build	Build Debug APK	2026-01-20T08:13:07.8161259Z shell: /usr/bin/bash -e {0}
build	Build Debug APK	2026-01-20T08:13:07.8161553Z env:
build	Build Debug APK	2026-01-20T08:13:07.8161872Z   JAVA_HOME: /opt/hostedtoolcache/Java_Temurin-Hotspot_jdk/17.0.17-10/x64
build	Build Debug APK	2026-01-20T08:13:07.8162677Z   JAVA_HOME_17_X64: /opt/hostedtoolcache/Java_Temurin-Hotspot_jdk/17.0.17-10/x64
build	Build Debug APK	2026-01-20T08:13:07.8163130Z   ANDROID_HOME: /usr/local/lib/android/sdk
build	Build Debug APK	2026-01-20T08:13:07.8163445Z   ANDROID_SDK_ROOT: /usr/local/lib/android/sdk
build	Build Debug APK	2026-01-20T08:13:07.8163771Z   GRADLE_ACTION_ID: gradle/actions/setup-gradle
build	Build Debug APK	2026-01-20T08:13:07.8164085Z   GRADLE_USER_HOME: /home/runner/.gradle
build	Build Debug APK	2026-01-20T08:13:07.8164389Z   GRADLE_BUILD_ACTION_SETUP_COMPLETED: true
build	Build Debug APK	2026-01-20T08:13:07.8164686Z   GRADLE_BUILD_ACTION_CACHE_RESTORED: true
build	Build Debug APK	2026-01-20T08:13:07.8165145Z   DEVELOCITY_INJECTION_INIT_SCRIPT_NAME: gradle-actions.inject-develocity.init.gradle
build	Build Debug APK	2026-01-20T08:13:07.8165651Z   DEVELOCITY_INJECTION_CUSTOM_VALUE: gradle-actions
build	Build Debug APK	2026-01-20T08:13:07.8166045Z   GITHUB_DEPENDENCY_GRAPH_ENABLED: false
build	Build Debug APK	2026-01-20T08:13:07.8166320Z ##[endgroup]
build	Build Debug APK	2026-01-20T08:13:08.3283968Z 
build	Build Debug APK	2026-01-20T08:13:08.3295182Z Welcome to Gradle 8.4!
build	Build Debug APK	2026-01-20T08:13:08.3302791Z 
build	Build Debug APK	2026-01-20T08:13:08.3303205Z Here are the highlights of this release:
build	Build Debug APK	2026-01-20T08:13:08.3303889Z  - Compiling and testing with Java 21
build	Build Debug APK	2026-01-20T08:13:08.3304364Z  - Faster Java compilation on Windows
build	Build Debug APK	2026-01-20T08:13:08.3304737Z  - Role focused dependency configurations creation
build	Build Debug APK	2026-01-20T08:13:08.3304968Z 
build	Build Debug APK	2026-01-20T08:13:08.3305243Z For more details see https://docs.gradle.org/8.4/release-notes.html
build	Build Debug APK	2026-01-20T08:13:08.3305528Z 
build	Build Debug APK	2026-01-20T08:13:08.4273728Z To honour the JVM settings for this build a single-use Daemon process will be forked. For more on this, please refer to https://docs.gradle.org/8.4/userguide/gradle_daemon.html#sec:disabling_the_daemon in the Gradle documentation.
build	Build Debug APK	2026-01-20T08:13:09.6273201Z Daemon will be stopped at the end of the build 
build	Build Debug APK	2026-01-20T08:15:04.2333730Z > Task :app:preBuild UP-TO-DATE
build	Build Debug APK	2026-01-20T08:15:04.2334721Z > Task :app:preDebugBuild UP-TO-DATE
build	Build Debug APK	2026-01-20T08:15:04.2336996Z > Task :app:mergeDebugNativeDebugMetadata NO-SOURCE
build	Build Debug APK	2026-01-20T08:15:04.2338257Z > Task :app:checkKotlinGradlePluginConfigurationErrors
build	Build Debug APK	2026-01-20T08:15:34.2268885Z > Task :app:checkDebugAarMetadata
build	Build Debug APK	2026-01-20T08:16:39.1292982Z > Task :app:generateDebugResValues
build	Build Debug APK	2026-01-20T08:16:39.3284851Z > Task :app:mapDebugSourceSetPaths
build	Build Debug APK	2026-01-20T08:16:39.3285436Z > Task :app:generateDebugResources
build	Build Debug APK	2026-01-20T08:16:40.3268726Z > Task :app:packageDebugResources
build	Build Debug APK	2026-01-20T08:16:40.9268473Z > Task :app:mergeDebugResources
build	Build Debug APK	2026-01-20T08:16:46.2283808Z > Task :app:createDebugCompatibleScreenManifests
build	Build Debug APK	2026-01-20T08:16:46.2285079Z > Task :app:extractDeepLinksDebug
build	Build Debug APK	2026-01-20T08:16:46.3285829Z > Task :app:parseDebugLocalResources
build	Build Debug APK	2026-01-20T08:16:46.5283956Z > Task :app:processDebugMainManifest
build	Build Debug APK	2026-01-20T08:16:46.6268166Z > Task :app:processDebugManifest
build	Build Debug APK	2026-01-20T08:16:58.8269250Z > Task :app:javaPreCompileDebug
build	Build Debug APK	2026-01-20T08:16:58.8271971Z > Task :app:mergeDebugShaders
build	Build Debug APK	2026-01-20T08:16:58.9284530Z > Task :app:compileDebugShaders NO-SOURCE
build	Build Debug APK	2026-01-20T08:16:58.9285672Z > Task :app:generateDebugAssets UP-TO-DATE
build	Build Debug APK	2026-01-20T08:16:58.9312871Z > Task :app:mergeDebugAssets
build	Build Debug APK	2026-01-20T08:16:58.9313701Z > Task :app:compressDebugAssets
build	Build Debug APK	2026-01-20T08:16:58.9314509Z > Task :app:desugarDebugFileDependencies
build	Build Debug APK	2026-01-20T08:17:01.9293420Z > Task :app:mergeDebugJniLibFolders
build	Build Debug APK	2026-01-20T08:17:02.0270850Z > Task :app:checkDebugDuplicateClasses
build	Build Debug APK	2026-01-20T08:17:02.0274009Z > Task :app:mergeDebugNativeLibs NO-SOURCE
build	Build Debug APK	2026-01-20T08:17:16.6268315Z > Task :app:processDebugManifestForPackage
build	Build Debug APK	2026-01-20T08:17:32.0268301Z > Task :app:mergeExtDexDebug
build	Build Debug APK	2026-01-20T08:18:14.9270067Z > Task :app:mergeLibDexDebug
build	Build Debug APK	2026-01-20T08:18:19.1268581Z > Task :app:stripDebugDebugSymbols NO-SOURCE
build	Build Debug APK	2026-01-20T08:18:19.4268039Z > Task :app:processDebugResources
build	Build Debug APK	2026-01-20T08:18:20.0267995Z > Task :app:validateSigningDebug
build	Build Debug APK	2026-01-20T08:18:28.6269877Z > Task :app:writeDebugAppMetadata
build	Build Debug APK	2026-01-20T08:18:28.7282962Z > Task :app:writeDebugSigningConfigVersions
build	Build Debug APK	2026-01-20T08:18:33.5293450Z > Task :app:kspDebugKotlin
build	Build Debug APK	2026-01-20T08:18:41.1271642Z 
build	Build Debug APK	2026-01-20T08:18:41.1273704Z > Task :app:compileDebugKotlin FAILED
build	Build Debug APK	2026-01-20T08:18:41.1294106Z e: file:///home/runner/work/android_arm_controller/android_arm_controller/app/src/main/java/com/aizhigu/armcontroller/ui/ActionSequencerViewModel.kt:114:29 Unresolved reference: ToxParser
build	Build Debug APK	2026-01-20T08:18:41.1296881Z e: file:///home/runner/work/android_arm_controller/android_arm_controller/app/src/main/java/com/aizhigu/armcontroller/ui/ActionSequencerViewModel.kt:116:47 Overload resolution ambiguity: 
build	Build Debug APK	2026-01-20T08:18:41.1298739Z public operator fun <T> Collection<TypeVariable(T)>.plus(elements: Array<out TypeVariable(T)>): List<TypeVariable(T)> defined in kotlin.collections
build	Build Debug APK	2026-01-20T08:18:41.1299902Z public operator fun <T> Collection<TypeVariable(T)>.plus(elements: Iterable<TypeVariable(T)>): List<TypeVariable(T)> defined in kotlin.collections
build	Build Debug APK	2026-01-20T08:18:41.1301269Z public operator fun <T> Collection<TypeVariable(T)>.plus(elements: Sequence<TypeVariable(T)>): List<TypeVariable(T)> defined in kotlin.collections
build	Build Debug APK	2026-01-20T08:18:41.1302577Z public operator fun <T> Iterable<TypeVariable(T)>.plus(elements: Array<out TypeVariable(T)>): List<TypeVariable(T)> defined in kotlin.collections
build	Build Debug APK	2026-01-20T08:18:41.1303642Z public operator fun <T> Iterable<TypeVariable(T)>.plus(elements: Iterable<TypeVariable(T)>): List<TypeVariable(T)> defined in kotlin.collections
build	Build Debug APK	2026-01-20T08:18:41.1304872Z public operator fun <T> Iterable<TypeVariable(T)>.plus(elements: Sequence<TypeVariable(T)>): List<TypeVariable(T)> defined in kotlin.collections
build	Build Debug APK	2026-01-20T08:18:41.1306227Z e: file:///home/runner/work/android_arm_controller/android_arm_controller/app/src/main/java/com/aizhigu/armcontroller/ui/ActionSequencerViewModel.kt:184:30 Unresolved reference: isActive
build	Build Debug APK	2026-01-20T08:18:41.1307741Z e: file:///home/runner/work/android_arm_controller/android_arm_controller/app/src/main/java/com/aizhigu/armcontroller/ui/ActionSequencerViewModel.kt:192:54 Unresolved reference: isActive
build	Build Debug APK	2026-01-20T08:18:41.2314492Z 
build	Build Debug APK	2026-01-20T08:18:41.2315747Z gradle/actions: Writing build results to /home/runner/work/_temp/.gradle-actions/build-results/__run-1768896793647.json
build	Build Debug APK	2026-01-20T08:18:41.2334505Z FAILURE: Build failed with an exception.
build	Build Debug APK	2026-01-20T08:18:41.2335099Z 27 actionable tasks: 27 executed
build	Build Debug APK	2026-01-20T08:18:41.2335801Z 
build	Build Debug APK	2026-01-20T08:18:41.2336146Z * What went wrong:
build	Build Debug APK	2026-01-20T08:18:41.2336689Z Execution failed for task ':app:compileDebugKotlin'.
build	Build Debug APK	2026-01-20T08:18:41.2338152Z > A failure occurred while executing org.jetbrains.kotlin.compilerRunner.GradleCompilerRunnerWithWorkers$GradleKotlinCompilerWorkAction
build	Build Debug APK	2026-01-20T08:18:41.2339433Z    > Compilation error. See log for more details
build	Build Debug APK	2026-01-20T08:18:41.2339788Z 
build	Build Debug APK	2026-01-20T08:18:41.2339903Z * Try:
build	Build Debug APK	2026-01-20T08:18:41.2340391Z > Run with --stacktrace option to get the stack trace.
build	Build Debug APK	2026-01-20T08:18:41.2341120Z > Run with --info or --debug option to get more log output.
build	Build Debug APK	2026-01-20T08:18:41.2341734Z > Run with --scan to get full insights.
build	Build Debug APK	2026-01-20T08:18:41.2343715Z > Get more help at https://help.gradle.org.
build	Build Debug APK	2026-01-20T08:18:41.2344137Z 
build	Build Debug APK	2026-01-20T08:18:41.2344343Z BUILD FAILED in 5m 33s
build	Build Debug APK	2026-01-20T08:18:41.7670750Z ##[error]Process completed with exit code 1.
build	Post Setup Gradle	﻿2026-01-20T08:18:41.7788240Z Post job cleanup.
build	Post Setup Gradle	2026-01-20T08:18:42.0944978Z In post-action step
build	Post Setup Gradle	2026-01-20T08:18:42.0954799Z Cache is read-only: will not save state for use in subsequent builds.
build	Post Setup Gradle	2026-01-20T08:18:42.0961466Z Generating Job Summary
build	Post Setup Gradle	2026-01-20T08:18:42.0985046Z Completed post-action step
build	Post Set up JDK 17	﻿2026-01-20T08:18:42.1130305Z Post job cleanup.
build	Post Run actions/checkout@v4	﻿2026-01-20T08:18:42.2905878Z Post job cleanup.
build	Post Run actions/checkout@v4	2026-01-20T08:18:42.3886187Z [command]/usr/bin/git version
build	Post Run actions/checkout@v4	2026-01-20T08:18:42.3927240Z git version 2.52.0
build	Post Run actions/checkout@v4	2026-01-20T08:18:42.3971810Z Temporarily overriding HOME='/home/runner/work/_temp/52a482f3-6566-4c9a-84f2-3cf99a446494' before making global git config changes
build	Post Run actions/checkout@v4	2026-01-20T08:18:42.3973399Z Adding repository directory to the temporary git global config as a safe directory
build	Post Run actions/checkout@v4	2026-01-20T08:18:42.3986871Z [command]/usr/bin/git config --global --add safe.directory /home/runner/work/android_arm_controller/android_arm_controller
build	Post Run actions/checkout@v4	2026-01-20T08:18:42.4022999Z [command]/usr/bin/git config --local --name-only --get-regexp core\.sshCommand
build	Post Run actions/checkout@v4	2026-01-20T08:18:42.4056658Z [command]/usr/bin/git submodule foreach --recursive sh -c "git config --local --name-only --get-regexp 'core\.sshCommand' && git config --local --unset-all 'core.sshCommand' || :"
build	Post Run actions/checkout@v4	2026-01-20T08:18:42.4296552Z [command]/usr/bin/git config --local --name-only --get-regexp http\.https\:\/\/github\.com\/\.extraheader
build	Post Run actions/checkout@v4	2026-01-20T08:18:42.4318261Z http.https://github.com/.extraheader
build	Post Run actions/checkout@v4	2026-01-20T08:18:42.4330922Z [command]/usr/bin/git config --local --unset-all http.https://github.com/.extraheader
build	Post Run actions/checkout@v4	2026-01-20T08:18:42.4362910Z [command]/usr/bin/git submodule foreach --recursive sh -c "git config --local --name-only --get-regexp 'http\.https\:\/\/github\.com\/\.extraheader' && git config --local --unset-all 'http.https://github.com/.extraheader' || :"
build	Post Run actions/checkout@v4	2026-01-20T08:18:42.4586765Z [command]/usr/bin/git config --local --name-only --get-regexp ^includeIf\.gitdir:
build	Post Run actions/checkout@v4	2026-01-20T08:18:42.4619881Z [command]/usr/bin/git submodule foreach --recursive git config --local --show-origin --name-only --get-regexp remote.origin.url
build	Complete job	﻿2026-01-20T08:18:42.4951253Z Cleaning up orphan processes
build	Complete job	2026-01-20T08:18:42.5236580Z Terminate orphan process: pid (2757) (java)
